{"Site":1,"Host":0,"Run":0,"Measurement":{"Timestamp":"2026-01-10T06:05:18+00:00","System":"/proc/stat","Measurement":"cpu  257398 465 38832 56410965 35143 0 872 0 0 0\ncpu0 65230 57 8789 14101857 9436 0 283 0 0 0\ncpu1 66047 150 8694 14101964 9414 0 253 0 0 0\ncpu2 63337 164 10685 14102317 8875 0 186 0 0 0\ncpu3 62782 92 10662 14104825 7417 0 149 0 0 0\nintr 23388171 0 0 0 0 2339 0 0 0 0 0 0 0 0 0 0 0 0 0 0 0 0 0 0 0 0 0 0 0 0 0 0 0 0 0 0 0 0 0 0 0 0 0 0 0 0 0 0 0 0 0 0 0 0 0 0 0 0 0 0 0 0 0 0 0 0 0 0 0 0 0 0 0 0 0 0 0 0 0 0 0 0 0 0 0 0 0 0 0 0 0 0 0 0 0 0 0 0 0 0 0 0 0 0 0 0 0 0 0 0 0 0 0 0 0 0 0 0 0 0 0 0 0 0 0 0 0 0 0 0 0 0 0 0 0 0 0 0 0 0 0 0 0 0 0 0 0 0 0 0 0 0 0 0 0 0 0 0 0 0 0 0 0 0 0 0 0 0 0 0 0 0 0 0 0 0 0 0 0 0 0 0 0 0 0 0 0 0 0 0 0 0 0 0 0 0 0 0 0 0 0 0 0 0 0 0 0 0 0 0 0 0 0 0 0 0 0 0 0 0 0 0 0 0 0 0 0 0 0 0 0 0 0 0 0 0 0 0 0 0 0 0 0 0 0 0 0 0 0 0 0 0 0 0 0 0 0 0 0 0 0 0 0 0 0 0 0 0 0 0 0 0 0 0 0 0 0 0 0 0 0 0 0 0 0 0 0 0 0 0 0 0 0 0 0 0 0 0 0 0 0 0 0 0 0 0 0 0 0 0 0 0 0 0 0 0 0 0 0 0 0 0 0 0 0 0 0 0 0 0 0 0 0 0 0 0 0 0 0 0 0 0 0 0 0 0 0 0 0 0 0 0 0 0 0 0 0 0 0 0 0 0 0 0 0 0 0 0 0 0 0 0 0 0 0 0 0 0 0 0 0 0 0 0 0 0 0 0 0 0 0 0 0 0 0 0 0 0 0 0 0 0 0 0 0 0 0 0 0 0 0 0 0 0 0 0 0 0 0 0 0 0 0 0 0 0 0 0 0 0 0 0 0 0 0 0 0 0 0 0 0 0 0 0 0 0 0 0 0 0 0 0 0 0 0 0 0\nctxt 19380276\nbtime 1767883122\nprocesses 54058\nprocs_running 1\nprocs_blocked 0\nsoftirq 15848383 0 5713065 3 954864 11 0 1151953 6643278 120 1385089\n"}}
{"Site":1,"Host":0,"Run":0,"Measurement":{"Timestamp":"2026-01-10T06:05:18+00:00","System":"/proc/meminfo","Measurement":"MemTotal:       16327188 kB\nMemFree:        13753988 kB\nMemAvailable:   15527140 kB\nBuffers:           81800 kB\nCached:          1886224 kB\nSwapCached:            0 kB\nActive:           616312 kB\nInactive:        1552280 kB\nActive(anon):     213700 kB\nInactive(anon):        0 kB\nActive(file):     402612 kB\nInactive(file):  1552280 kB\nUnevictable:       30368 kB\nMlocked:           27296 kB\nSwapTotal:             0 kB\nSwapFree:              0 kB\nZswap:                 0 kB\nZswapped:              0 kB\nDirty:               944 kB\nWriteback:             0 kB\nAnonPages:        230164 kB\nMapped:           192044 kB\nShmem:              4400 kB\nKReclaimable:     159248 kB\nSlab:             249960 kB\nSReclaimable:     159248 kB\nSUnreclaim:        90712 kB\nKernelStack:        3748 kB\nPageTables:         4772 kB\nSecPageTables:         0 kB\nNFS_Unstable:          0 kB\nBounce:                0 kB\nWritebackTmp:          0 kB\nCommitLimit:     8163592 kB\nCommitted_AS:     981360 kB\nVmallocTotal:   34359738367 kB\nVmallocUsed:       32140 kB\nVmallocChunk:          0 kB\nPercpu:             3936 kB\nHardwareCorrupted:     0 kB\nAnonHugePages:    104448 kB\nShmemHugePages:        0 kB\nShmemPmdMapped:        0 kB\nFileHugePages:         0 kB\nFilePmdMapped:         0 kB\nUnaccepted:            0 kB\nHugePages_Total:       0\nHugePages_Free:        0\nHugePages_Rsvd:        0\nHugePages_Surp:        0\nHugepagesize:       2048 kB\nHugetlb:               0 kB\nDirectMap4k:      109736 kB\nDirectMap2M:     2983936 kB\nDirectMap1G:    15728640 kB\n"}}
{"Site":1,"Host":0,"Run":0,"Measurement":{"Timestamp":"2026-01-10T06:05:18+00:00","System":"/proc/diskstats","Measurement":"   7       0 loop0 11 0 28 0 0 0 0 0 0 0 0 0 0 0 0 0 0\n   7       1 loop1 0 0 0 0 0 0 0 0 0 0 0 0 0 0 0 0 0\n   7       2 loop2 0 0 0 0 0 0 0 0 0 0 0 0 0 0 0 0 0\n   7       3 loop3 0 0 0 0 0 0 0 0 0 0 0 0 0 0 0 0 0\n   7       4 loop4 0 0 0 0 0 0 0 0 0 0 0 0 0 0 0 0 0\n   7       5 loop5 0 0 0 0 0 0 0 0 0 0 0 0 0 0 0 0 0\n   7       6 loop6 0 0 0 0 0 0 0 0 0 0 0 0 0 0 0 0 0\n   7       7 loop7 0 0 0 0 0 0 0 0 0 0 0 0 0 0 0 0 0\n   8      16 sdb 322 0 20650 54 691 1090 1319960 7280 0 1940 7336 17 16 67104776 2 0 0\n   8      17 sdb1 263 0 18202 45 691 1090 1319960 7280 0 1973 7328 17 16 67104776 2 0 0\n   8       0 sda 15924 3541 1545019 26257 235183 98645 68031380 6734172 0 291143 6922531 8562 1830 149746840 34164 7574 127936\n   8       1 sda1 15365 2841 1511423 26124 234889 98622 68031104 6729074 0 337754 6789354 8559 1829 149734552 34154 0 0\n   8      14 sda14 127 0 1264 26 0 0 0 0 0 26 26 0 0 0 0 0 0\n   8      15 sda15 205 666 18510 52 2 0 2 0 0 38 53 0 0 0 0 0 0\n 259       0 sda16 179 34 11854 41 292 23 274 5097 0 6559 5148 3 1 12288 9 0 0\n"}}
{"Site":1,"Host":0,"Run":0,"Measurement":{"Timestamp":"2026-01-10T06:05:18+00:00","System":"/proc/net/dev","Measurement":"Inter-|   Receive                                                |  Transmit\n face |bytes    packets errs drop fifo frame compressed multicast|bytes    packets errs drop fifo colls carrier compressed\n    lo:   40951     272    0    0    0     0          0         0    40951     272    0    0    0     0       0          0\n  eth0: 420512134  713096    0    0    0     0          0         0 174352901  616323    0    0    0     0       0          0\ndocker0: 1056837   15854    0    0    0     0          0         0 197873275   23348    0    2    0     0       0          0\nvethf098dbd:  463457    5832    0    0    0     0          0         0 66076482    8380    0    0    0     0       0          0\nveth5046f66:  405703    4974    0    0    0     0          0         0 66159229    7552    0    0    0     0       0          0\nvethcbb1c2f:  409633    5048    0    0    0     0          0         0 65650696    7604    0    0    0     0       0          0\n"}}
{"Site":1,"Host":0,"Run":0,"Measurement":{"Timestamp":"2026-01-10T06:05:23+00:00","System":"/proc/stat","Measurement":"cpu  257413 465 38835 56412953 35148 0 872 0 0 0\ncpu0 65234 57 8789 14102356 9436 0 283 0 0 0\ncpu1 66051 150 8696 14102459 9416 0 253 0 0 0\ncpu2 63341 164 10685 14102816 8875 0 186 0 0 0\ncpu3 62785 92 10664 14105320 7419 0 149 0 0 0\nintr 23389836 0 0 0 0 2339 0 0 0 0 0 0 0 0 0 0 0 0 0 0 0 0 0 0 0 0 0 0 0 0 0 0 0 0 0 0 0 0 0 0 0 0 0 0 0 0 0 0 0 0 0 0 0 0 0 0 0 0 0 0 0 0 0 0 0 0 0 0 0 0 0 0 0 0 0 0 0 0 0 0 0 0 0 0 0 0 0 0 0 0 0 0 0 0 0 0 0 0 0 0 0 0 0 0 0 0 0 0 0 0 0 0 0 0 0 0 0 0 0 0 0 0 0 0 0 0 0 0 0 0 0 0 0 0 0 0 0 0 0 0 0 0 0 0 0 0 0 0 0 0 0 0 0 0 0 0 0 0 0 0 0 0 0 0 0 0 0 0 0 0 0 0 0 0 0 0 0 0 0 0 0 0 0 0 0 0 0 0 0 0 0 0 0 0 0 0 0 0 0 0 0 0 0 0 0 0 0 0 0 0 0 0 0 0 0 0 0 0 0 0 0 0 0 0 0 0 0 0 0 0 0 0 0 0 0 0 0 0 0 0 0 0 0 0 0 0 0 0 0 0 0 0 0 0 0 0 0 0 0 0 0 0 0 0 0 0 0 0 0 0 0 0 0 0 0 0 0 0 0 0 0 0 0 0 0 0 0 0 0 0 0 0 0 0 0 0 0 0 0 0 0 0 0 0 0 0 0 0 0 0 0 0 0 0 0 0 0 0 0 0 0 0 0 0 0 0 0 0 0 0 0 0 0 0 0 0 0 0 0 0 0 0 0 0 0 0 0 0 0 0 0 0 0 0 0 0 0 0 0 0 0 0 0 0 0 0 0 0 0 0 0 0 0 0 0 0 0 0 0 0 0 0 0 0 0 0 0 0 0 0 0 0 0 0 0 0 0 0 0 0 0 0 0 0 0 0 0 0 0 0 0 0 0 0 0 0 0 0 0 0 0 0 0 0 0 0 0 0 0 0 0 0 0 0 0 0 0 0 0 0 0 0 0 0 0 0 0 0 0 0 0 0 0 0 0 0 0\nctxt 19382258\nbtime 1767883122\nprocesses 54085\nprocs_running 5\nprocs_blocked 0\nsoftirq 15849735 0 5713344 3 954904 11 0 1152410 6643644 120 1385299\n"}}
{"Site":1,"Host":0,"Run":0,"Measurement":{"Timestamp":"2026-01-10T06:05:23+00:00","System":"/proc/meminfo","Measurement":"MemTotal:       16327188 kB\nMemFree:        13753988 kB\nMemAvailable:   15527300 kB\nBuffers:           81820 kB\nCached:          1886364 kB\nSwapCached:            0 kB\nActive:           617936 kB\nInactive:        1552376 kB\nActive(anon):     215260 kB\nInactive(anon):        0 kB\nActive(file):     402676 kB\nInactive(file):  1552376 kB\nUnevictable:       30368 kB\nMlocked:           27296 kB\nSwapTotal:             0 kB\nSwapFree:              0 kB\nZswap:                 0 kB\nZswapped:              0 kB\nDirty:                24 kB\nWriteback:             0 kB\nAnonPages:        231788 kB\nMapped:           192776 kB\nShmem:              4400 kB\nKReclaimable:     159248 kB\nSlab:             249940 kB\nSReclaimable:     159248 kB\nSUnreclaim:        90692 kB\nKernelStack:        3812 kB\nPageTables:         4784 kB\nSecPageTables:         0 kB\nNFS_Unstable:          0 kB\nBounce:                0 kB\nWritebackTmp:          0 kB\nCommitLimit:     8163592 kB\nCommitted_AS:     989392 kB\nVmallocTotal:   34359738367 kB\nVmallocUsed:       32204 kB\nVmallocChunk:          0 kB\nPercpu:             3936 kB\nHardwareCorrupted:     0 kB\nAnonHugePages:    108544 kB\nShmemHugePages:        0 kB\nShmemPmdMapped:        0 kB\nFileHugePages:         0 kB\nFilePmdMapped:         0 kB\nUnaccepted:            0 kB\nHugePages_Total:       0\nHugePages_Free:        0\nHugePages_Rsvd:        0\nHugePages_Surp:        0\nHugepagesize:       2048 kB\nHugetlb:               0 kB\nDirectMap4k:      109736 kB\nDirectMap2M:     2983936 kB\nDirectMap1G:    15728640 kB\n"}}
{"Site":1,"Host":0,"Run":0,"Measurement":{"Timestamp":"2026-01-10T06:05:23+00:00","System":"/proc/diskstats","Measurement":"   7       0 loop0 11 0 28 0 0 0 0 0 0 0 0 0 0 0 0 0 0\n   7       1 loop1 0 0 0 0 0 0 0 0 0 0 0 0 0 0 0 0 0\n   7       2 loop2 0 0 0 0 0 0 0 0 0 0 0 0 0 0 0 0 0\n   7       3 loop3 0 0 0 0 0 0 0 0 0 0 0 0 0 0 0 0 0\n   7       4 loop4 0 0 0 0 0 0 0 0 0 0 0 0 0 0 0 0 0\n   7       5 loop5 0 0 0 0 0 0 0 0 0 0 0 0 0 0 0 0 0\n   7       6 loop6 0 0 0 0 0 0 0 0 0 0 0 0 0 0 0 0 0\n   7       7 loop7 0 0 0 0 0 0 0 0 0 0 0 0 0 0 0 0 0\n   8      16 sdb 322 0 20650 54 691 1090 1319960 7280 0 1940 7336 17 16 67104776 2 0 0\n   8      17 sdb1 263 0 18202 45 691 1090 1319960 7280 0 1973 7328 17 16 67104776 2 0 0\n   8       0 sda 15924 3541 1545019 26257 235386 98678 68033668 6734276 0 291173 6922658 8565 1830 149746888 34171 7578 127952\n   8       1 sda1 15365 2841 1511423 26124 235092 98655 68033392 6729177 0 337784 6789464 8562 1829 149734600 34162 0 0\n   8      14 sda14 127 0 1264 26 0 0 0 0 0 26 26 0 0 0 0 0 0\n   8      15 sda15 205 666 18510 52 2 0 2 0 0 38 53 0 0 0 0 0 0\n 259       0 sda16 179 34 11854 41 292 23 274 5097 0 6559 5148 3 1 12288 9 0 0\n"}}
{"Site":1,"Host":0,"Run":0,"Measurement":{"Timestamp":"2026-01-10T06:05:23+00:00","System":"/proc/net/dev","Measurement":"Inter-|   Receive                                                |  Transmit\n face |bytes    packets errs drop fifo frame compressed multicast|bytes    packets errs drop fifo colls carrier compressed\n    lo:   40951     272    0    0    0     0          0         0    40951     272    0    0    0     0       0          0\n  eth0: 420516386  713118    0    0    0     0          0         0 174358965  616347    0    0    0     0       0          0\ndocker0: 1056837   15854    0    0    0     0          0         0 197873275   23348    0    2    0     0       0          0\nvethf098dbd:  463457    5832    0    0    0     0          0         0 66076482    8380    0    0    0     0       0          0\nveth5046f66:  405703    4974    0    0    0     0          0         0 66159229    7552    0    0    0     0       0          0\nvethcbb1c2f:  409633    5048    0    0    0     0          0         0 65650696    7604    0    0    0     0       0          0\n"}}
{"Site":1,"Host":0,"Run":0,"Measurement":{"Timestamp":"2026-01-10T06:05:29+00:00","System":"/proc/stat","Measurement":"cpu  259438 465 38837 56412953 35148 0 872 0 0 0\ncpu0 65740 57 8790 14102356 9436 0 283 0 0 0\ncpu1 66558 150 8696 14102459 9416 0 253 0 0 0\ncpu2 63847 164 10686 14102816 8875 0 186 0 0 0\ncpu3 63291 92 10665 14105320 7419 0 149 0 0 0\nintr 23410296 0 0 0 0 2339 0 0 0 0 0 0 0 0 0 0 0 0 0 0 0 0 0 0 0 0 0 0 0 0 0 0 0 0 0 0 0 0 0 0 0 0 0 0 0 0 0 0 0 0 0 0 0 0 0 0 0 0 0 0 0 0 0 0 0 0 0 0 0 0 0 0 0 0 0 0 0 0 0 0 0 0 0 0 0 0 0 0 0 0 0 0 0 0 0 0 0 0 0 0 0 0 0 0 0 0 0 0 0 0 0 0 0 0 0 0 0 0 0 0 0 0 0 0 0 0 0 0 0 0 0 0 0 0 0 0 0 0 0 0 0 0 0 0 0 0 0 0 0 0 0 0 0 0 0 0 0 0 0 0 0 0 0 0 0 0 0 0 0 0 0 0 0 0 0 0 0 0 0 0 0 0 0 0 0 0 0 0 0 0 0 0 0 0 0 0 0 0 0 0 0 0 0 0 0 0 0 0 0 0 0 0 0 0 0 0 0 0 0 0 0 0 0 0 0 0 0 0 0 0 0 0 0 0 0 0 0 0 0 0 0 0 0 0 0 0 0 0 0 0 0 0 0 0 0 0 0 0 0 0 0 0 0 0 0 0 0 0 0 0 0 0 0 0 0 0 0 0 0 0 0 0 0 0 0 0 0 0 0 0 0 0 0 0 0 0 0 0 0 0 0 0 0 0 0 0 0 0 0 0 0 0 0 0 0 0 0 0 0 0 0 0 0 0 0 0 0 0 0 0 0 0 0 0 0 0 0 0 0 0 0 0 0 0 0 0 0 0 0 0 0 0 0 0 0 0 0 0 0 0 0 0 0 0 0 0 0 0 0 0 0 0 0 0 0 0 0 0 0 0 0 0 0 0 0 0 0 0 0 0 0 0 0 0 0 0 0 0 0 0 0 0 0 0 0 0 0 0 0 0 0 0 0 0 0 0 0 0 0 0 0 0 0 0 0 0 0 0 0 0 0 0 0 0 0 0 0 0 0 0 0 0 0 0 0 0 0 0 0 0 0 0 0 0 0 0 0\nctxt 19382949\nbtime 1767883122\nprocesses 54103\nprocs_running 5\nprocs_blocked 0\nsoftirq 15850798 0 5713539 3 954938 11 0 1152415 6644123 120 1385649\n"}}
{"Site":1,"Host":0,"Run":0,"Measurement":{"Timestamp":"2026-01-10T06:05:29+00:00","System":"/proc/meminfo","Measurement":"MemTotal:       16327188 kB\nMemFree:        13753988 kB\nMemAvailable:   15527308 kB\nBuffers:           81820 kB\nCached:          1886372 kB\nSwapCached:            0 kB\nActive:           618632 kB\nInactive:        1552384 kB\nActive(anon):     215956 kB\nInactive(anon):        0 kB\nActive(file):     402676 kB\nInactive(file):  1552384 kB\nUnevictable:       30368 kB\nMlocked:           27296 kB\nSwapTotal:             0 kB\nSwapFree:              0 kB\nZswap:                 0 kB\nZswapped:              0 kB\nDirty:                32 kB\nWriteback:             0 kB\nAnonPages:        232528 kB\nMapped:           192788 kB\nShmem:              4400 kB\nKReclaimable:     159248 kB\nSlab:             249964 kB\nSReclaimable:     159248 kB\nSUnreclaim:        90716 kB\nKernelStack:        3840 kB\nPageTables:         4692 kB\nSecPageTables:         0 kB\nNFS_Unstable:          0 kB\nBounce:                0 kB\nWritebackTmp:          0 kB\nCommitLimit:     8163592 kB\nCommitted_AS:     989392 kB\nVmallocTotal:   34359738367 kB\nVmallocUsed:       32252 kB\nVmallocChunk:          0 kB\nPercpu:             3936 kB\nHardwareCorrupted:     0 kB\nAnonHugePages:    108544 kB\nShmemHugePages:        0 kB\nShmemPmdMapped:        0 kB\nFileHugePages:         0 kB\nFilePmdMapped:         0 kB\nUnaccepted:            0 kB\nHugePages_Total:       0\nHugePages_Free:        0\nHugePages_Rsvd:        0\nHugePages_Surp:        0\nHugepagesize:       2048 kB\nHugetlb:               0 kB\nDirectMap4k:      109736 kB\nDirectMap2M:     2983936 kB\nDirectMap1G:    15728640 kB\n"}}
{"Site":1,"Host":0,"Run":0,"Measurement":{"Timestamp":"2026-01-10T06:05:29+00:00","System":"/proc/diskstats","Measurement":"   7       0 loop0 11 0 28 0 0 0 0 0 0 0 0 0 0 0 0 0 0\n   7       1 loop1 0 0 0 0 0 0 0 0 0 0 0 0 0 0 0 0 0\n   7       2 loop2 0 0 0 0 0 0 0 0 0 0 0 0 0 0 0 0 0\n   7       3 loop3 0 0 0 0 0 0 0 0 0 0 0 0 0 0 0 0 0\n   7       4 loop4 0 0 0 0 0 0 0 0 0 0 0 0 0 0 0 0 0\n   7       5 loop5 0 0 0 0 0 0 0 0 0 0 0 0 0 0 0 0 0\n   7       6 loop6 0 0 0 0 0 0 0 0 0 0 0 0 0 0 0 0 0\n   7       7 loop7 0 0 0 0 0 0 0 0 0 0 0 0 0 0 0 0 0\n   8      16 sdb 322 0 20650 54 691 1090 1319960 7280 0 1940 7336 17 16 67104776 2 0 0\n   8      17 sdb1 263 0 18202 45 691 1090 1319960 7280 0 1973 7328 17 16 67104776 2 0 0\n   8       0 sda 15924 3541 1545019 26257 235387 98678 68033676 6734276 0 291173 6922658 8565 1830 149746888 34171 7578 127952\n   8       1 sda1 15365 2841 1511423 26124 235093 98655 68033400 6729178 0 337784 6789464 8562 1829 149734600 34162 0 0\n   8      14 sda14 127 0 1264 26 0 0 0 0 0 26 26 0 0 0 0 0 0\n   8      15 sda15 205 666 18510 52 2 0 2 0 0 38 53 0 0 0 0 0 0\n 259       0 sda16 179 34 11854 41 292 23 274 5097 0 6559 5148 3 1 12288 9 0 0\n"}}
{"Site":1,"Host":0,"Run":0,"Measurement":{"Timestamp":"2026-01-10T06:05:29+00:00","System":"/proc/net/dev","Measurement":"Inter-|   Receive                                                |  Transmit\n face |bytes    packets errs drop fifo frame compressed multicast|bytes    packets errs drop fifo colls carrier compressed\n    lo:   40951     272    0    0    0     0          0         0    40951     272    0    0    0     0       0          0\n  eth0: 420520242  713134    0    0    0     0          0         0 174364269  616367    0    0    0     0       0          0\ndocker0: 1056837   15854    0    0    0     0          0         0 197873275   23348    0    2    0     0       0          0\nvethf098dbd:  463457    5832    0    0    0     0          0         0 66076482    8380    0    0    0     0       0          0\nveth5046f66:  405703    4974    0    0    0     0          0         0 66159229    7552    0    0    0     0       0          0\nvethcbb1c2f:  409633    5048    0    0    0     0          0         0 65650696    7604    0    0    0     0       0          0\n"}}
{"Site":1,"Host":0,"Run":0,"Measurement":{"Timestamp":"2026-01-10T06:05:34+00:00","System":"/proc/stat","Measurement":"cpu  261278 632 38856 56412953 35148 0 872 0 0 0\ncpu0 66244 57 8792 14102356 9436 0 283 0 0 0\ncpu1 67060 150 8700 14102459 9416 0 253 0 0 0\ncpu2 64179 331 10693 14102816 8875 0 186 0 0 0\ncpu3 63793 92 10670 14105320 7419 0 149 0 0 0\nintr 23431080 0 0 0 0 2339 0 0 0 0 0 0 0 0 0 0 0 0 0 0 0 0 0 0 0 0 0 0 0 0 0 0 0 0 0 0 0 0 0 0 0 0 0 0 0 0 0 0 0 0 0 0 0 0 0 0 0 0 0 0 0 0 0 0 0 0 0 0 0 0 0 0 0 0 0 0 0 0 0 0 0 0 0 0 0 0 0 0 0 0 0 0 0 0 0 0 0 0 0 0 0 0 0 0 0 0 0 0 0 0 0 0 0 0 0 0 0 0 0 0 0 0 0 0 0 0 0 0 0 0 0 0 0 0 0 0 0 0 0 0 0 0 0 0 0 0 0 0 0 0 0 0 0 0 0 0 0 0 0 0 0 0 0 0 0 0 0 0 0 0 0 0 0 0 0 0 0 0 0 0 0 0 0 0 0 0 0 0 0 0 0 0 0 0 0 0 0 0 0 0 0 0 0 0 0 0 0 0 0 0 0 0 0 0 0 0 0 0 0 0 0 0 0 0 0 0 0 0 0 0 0 0 0 0 0 0 0 0 0 0 0 0 0 0 0 0 0 0 0 0 0 0 0 0 0 0 0 0 0 0 0 0 0 0 0 0 0 0 0 0 0 0 0 0 0 0 0 0 0 0 0 0 0 0 0 0 0 0 0 0 0 0 0 0 0 0 0 0 0 0 0 0 0 0 0 0 0 0 0 0 0 0 0 0 0 0 0 0 0 0 0 0 0 0 0 0 0 0 0 0 0 0 0 0 0 0 0 0 0 0 0 0 0 0 0 0 0 0 0 0 0 0 0 0 0 0 0 0 0 0 0 0 0 0 0 0 0 0 0 0 0 0 0 0 0 0 0 0 0 0 0 0 0 0 0 0 0 0 0 0 0 0 0 0 0 0 0 0 0 0 0 0 0 0 0 0 0 0 0 0 0 0 0 0 0 0 0 0 0 0 0 0 0 0 0 0 0 0 0 0 0 0 0 0 0 0 0 0 0 0 0 0 0 0 0 0 0 0 0 0 0 0 0 0 0 0 0\nctxt 19385885\nbtime 1767883122\nprocesses 54215\nprocs_running 6\nprocs_blocked 0\nsoftirq 15854455 0 5713909 3 955006 11 0 1152425 6644634 120 1388347\n"}}
{"Site":1,"Host":0,"Run":0,"Measurement":{"Timestamp":"2026-01-10T06:05:34+00:00","System":"/proc/meminfo","Measurement":"MemTotal:       16327188 kB\nMemFree:        13710600 kB\nMemAvailable:   15483932 kB\nBuffers:           81820 kB\nCached:          1886388 kB\nSwapCached:            0 kB\nActive:           665336 kB\nInactive:        1552392 kB\nActive(anon):     262660 kB\nInactive(anon):        0 kB\nActive(file):     402676 kB\nInactive(file):  1552392 kB\nUnevictable:       30368 kB\nMlocked:           27296 kB\nSwapTotal:             0 kB\nSwapFree:              0 kB\nZswap:                 0 kB\nZswapped:              0 kB\nDirty:               368 kB\nWriteback:             0 kB\nAnonPages:        279080 kB\nMapped:           253024 kB\nShmem:              4408 kB\nKReclaimable:     159252 kB\nSlab:             250408 kB\nSReclaimable:     159252 kB\nSUnreclaim:        91156 kB\nKernelStack:        3936 kB\nPageTables:         5336 kB\nSecPageTables:         0 kB\nNFS_Unstable:          0 kB\nBounce:                0 kB\nWritebackTmp:          0 kB\nCommitLimit:     8163592 kB\nCommitted_AS:    1126736 kB\nVmallocTotal:   34359738367 kB\nVmallocUsed:       32332 kB\nVmallocChunk:          0 kB\nPercpu:             3936 kB\nHardwareCorrupted:     0 kB\nAnonHugePages:    120832 kB\nShmemHugePages:        0 kB\nShmemPmdMapped:        0 kB\nFileHugePages:         0 kB\nFilePmdMapped:         0 kB\nUnaccepted:            0 kB\nHugePages_Total:       0\nHugePages_Free:        0\nHugePages_Rsvd:        0\nHugePages_Surp:        0\nHugepagesize:       2048 kB\nHugetlb:               0 kB\nDirectMap4k:      109736 kB\nDirectMap2M:     2983936 kB\nDirectMap1G:    15728640 kB\n"}}
{"Site":1,"Host":0,"Run":0,"Measurement":{"Timestamp":"2026-01-10T06:05:34+00:00","System":"/proc/diskstats","Measurement":"   7       0 loop0 11 0 28 0 0 0 0 0 0 0 0 0 0 0 0 0 0\n   7       1 loop1 0 0 0 0 0 0 0 0 0 0 0 0 0 0 0 0 0\n   7       2 loop2 0 0 0 0 0 0 0 0 0 0 0 0 0 0 0 0 0\n   7       3 loop3 0 0 0 0 0 0 0 0 0 0 0 0 0 0 0 0 0\n   7       4 loop4 0 0 0 0 0 0 0 0 0 0 0 0 0 0 0 0 0\n   7       5 loop5 0 0 0 0 0 0 0 0 0 0 0 0 0 0 0 0 0\n   7       6 loop6 0 0 0 0 0 0 0 0 0 0 0 0 0 0 0 0 0\n   7       7 loop7 0 0 0 0 0 0 0 0 0 0 0 0 0 0 0 0 0\n   8      16 sdb 322 0 20650 54 691 1090 1319960 7280 0 1940 7336 17 16 67104776 2 0 0\n   8      17 sdb1 263 0 18202 45 691 1090 1319960 7280 0 1973 7328 17 16 67104776 2 0 0\n   8       0 sda 15924 3541 1545019 26257 235391 98694 68033836 6734286 0 291187 6922681 8567 1830 149746904 34176 7579 127960\n   8       1 sda1 15365 2841 1511423 26124 235097 98671 68033560 6729188 0 337798 6789479 8564 1829 149734616 34166 0 0\n   8      14 sda14 127 0 1264 26 0 0 0 0 0 26 26 0 0 0 0 0 0\n   8      15 sda15 205 666 18510 52 2 0 2 0 0 38 53 0 0 0 0 0 0\n 259       0 sda16 179 34 11854 41 292 23 274 5097 0 6559 5148 3 1 12288 9 0 0\n"}}
{"Site":1,"Host":0,"Run":0,"Measurement":{"Timestamp":"2026-01-10T06:05:34+00:00","System":"/proc/net/dev","Measurement":"Inter-|   Receive                                                |  Transmit\n face |bytes    packets errs drop fifo frame compressed multicast|bytes    packets errs drop fifo colls carrier compressed\n    lo:   40951     272    0    0    0     0          0         0    40951     272    0    0    0     0       0          0\n  eth0: 420528856  713171    0    0    0     0          0         0 174373374  616410    0    0    0     0       0          0\ndocker0: 1056837   15854    0    0    0     0          0         0 197873275   23348    0    2    0     0       0          0\nvethf098dbd:  463457    5832    0    0    0     0          0         0 66076482    8380    0    0    0     0       0          0\nveth5046f66:  405703    4974    0    0    0     0          0         0 66159229    7552    0    0    0     0       0          0\nvethcbb1c2f:  409633    5048    0    0    0     0          0         0 65650696    7604    0    0    0     0       0          0\n"}}
{"Site":1,"Host":0,"Run":0,"Measurement":{"Timestamp":"2026-01-10T06:05:39+00:00","System":"/proc/stat","Measurement":"cpu  263105 766 38924 56412953 35148 0 872 0 0 0\ncpu0 66732 58 8811 14102356 9436 0 283 0 0 0\ncpu1 67405 283 8730 14102459 9416 0 253 0 0 0\ncpu2 64683 331 10696 14102816 8875 0 186 0 0 0\ncpu3 64284 92 10686 14105320 7419 0 149 0 0 0\nintr 23452801 0 0 0 0 2339 0 0 0 0 0 0 0 0 0 0 0 0 0 0 0 0 0 0 0 0 0 0 0 0 0 0 0 0 0 0 0 0 0 0 0 0 0 0 0 0 0 0 0 0 0 0 0 0 0 0 0 0 0 0 0 0 0 0 0 0 0 0 0 0 0 0 0 0 0 0 0 0 0 0 0 0 0 0 0 0 0 0 0 0 0 0 0 0 0 0 0 0 0 0 0 0 0 0 0 0 0 0 0 0 0 0 0 0 0 0 0 0 0 0 0 0 0 0 0 0 0 0 0 0 0 0 0 0 0 0 0 0 0 0 0 0 0 0 0 0 0 0 0 0 0 0 0 0 0 0 0 0 0 0 0 0 0 0 0 0 0 0 0 0 0 0 0 0 0 0 0 0 0 0 0 0 0 0 0 0 0 0 0 0 0 0 0 0 0 0 0 0 0 0 0 0 0 0 0 0 0 0 0 0 0 0 0 0 0 0 0 0 0 0 0 0 0 0 0 0 0 0 0 0 0 0 0 0 0 0 0 0 0 0 0 0 0 0 0 0 0 0 0 0 0 0 0 0 0 0 0 0 0 0 0 0 0 0 0 0 0 0 0 0 0 0 0 0 0 0 0 0 0 0 0 0 0 0 0 0 0 0 0 0 0 0 0 0 0 0 0 0 0 0 0 0 0 0 0 0 0 0 0 0 0 0 0 0 0 0 0 0 0 0 0 0 0 0 0 0 0 0 0 0 0 0 0 0 0 0 0 0 0 0 0 0 0 0 0 0 0 0 0 0 0 0 0 0 0 0 0 0 0 0 0 0 0 0 0 0 0 0 0 0 0 0 0 0 0 0 0 0 0 0 0 0 0 0 0 0 0 0 0 0 0 0 0 0 0 0 0 0 0 0 0 0 0 0 0 0 0 0 0 0 0 0 0 0 0 0 0 0 0 0 0 0 0 0 0 0 0 0 0 0 0 0 0 0 0 0 0 0 0 0 0 0 0 0 0 0 0 0 0 0 0 0 0 0 0 0 0\nctxt 19391708\nbtime 1767883122\nprocesses 54364\nprocs_running 6\nprocs_blocked 0\nsoftirq 15861948 0 5714590 3 955034 11 0 1152617 6645195 120 1394378\n"}}
{"Site":1,"Host":0,"Run":0,"Measurement":{"Timestamp":"2026-01-10T06:05:39+00:00","System":"/proc/meminfo","Measurement":"MemTotal:       16327188 kB\nMemFree:        13585680 kB\nMemAvailable:   15420560 kB\nBuffers:           81992 kB\nCached:          1946604 kB\nSwapCached:            0 kB\nActive:           682008 kB\nInactive:        1612756 kB\nActive(anon):     279324 kB\nInactive(anon):        0 kB\nActive(file):     402684 kB\nInactive(file):  1612756 kB\nUnevictable:       30368 kB\nMlocked:           27296 kB\nSwapTotal:             0 kB\nSwapFree:              0 kB\nZswap:                 0 kB\nZswapped:              0 kB\nDirty:             59920 kB\nWriteback:             0 kB\nAnonPages:        295276 kB\nMapped:           314332 kB\nShmem:              4420 kB\nKReclaimable:     161608 kB\nSlab:             253232 kB\nSReclaimable:     161608 kB\nSUnreclaim:        91624 kB\nKernelStack:        4044 kB\nPageTables:         5692 kB\nSecPageTables:         0 kB\nNFS_Unstable:          0 kB\nBounce:                0 kB\nWritebackTmp:          0 kB\nCommitLimit:     8163592 kB\nCommitted_AS:    1234064 kB\nVmallocTotal:   34359738367 kB\nVmallocUsed:       32412 kB\nVmallocChunk:          0 kB\nPercpu:             3936 kB\nHardwareCorrupted:     0 kB\nAnonHugePages:    124928 kB\nShmemHugePages:        0 kB\nShmemPmdMapped:        0 kB\nFileHugePages:         0 kB\nFilePmdMapped:         0 kB\nUnaccepted:            0 kB\nHugePages_Total:       0\nHugePages_Free:        0\nHugePages_Rsvd:        0\nHugePages_Surp:        0\nHugepagesize:       2048 kB\nHugetlb:               0 kB\nDirectMap4k:      109736 kB\nDirectMap2M:     2983936 kB\nDirectMap1G:    15728640 kB\n"}}
{"Site":1,"Host":0,"Run":0,"Measurement":{"Timestamp":"2026-01-10T06:05:39+00:00","System":"/proc/diskstats","Measurement":"   7       0 loop0 11 0 28 0 0 0 0 0 0 0 0 0 0 0 0 0 0\n   7       1 loop1 0 0 0 0 0 0 0 0 0 0 0 0 0 0 0 0 0\n   7       2 loop2 0 0 0 0 0 0 0 0 0 0 0 0 0 0 0 0 0\n   7       3 loop3 0 0 0 0 0 0 0 0 0 0 0 0 0 0 0 0 0\n   7       4 loop4 0 0 0 0 0 0 0 0 0 0 0 0 0 0 0 0 0\n   7       5 loop5 0 0 0 0 0 0 0 0 0 0 0 0 0 0 0 0 0\n   7       6 loop6 0 0 0 0 0 0 0 0 0 0 0 0 0 0 0 0 0\n   7       7 loop7 0 0 0 0 0 0 0 0 0 0 0 0 0 0 0 0 0\n   8      16 sdb 322 0 20650 54 691 1090 1319960 7280 0 1940 7336 17 16 67104776 2 0 0\n   8      17 sdb1 263 0 18202 45 691 1090 1319960 7280 0 1973 7328 17 16 67104776 2 0 0\n   8       0 sda 15930 3541 1545099 26267 235514 99062 68046004 6734483 0 291401 6923044 8584 1830 149750208 34219 7626 128074\n   8       1 sda1 15371 2841 1511503 26133 235220 99039 68045728 6729385 0 338019 6789729 8581 1829 149737920 34210 0 0\n   8      14 sda14 127 0 1264 26 0 0 0 0 0 26 26 0 0 0 0 0 0\n   8      15 sda15 205 666 18510 52 2 0 2 0 0 38 53 0 0 0 0 0 0\n 259       0 sda16 179 34 11854 41 292 23 274 5097 0 6559 5148 3 1 12288 9 0 0\n"}}
{"Site":1,"Host":0,"Run":0,"Measurement":{"Timestamp":"2026-01-10T06:05:39+00:00","System":"/proc/net/dev","Measurement":"Inter-|   Receive                                                |  Transmit\n face |bytes    packets errs drop fifo frame compressed multicast|bytes    packets errs drop fifo colls carrier compressed\n    lo:   40951     272    0    0    0     0          0         0    40951     272    0    0    0     0       0          0\n  eth0: 420532652  713186    0    0    0     0          0         0 174378612  616429    0    0    0     0       0          0\ndocker0: 1056837   15854    0    0    0     0          0         0 197873275   23348    0    2    0     0       0          0\nvethf098dbd:  463457    5832    0    0    0     0          0         0 66076482    8380    0    0    0     0       0          0\nveth5046f66:  405703    4974    0    0    0     0          0         0 66159229    7552    0    0    0     0       0          0\nvethcbb1c2f:  409633    5048    0    0    0     0          0         0 65650696    7604    0    0    0     0       0          0\n"}}
{"Site":1,"Host":0,"Run":0,"Measurement":{"Timestamp":"2026-01-10T06:05:44+00:00","System":"/proc/stat","Measurement":"cpu  265120 766 38931 56412953 35148 0 872 0 0 0\ncpu0 67236 58 8812 14102356 9436 0 283 0 0 0\ncpu1 67910 283 8731 14102459 9416 0 253 0 0 0\ncpu2 65185 331 10699 14102816 8875 0 186 0 0 0\ncpu3 64788 92 10688 14105320 7419 0 149 0 0 0\nintr 23473277 0 0 0 0 2339 0 0 0 0 0 0 0 0 0 0 0 0 0 0 0 0 0 0 0 0 0 0 0 0 0 0 0 0 0 0 0 0 0 0 0 0 0 0 0 0 0 0 0 0 0 0 0 0 0 0 0 0 0 0 0 0 0 0 0 0 0 0 0 0 0 0 0 0 0 0 0 0 0 0 0 0 0 0 0 0 0 0 0 0 0 0 0 0 0 0 0 0 0 0 0 0 0 0 0 0 0 0 0 0 0 0 0 0 0 0 0 0 0 0 0 0 0 0 0 0 0 0 0 0 0 0 0 0 0 0 0 0 0 0 0 0 0 0 0 0 0 0 0 0 0 0 0 0 0 0 0 0 0 0 0 0 0 0 0 0 0 0 0 0 0 0 0 0 0 0 0 0 0 0 0 0 0 0 0 0 0 0 0 0 0 0 0 0 0 0 0 0 0 0 0 0 0 0 0 0 0 0 0 0 0 0 0 0 0 0 0 0 0 0 0 0 0 0 0 0 0 0 0 0 0 0 0 0 0 0 0 0 0 0 0 0 0 0 0 0 0 0 0 0 0 0 0 0 0 0 0 0 0 0 0 0 0 0 0 0 0 0 0 0 0 0 0 0 0 0 0 0 0 0 0 0 0 0 0 0 0 0 0 0 0 0 0 0 0 0 0 0 0 0 0 0 0 0 0 0 0 0 0 0 0 0 0 0 0 0 0 0 0 0 0 0 0 0 0 0 0 0 0 0 0 0 0 0 0 0 0 0 0 0 0 0 0 0 0 0 0 0 0 0 0 0 0 0 0 0 0 0 0 0 0 0 0 0 0 0 0 0 0 0 0 0 0 0 0 0 0 0 0 0 0 0 0 0 0 0 0 0 0 0 0 0 0 0 0 0 0 0 0 0 0 0 0 0 0 0 0 0 0 0 0 0 0 0 0 0 0 0 0 0 0 0 0 0 0 0 0 0 0 0 0 0 0 0 0 0 0 0 0 0 0 0 0 0 0 0 0 0 0 0 0 0 0 0 0 0 0\nctxt 19393248\nbtime 1767883122\nprocesses 54404\nprocs_running 5\nprocs_blocked 0\nsoftirq 15863845 0 5714857 3 955034 11 0 1152620 6645686 120 1395514\n"}}
{"Site":1,"Host":0,"Run":0,"Measurement":{"Timestamp":"2026-01-10T06:05:44+00:00","System":"/proc/meminfo","Measurement":"MemTotal:       16327188 kB\nMemFree:        13716736 kB\nMemAvailable:   15490872 kB\nBuffers:           81992 kB\nCached:          1886684 kB\nSwapCached:            0 kB\nActive:           621976 kB\nInactive:        1552852 kB\nActive(anon):     219292 kB\nInactive(anon):        0 kB\nActive(file):     402684 kB\nInactive(file):  1552852 kB\nUnevictable:       30368 kB\nMlocked:           27296 kB\nSwapTotal:             0 kB\nSwapFree:              0 kB\nZswap:                 0 kB\nZswapped:              0 kB\nDirty:             59972 kB\nWriteback:             0 kB\nAnonPages:        235692 kB\nMapped:           195060 kB\nShmem:              4408 kB\nKReclaimable:     159928 kB\nSlab:             251312 kB\nSReclaimable:     159928 kB\nSUnreclaim:        91384 kB\nKernelStack:        3920 kB\nPageTables:         4876 kB\nSecPageTables:         0 kB\nNFS_Unstable:          0 kB\nBounce:                0 kB\nWritebackTmp:          0 kB\nCommitLimit:     8163592 kB\nCommitted_AS:    1026148 kB\nVmallocTotal:   34359738367 kB\nVmallocUsed:       32300 kB\nVmallocChunk:          0 kB\nPercpu:             3936 kB\nHardwareCorrupted:     0 kB\nAnonHugePages:    108544 kB\nShmemHugePages:        0 kB\nShmemPmdMapped:        0 kB\nFileHugePages:         0 kB\nFilePmdMapped:         0 kB\nUnaccepted:            0 kB\nHugePages_Total:       0\nHugePages_Free:        0\nHugePages_Rsvd:        0\nHugePages_Surp:        0\nHugepagesize:       2048 kB\nHugetlb:               0 kB\nDirectMap4k:      109736 kB\nDirectMap2M:     2983936 kB\nDirectMap1G:    15728640 kB\n"}}
{"Site":1,"Host":0,"Run":0,"Measurement":{"Timestamp":"2026-01-10T06:05:44+00:00","System":"/proc/diskstats","Measurement":"   7       0 loop0 11 0 28 0 0 0 0 0 0 0 0 0 0 0 0 0 0\n   7       1 loop1 0 0 0 0 0 0 0 0 0 0 0 0 0 0 0 0 0\n   7       2 loop2 0 0 0 0 0 0 0 0 0 0 0 0 0 0 0 0 0\n   7       3 loop3 0 0 0 0 0 0 0 0 0 0 0 0 0 0 0 0 0\n   7       4 loop4 0 0 0 0 0 0 0 0 0 0 0 0 0 0 0 0 0\n   7       5 loop5 0 0 0 0 0 0 0 0 0 0 0 0 0 0 0 0 0\n   7       6 loop6 0 0 0 0 0 0 0 0 0 0 0 0 0 0 0 0 0\n   7       7 loop7 0 0 0 0 0 0 0 0 0 0 0 0 0 0 0 0 0\n   8      16 sdb 322 0 20650 54 691 1090 1319960 7280 0 1940 7336 17 16 67104776 2 0 0\n   8      17 sdb1 263 0 18202 45 691 1090 1319960 7280 0 1973 7328 17 16 67104776 2 0 0\n   8       0 sda 15930 3541 1545099 26267 235514 99062 68046004 6734483 0 291401 6923044 8584 1830 149750208 34219 7626 128074\n   8       1 sda1 15371 2841 1511503 26133 235220 99039 68045728 6729385 0 338019 6789729 8581 1829 149737920 34210 0 0\n   8      14 sda14 127 0 1264 26 0 0 0 0 0 26 26 0 0 0 0 0 0\n   8      15 sda15 205 666 18510 52 2 0 2 0 0 38 53 0 0 0 0 0 0\n 259       0 sda16 179 34 11854 41 292 23 274 5097 0 6559 5148 3 1 12288 9 0 0\n"}}
{"Site":1,"Host":0,"Run":0,"Measurement":{"Timestamp":"2026-01-10T06:05:44+00:00","System":"/proc/net/dev","Measurement":"Inter-|   Receive                                                |  Transmit\n face |bytes    packets errs drop fifo frame compressed multicast|bytes    packets errs drop fifo colls carrier compressed\n    lo:   40951     272    0    0    0     0          0         0    40951     272    0    0    0     0       0          0\n  eth0: 420532652  713186    0    0    0     0          0         0 174378612  616429    0    0    0     0       0          0\ndocker0: 1056837   15854    0    0    0     0          0         0 197873275   23348    0    2    0     0       0          0\nvethf098dbd:  463457    5832    0    0    0     0          0         0 66076482    8380    0    0    0     0       0          0\nveth5046f66:  405703    4974    0    0    0     0          0         0 66159229    7552    0    0    0     0       0          0\nvethcbb1c2f:  409633    5048    0    0    0     0          0         0 65650696    7604    0    0    0     0       0          0\n"}}
{"Site":1,"Host":0,"Run":0,"Measurement":{"Timestamp":"2026-01-10T06:05:49+00:00","System":"/proc/stat","Measurement":"cpu  267140 766 38934 56412953 35148 0 873 0 0 0\ncpu0 67741 58 8813 14102356 9436 0 283 0 0 0\ncpu1 68415 283 8731 14102459 9416 0 253 0 0 0\ncpu2 65690 331 10700 14102816 8875 0 186 0 0 0\ncpu3 65292 92 10689 14105320 7419 0 149 0 0 0\nintr 23493755 0 0 0 0 2339 0 0 0 0 0 0 0 0 0 0 0 0 0 0 0 0 0 0 0 0 0 0 0 0 0 0 0 0 0 0 0 0 0 0 0 0 0 0 0 0 0 0 0 0 0 0 0 0 0 0 0 0 0 0 0 0 0 0 0 0 0 0 0 0 0 0 0 0 0 0 0 0 0 0 0 0 0 0 0 0 0 0 0 0 0 0 0 0 0 0 0 0 0 0 0 0 0 0 0 0 0 0 0 0 0 0 0 0 0 0 0 0 0 0 0 0 0 0 0 0 0 0 0 0 0 0 0 0 0 0 0 0 0 0 0 0 0 0 0 0 0 0 0 0 0 0 0 0 0 0 0 0 0 0 0 0 0 0 0 0 0 0 0 0 0 0 0 0 0 0 0 0 0 0 0 0 0 0 0 0 0 0 0 0 0 0 0 0 0 0 0 0 0 0 0 0 0 0 0 0 0 0 0 0 0 0 0 0 0 0 0 0 0 0 0 0 0 0 0 0 0 0 0 0 0 0 0 0 0 0 0 0 0 0 0 0 0 0 0 0 0 0 0 0 0 0 0 0 0 0 0 0 0 0 0 0 0 0 0 0 0 0 0 0 0 0 0 0 0 0 0 0 0 0 0 0 0 0 0 0 0 0 0 0 0 0 0 0 0 0 0 0 0 0 0 0 0 0 0 0 0 0 0 0 0 0 0 0 0 0 0 0 0 0 0 0 0 0 0 0 0 0 0 0 0 0 0 0 0 0 0 0 0 0 0 0 0 0 0 0 0 0 0 0 0 0 0 0 0 0 0 0 0 0 0 0 0 0 0 0 0 0 0 0 0 0 0 0 0 0 0 0 0 0 0 0 0 0 0 0 0 0 0 0 0 0 0 0 0 0 0 0 0 0 0 0 0 0 0 0 0 0 0 0 0 0 0 0 0 0 0 0 0 0 0 0 0 0 0 0 0 0 0 0 0 0 0 0 0 0 0 0 0 0 0 0 0 0 0 0 0 0 0 0 0 0 0 0 0 0 0\nctxt 19394170\nbtime 1767883122\nprocesses 54422\nprocs_running 5\nprocs_blocked 0\nsoftirq 15864941 0 5715069 3 955060 11 0 1152666 6646165 120 1395847\n"}}
{"Site":1,"Host":0,"Run":0,"Measurement":{"Timestamp":"2026-01-10T06:05:49+00:00","System":"/proc/meminfo","Measurement":"MemTotal:       16327188 kB\nMemFree:        13732872 kB\nMemAvailable:   15507012 kB\nBuffers:           81992 kB\nCached:          1886688 kB\nSwapCached:            0 kB\nActive:           621848 kB\nInactive:        1552856 kB\nActive(anon):     219164 kB\nInactive(anon):        0 kB\nActive(file):     402684 kB\nInactive(file):  1552856 kB\nUnevictable:       30368 kB\nMlocked:           27296 kB\nSwapTotal:             0 kB\nSwapFree:              0 kB\nZswap:                 0 kB\nZswapped:              0 kB\nDirty:             59584 kB\nWriteback:             0 kB\nAnonPages:        235436 kB\nMapped:           195060 kB\nShmem:              4408 kB\nKReclaimable:     159928 kB\nSlab:             251268 kB\nSReclaimable:     159928 kB\nSUnreclaim:        91340 kB\nKernelStack:        3904 kB\nPageTables:         4872 kB\nSecPageTables:         0 kB\nNFS_Unstable:          0 kB\nBounce:                0 kB\nWritebackTmp:          0 kB\nCommitLimit:     8163592 kB\nCommitted_AS:    1026148 kB\nVmallocTotal:   34359738367 kB\nVmallocUsed:       32300 kB\nVmallocChunk:          0 kB\nPercpu:             3936 kB\nHardwareCorrupted:     0 kB\nAnonHugePages:    104448 kB\nShmemHugePages:        0 kB\nShmemPmdMapped:        0 kB\nFileHugePages:         0 kB\nFilePmdMapped:         0 kB\nUnaccepted:            0 kB\nHugePages_Total:       0\nHugePages_Free:        0\nHugePages_Rsvd:        0\nHugePages_Surp:        0\nHugepagesize:       2048 kB\nHugetlb:               0 kB\nDirectMap4k:      109736 kB\nDirectMap2M:     2983936 kB\nDirectMap1G:    15728640 kB\n"}}
{"Site":1,"Host":0,"Run":0,"Measurement":{"Timestamp":"2026-01-10T06:05:49+00:00","System":"/proc/diskstats","Measurement":"   7       0 loop0 11 0 28 0 0 0 0 0 0 0 0 0 0 0 0 0 0\n   7       1 loop1 0 0 0 0 0 0 0 0 0 0 0 0 0 0 0 0 0\n   7       2 loop2 0 0 0 0 0 0 0 0 0 0 0 0 0 0 0 0 0\n   7       3 loop3 0 0 0 0 0 0 0 0 0 0 0 0 0 0 0 0 0\n   7       4 loop4 0 0 0 0 0 0 0 0 0 0 0 0 0 0 0 0 0\n   7       5 loop5 0 0 0 0 0 0 0 0 0 0 0 0 0 0 0 0 0\n   7       6 loop6 0 0 0 0 0 0 0 0 0 0 0 0 0 0 0 0 0\n   7       7 loop7 0 0 0 0 0 0 0 0 0 0 0 0 0 0 0 0 0\n   8      16 sdb 322 0 20650 54 691 1090 1319960 7280 0 1940 7336 17 16 67104776 2 0 0\n   8      17 sdb1 263 0 18202 45 691 1090 1319960 7280 0 1973 7328 17 16 67104776 2 0 0\n   8       0 sda 15930 3541 1545099 26267 235611 99064 68046948 6734520 0 291403 6923080 8584 1830 149750208 34219 7626 128074\n   8       1 sda1 15371 2841 1511503 26133 235317 99041 68046672 6729421 0 338021 6789765 8581 1829 149737920 34210 0 0\n   8      14 sda14 127 0 1264 26 0 0 0 0 0 26 26 0 0 0 0 0 0\n   8      15 sda15 205 666 18510 52 2 0 2 0 0 38 53 0 0 0 0 0 0\n 259       0 sda16 179 34 11854 41 292 23 274 5097 0 6559 5148 3 1 12288 9 0 0\n"}}
{"Site":1,"Host":0,"Run":0,"Measurement":{"Timestamp":"2026-01-10T06:05:49+00:00","System":"/proc/net/dev","Measurement":"Inter-|   Receive                                                |  Transmit\n face |bytes    packets errs drop fifo frame compressed multicast|bytes    packets errs drop fifo colls carrier compressed\n    lo:   40951     272    0    0    0     0          0         0    40951     272    0    0    0     0       0          0\n  eth0: 420536448  713201    0    0    0     0          0         0 174383850  616448    0    0    0     0       0          0\ndocker0: 1056837   15854    0    0    0     0          0         0 197873275   23348    0    2    0     0       0          0\nvethf098dbd:  463457    5832    0    0    0     0          0         0 66076482    8380    0    0    0     0       0          0\nveth5046f66:  405703    4974    0    0    0     0          0         0 66159229    7552    0    0    0     0       0          0\nvethcbb1c2f:  409633    5048    0    0    0     0          0         0 65650696    7604    0    0    0     0       0          0\n"}}
{"Site":1,"Host":0,"Run":0,"Measurement":{"Timestamp":"2026-01-10T06:05:54+00:00","System":"/proc/stat","Measurement":"cpu  269163 766 38936 56412953 35148 0 873 0 0 0\ncpu0 68247 58 8813 14102356 9436 0 283 0 0 0\ncpu1 68921 283 8732 14102459 9416 0 253 0 0 0\ncpu2 66196 331 10701 14102816 8875 0 186 0 0 0\ncpu3 65798 92 10689 14105320 7419 0 149 0 0 0\nintr 23514199 0 0 0 0 2339 0 0 0 0 0 0 0 0 0 0 0 0 0 0 0 0 0 0 0 0 0 0 0 0 0 0 0 0 0 0 0 0 0 0 0 0 0 0 0 0 0 0 0 0 0 0 0 0 0 0 0 0 0 0 0 0 0 0 0 0 0 0 0 0 0 0 0 0 0 0 0 0 0 0 0 0 0 0 0 0 0 0 0 0 0 0 0 0 0 0 0 0 0 0 0 0 0 0 0 0 0 0 0 0 0 0 0 0 0 0 0 0 0 0 0 0 0 0 0 0 0 0 0 0 0 0 0 0 0 0 0 0 0 0 0 0 0 0 0 0 0 0 0 0 0 0 0 0 0 0 0 0 0 0 0 0 0 0 0 0 0 0 0 0 0 0 0 0 0 0 0 0 0 0 0 0 0 0 0 0 0 0 0 0 0 0 0 0 0 0 0 0 0 0 0 0 0 0 0 0 0 0 0 0 0 0 0 0 0 0 0 0 0 0 0 0 0 0 0 0 0 0 0 0 0 0 0 0 0 0 0 0 0 0 0 0 0 0 0 0 0 0 0 0 0 0 0 0 0 0 0 0 0 0 0 0 0 0 0 0 0 0 0 0 0 0 0 0 0 0 0 0 0 0 0 0 0 0 0 0 0 0 0 0 0 0 0 0 0 0 0 0 0 0 0 0 0 0 0 0 0 0 0 0 0 0 0 0 0 0 0 0 0 0 0 0 0 0 0 0 0 0 0 0 0 0 0 0 0 0 0 0 0 0 0 0 0 0 0 0 0 0 0 0 0 0 0 0 0 0 0 0 0 0 0 0 0 0 0 0 0 0 0 0 0 0 0 0 0 0 0 0 0 0 0 0 0 0 0 0 0 0 0 0 0 0 0 0 0 0 0 0 0 0 0 0 0 0 0 0 0 0 0 0 0 0 0 0 0 0 0 0 0 0 0 0 0 0 0 0 0 0 0 0 0 0 0 0 0 0 0 0 0 0 0 0 0 0 0 0 0 0 0 0 0 0 0 0 0 0 0\nctxt 19394909\nbtime 1767883122\nprocesses 54441\nprocs_running 5\nprocs_blocked 0\nsoftirq 15866119 0 5715284 3 955095 11 0 1152671 6646644 120 1396291\n"}}
{"Site":1,"Host":0,"Run":0,"Measurement":{"Timestamp":"2026-01-10T06:05:54+00:00","System":"/proc/meminfo","Measurement":"MemTotal:       16327188 kB\nMemFree:        13732720 kB\nMemAvailable:   15506868 kB\nBuffers:           81992 kB\nCached:          1886696 kB\nSwapCached:            0 kB\nActive:           622184 kB\nInactive:        1552864 kB\nActive(anon):     219500 kB\nInactive(anon):        0 kB\nActive(file):     402684 kB\nInactive(file):  1552864 kB\nUnevictable:       30368 kB\nMlocked:           27296 kB\nSwapTotal:             0 kB\nSwapFree:              0 kB\nZswap:                 0 kB\nZswapped:              0 kB\nDirty:             59608 kB\nWriteback:             0 kB\nAnonPages:        235640 kB\nMapped:           195064 kB\nShmem:              4408 kB\nKReclaimable:     159928 kB\nSlab:             251276 kB\nSReclaimable:     159928 kB\nSUnreclaim:        91348 kB\nKernelStack:        3888 kB\nPageTables:         4876 kB\nSecPageTables:         0 kB\nNFS_Unstable:          0 kB\nBounce:                0 kB\nWritebackTmp:          0 kB\nCommitLimit:     8163592 kB\nCommitted_AS:    1026148 kB\nVmallocTotal:   34359738367 kB\nVmallocUsed:       32284 kB\nVmallocChunk:          0 kB\nPercpu:             3936 kB\nHardwareCorrupted:     0 kB\nAnonHugePages:    104448 kB\nShmemHugePages:        0 kB\nShmemPmdMapped:        0 kB\nFileHugePages:         0 kB\nFilePmdMapped:         0 kB\nUnaccepted:            0 kB\nHugePages_Total:       0\nHugePages_Free:        0\nHugePages_Rsvd:        0\nHugePages_Surp:        0\nHugepagesize:       2048 kB\nHugetlb:               0 kB\nDirectMap4k:      109736 kB\nDirectMap2M:     2983936 kB\nDirectMap1G:    15728640 kB\n"}}
{"Site":1,"Host":0,"Run":0,"Measurement":{"Timestamp":"2026-01-10T06:05:54+00:00","System":"/proc/diskstats","Measurement":"   7       0 loop0 11 0 28 0 0 0 0 0 0 0 0 0 0 0 0 0 0\n   7       1 loop1 0 0 0 0 0 0 0 0 0 0 0 0 0 0 0 0 0\n   7       2 loop2 0 0 0 0 0 0 0 0 0 0 0 0 0 0 0 0 0\n   7       3 loop3 0 0 0 0 0 0 0 0 0 0 0 0 0 0 0 0 0\n   7       4 loop4 0 0 0 0 0 0 0 0 0 0 0 0 0 0 0 0 0\n   7       5 loop5 0 0 0 0 0 0 0 0 0 0 0 0 0 0 0 0 0\n   7       6 loop6 0 0 0 0 0 0 0 0 0 0 0 0 0 0 0 0 0\n   7       7 loop7 0 0 0 0 0 0 0 0 0 0 0 0 0 0 0 0 0\n   8      16 sdb 322 0 20650 54 691 1090 1319960 7280 0 1940 7336 17 16 67104776 2 0 0\n   8      17 sdb1 263 0 18202 45 691 1090 1319960 7280 0 1973 7328 17 16 67104776 2 0 0\n   8       0 sda 15930 3541 1545099 26267 235613 99065 68047044 6734521 0 291403 6923081 8584 1830 149750208 34219 7626 128074\n   8       1 sda1 15371 2841 1511503 26133 235319 99042 68046768 6729422 0 338021 6789766 8581 1829 149737920 34210 0 0\n   8      14 sda14 127 0 1264 26 0 0 0 0 0 26 26 0 0 0 0 0 0\n   8      15 sda15 205 666 18510 52 2 0 2 0 0 38 53 0 0 0 0 0 0\n 259       0 sda16 179 34 11854 41 292 23 274 5097 0 6559 5148 3 1 12288 9 0 0\n"}}
{"Site":1,"Host":0,"Run":0,"Measurement":{"Timestamp":"2026-01-10T06:05:54+00:00","System":"/proc/net/dev","Measurement":"Inter-|   Receive                                                |  Transmit\n face |bytes    packets errs drop fifo frame compressed multicast|bytes    packets errs drop fifo colls carrier compressed\n    lo:   40951     272    0    0    0     0          0         0    40951     272    0    0    0     0       0          0\n  eth0: 420540570  713221    0    0    0     0          0         0 174389403  616471    0    0    0     0       0          0\ndocker0: 1056837   15854    0    0    0     0          0         0 197873275   23348    0    2    0     0       0          0\nvethf098dbd:  463457    5832    0    0    0     0          0         0 66076482    8380    0    0    0     0       0          0\nveth5046f66:  405703    4974    0    0    0     0          0         0 66159229    7552    0    0    0     0       0          0\nvethcbb1c2f:  409633    5048    0    0    0     0          0         0 65650696    7604    0    0    0     0       0          0\n"}}
{"Site":1,"Host":0,"Run":0,"Measurement":{"Timestamp":"2026-01-10T06:05:59+00:00","System":"/proc/stat","Measurement":"cpu  271184 766 38937 56412953 35148 0 873 0 0 0\ncpu0 68752 58 8814 14102356 9436 0 283 0 0 0\ncpu1 69426 283 8732 14102459 9416 0 253 0 0 0\ncpu2 66701 331 10701 14102816 8875 0 186 0 0 0\ncpu3 66303 92 10689 14105320 7419 0 149 0 0 0\nintr 23534606 0 0 0 0 2339 0 0 0 0 0 0 0 0 0 0 0 0 0 0 0 0 0 0 0 0 0 0 0 0 0 0 0 0 0 0 0 0 0 0 0 0 0 0 0 0 0 0 0 0 0 0 0 0 0 0 0 0 0 0 0 0 0 0 0 0 0 0 0 0 0 0 0 0 0 0 0 0 0 0 0 0 0 0 0 0 0 0 0 0 0 0 0 0 0 0 0 0 0 0 0 0 0 0 0 0 0 0 0 0 0 0 0 0 0 0 0 0 0 0 0 0 0 0 0 0 0 0 0 0 0 0 0 0 0 0 0 0 0 0 0 0 0 0 0 0 0 0 0 0 0 0 0 0 0 0 0 0 0 0 0 0 0 0 0 0 0 0 0 0 0 0 0 0 0 0 0 0 0 0 0 0 0 0 0 0 0 0 0 0 0 0 0 0 0 0 0 0 0 0 0 0 0 0 0 0 0 0 0 0 0 0 0 0 0 0 0 0 0 0 0 0 0 0 0 0 0 0 0 0 0 0 0 0 0 0 0 0 0 0 0 0 0 0 0 0 0 0 0 0 0 0 0 0 0 0 0 0 0 0 0 0 0 0 0 0 0 0 0 0 0 0 0 0 0 0 0 0 0 0 0 0 0 0 0 0 0 0 0 0 0 0 0 0 0 0 0 0 0 0 0 0 0 0 0 0 0 0 0 0 0 0 0 0 0 0 0 0 0 0 0 0 0 0 0 0 0 0 0 0 0 0 0 0 0 0 0 0 0 0 0 0 0 0 0 0 0 0 0 0 0 0 0 0 0 0 0 0 0 0 0 0 0 0 0 0 0 0 0 0 0 0 0 0 0 0 0 0 0 0 0 0 0 0 0 0 0 0 0 0 0 0 0 0 0 0 0 0 0 0 0 0 0 0 0 0 0 0 0 0 0 0 0 0 0 0 0 0 0 0 0 0 0 0 0 0 0 0 0 0 0 0 0 0 0 0 0 0 0 0 0 0 0 0 0 0 0 0 0 0 0 0 0 0 0 0 0\nctxt 19395632\nbtime 1767883122\nprocesses 54459\nprocs_running 5\nprocs_blocked 0\nsoftirq 15867137 0 5715490 3 955119 11 0 1152677 6647122 120 1396595\n"}}
{"Site":1,"Host":0,"Run":0,"Measurement":{"Timestamp":"2026-01-10T06:05:59+00:00","System":"/proc/meminfo","Measurement":"MemTotal:       16327188 kB\nMemFree:        13733224 kB\nMemAvailable:   15507376 kB\nBuffers:           81992 kB\nCached:          1886700 kB\nSwapCached:            0 kB\nActive:           621888 kB\nInactive:        1552868 kB\nActive(anon):     219204 kB\nInactive(anon):        0 kB\nActive(file):     402684 kB\nInactive(file):  1552868 kB\nUnevictable:       30368 kB\nMlocked:           27296 kB\nSwapTotal:             0 kB\nSwapFree:              0 kB\nZswap:                 0 kB\nZswapped:              0 kB\nDirty:             59612 kB\nWriteback:             0 kB\nAnonPages:        235444 kB\nMapped:           195064 kB\nShmem:              4408 kB\nKReclaimable:     159928 kB\nSlab:             251208 kB\nSReclaimable:     159928 kB\nSUnreclaim:        91280 kB\nKernelStack:        3888 kB\nPageTables:         4872 kB\nSecPageTables:         0 kB\nNFS_Unstable:          0 kB\nBounce:                0 kB\nWritebackTmp:          0 kB\nCommitLimit:     8163592 kB\nCommitted_AS:    1026148 kB\nVmallocTotal:   34359738367 kB\nVmallocUsed:       32252 kB\nVmallocChunk:          0 kB\nPercpu:             3936 kB\nHardwareCorrupted:     0 kB\nAnonHugePages:    104448 kB\nShmemHugePages:        0 kB\nShmemPmdMapped:        0 kB\nFileHugePages:         0 kB\nFilePmdMapped:         0 kB\nUnaccepted:            0 kB\nHugePages_Total:       0\nHugePages_Free:        0\nHugePages_Rsvd:        0\nHugePages_Surp:        0\nHugepagesize:       2048 kB\nHugetlb:               0 kB\nDirectMap4k:      109736 kB\nDirectMap2M:     2983936 kB\nDirectMap1G:    15728640 kB\n"}}
{"Site":1,"Host":0,"Run":0,"Measurement":{"Timestamp":"2026-01-10T06:05:59+00:00","System":"/proc/diskstats","Measurement":"   7       0 loop0 11 0 28 0 0 0 0 0 0 0 0 0 0 0 0 0 0\n   7       1 loop1 0 0 0 0 0 0 0 0 0 0 0 0 0 0 0 0 0\n   7       2 loop2 0 0 0 0 0 0 0 0 0 0 0 0 0 0 0 0 0\n   7       3 loop3 0 0 0 0 0 0 0 0 0 0 0 0 0 0 0 0 0\n   7       4 loop4 0 0 0 0 0 0 0 0 0 0 0 0 0 0 0 0 0\n   7       5 loop5 0 0 0 0 0 0 0 0 0 0 0 0 0 0 0 0 0\n   7       6 loop6 0 0 0 0 0 0 0 0 0 0 0 0 0 0 0 0 0\n   7       7 loop7 0 0 0 0 0 0 0 0 0 0 0 0 0 0 0 0 0\n   8      16 sdb 322 0 20650 54 691 1090 1319960 7280 0 1940 7336 17 16 67104776 2 0 0\n   8      17 sdb1 263 0 18202 45 691 1090 1319960 7280 0 1973 7328 17 16 67104776 2 0 0\n   8       0 sda 15930 3541 1545099 26267 235615 99065 68047060 6734521 0 291403 6923082 8584 1830 149750208 34219 7626 128074\n   8       1 sda1 15371 2841 1511503 26133 235321 99042 68046784 6729423 0 338021 6789767 8581 1829 149737920 34210 0 0\n   8      14 sda14 127 0 1264 26 0 0 0 0 0 26 26 0 0 0 0 0 0\n   8      15 sda15 205 666 18510 52 2 0 2 0 0 38 53 0 0 0 0 0 0\n 259       0 sda16 179 34 11854 41 292 23 274 5097 0 6559 5148 3 1 12288 9 0 0\n"}}
{"Site":1,"Host":0,"Run":0,"Measurement":{"Timestamp":"2026-01-10T06:05:59+00:00","System":"/proc/net/dev","Measurement":"Inter-|   Receive                                                |  Transmit\n face |bytes    packets errs drop fifo frame compressed multicast|bytes    packets errs drop fifo colls carrier compressed\n    lo:   40951     272    0    0    0     0          0         0    40951     272    0    0    0     0       0          0\n  eth0: 420544366  713236    0    0    0     0          0         0 174394641  616490    0    0    0     0       0          0\ndocker0: 1056837   15854    0    0    0     0          0         0 197873275   23348    0    2    0     0       0          0\nvethf098dbd:  463457    5832    0    0    0     0          0         0 66076482    8380    0    0    0     0       0          0\nveth5046f66:  405703    4974    0    0    0     0          0         0 66159229    7552    0    0    0     0       0          0\nvethcbb1c2f:  409633    5048    0    0    0     0          0         0 65650696    7604    0    0    0     0       0          0\n"}}
{"Site":1,"Host":0,"Run":0,"Measurement":{"Timestamp":"2026-01-10T06:06:04+00:00","System":"/proc/stat","Measurement":"cpu  273211 766 38938 56412953 35148 0 873 0 0 0\ncpu0 69259 58 8814 14102356 9436 0 283 0 0 0\ncpu1 69933 283 8732 14102459 9416 0 253 0 0 0\ncpu2 67208 331 10701 14102816 8875 0 186 0 0 0\ncpu3 66810 92 10690 14105320 7419 0 149 0 0 0\nintr 23555075 0 0 0 0 2339 0 0 0 0 0 0 0 0 0 0 0 0 0 0 0 0 0 0 0 0 0 0 0 0 0 0 0 0 0 0 0 0 0 0 0 0 0 0 0 0 0 0 0 0 0 0 0 0 0 0 0 0 0 0 0 0 0 0 0 0 0 0 0 0 0 0 0 0 0 0 0 0 0 0 0 0 0 0 0 0 0 0 0 0 0 0 0 0 0 0 0 0 0 0 0 0 0 0 0 0 0 0 0 0 0 0 0 0 0 0 0 0 0 0 0 0 0 0 0 0 0 0 0 0 0 0 0 0 0 0 0 0 0 0 0 0 0 0 0 0 0 0 0 0 0 0 0 0 0 0 0 0 0 0 0 0 0 0 0 0 0 0 0 0 0 0 0 0 0 0 0 0 0 0 0 0 0 0 0 0 0 0 0 0 0 0 0 0 0 0 0 0 0 0 0 0 0 0 0 0 0 0 0 0 0 0 0 0 0 0 0 0 0 0 0 0 0 0 0 0 0 0 0 0 0 0 0 0 0 0 0 0 0 0 0 0 0 0 0 0 0 0 0 0 0 0 0 0 0 0 0 0 0 0 0 0 0 0 0 0 0 0 0 0 0 0 0 0 0 0 0 0 0 0 0 0 0 0 0 0 0 0 0 0 0 0 0 0 0 0 0 0 0 0 0 0 0 0 0 0 0 0 0 0 0 0 0 0 0 0 0 0 0 0 0 0 0 0 0 0 0 0 0 0 0 0 0 0 0 0 0 0 0 0 0 0 0 0 0 0 0 0 0 0 0 0 0 0 0 0 0 0 0 0 0 0 0 0 0 0 0 0 0 0 0 0 0 0 0 0 0 0 0 0 0 0 0 0 0 0 0 0 0 0 0 0 0 0 0 0 0 0 0 0 0 0 0 0 0 0 0 0 0 0 0 0 0 0 0 0 0 0 0 0 0 0 0 0 0 0 0 0 0 0 0 0 0 0 0 0 0 0 0 0 0 0 0 0 0 0 0 0 0 0 0 0 0 0 0 0 0\nctxt 19396354\nbtime 1767883122\nprocesses 54477\nprocs_running 5\nprocs_blocked 0\nsoftirq 15868226 0 5715695 3 955146 11 0 1152704 6647605 120 1396942\n"}}
{"Site":1,"Host":0,"Run":0,"Measurement":{"Timestamp":"2026-01-10T06:06:04+00:00","System":"/proc/meminfo","Measurement":"MemTotal:       16327188 kB\nMemFree:        13733396 kB\nMemAvailable:   15507552 kB\nBuffers:           81992 kB\nCached:          1886704 kB\nSwapCached:            0 kB\nActive:           621984 kB\nInactive:        1552872 kB\nActive(anon):     219300 kB\nInactive(anon):        0 kB\nActive(file):     402684 kB\nInactive(file):  1552872 kB\nUnevictable:       30368 kB\nMlocked:           27296 kB\nSwapTotal:             0 kB\nSwapFree:              0 kB\nZswap:                 0 kB\nZswapped:              0 kB\nDirty:             59280 kB\nWriteback:             0 kB\nAnonPages:        235440 kB\nMapped:           195064 kB\nShmem:              4408 kB\nKReclaimable:     159928 kB\nSlab:             251176 kB\nSReclaimable:     159928 kB\nSUnreclaim:        91248 kB\nKernelStack:        3872 kB\nPageTables:         4876 kB\nSecPageTables:         0 kB\nNFS_Unstable:          0 kB\nBounce:                0 kB\nWritebackTmp:          0 kB\nCommitLimit:     8163592 kB\nCommitted_AS:    1026148 kB\nVmallocTotal:   34359738367 kB\nVmallocUsed:       32268 kB\nVmallocChunk:          0 kB\nPercpu:             3936 kB\nHardwareCorrupted:     0 kB\nAnonHugePages:    104448 kB\nShmemHugePages:        0 kB\nShmemPmdMapped:        0 kB\nFileHugePages:         0 kB\nFilePmdMapped:         0 kB\nUnaccepted:            0 kB\nHugePages_Total:       0\nHugePages_Free:        0\nHugePages_Rsvd:        0\nHugePages_Surp:        0\nHugepagesize:       2048 kB\nHugetlb:               0 kB\nDirectMap4k:      109736 kB\nDirectMap2M:     2983936 kB\nDirectMap1G:    15728640 kB\n"}}
{"Site":1,"Host":0,"Run":0,"Measurement":{"Timestamp":"2026-01-10T06:06:04+00:00","System":"/proc/diskstats","Measurement":"   7       0 loop0 11 0 28 0 0 0 0 0 0 0 0 0 0 0 0 0 0\n   7       1 loop1 0 0 0 0 0 0 0 0 0 0 0 0 0 0 0 0 0\n   7       2 loop2 0 0 0 0 0 0 0 0 0 0 0 0 0 0 0 0 0\n   7       3 loop3 0 0 0 0 0 0 0 0 0 0 0 0 0 0 0 0 0\n   7       4 loop4 0 0 0 0 0 0 0 0 0 0 0 0 0 0 0 0 0\n   7       5 loop5 0 0 0 0 0 0 0 0 0 0 0 0 0 0 0 0 0\n   7       6 loop6 0 0 0 0 0 0 0 0 0 0 0 0 0 0 0 0 0\n   7       7 loop7 0 0 0 0 0 0 0 0 0 0 0 0 0 0 0 0 0\n   8      16 sdb 322 0 20650 54 691 1090 1319960 7280 0 1940 7336 17 16 67104776 2 0 0\n   8      17 sdb1 263 0 18202 45 691 1090 1319960 7280 0 1973 7328 17 16 67104776 2 0 0\n   8       0 sda 15930 3541 1545099 26267 235662 99073 68047500 6734541 0 291403 6923102 8584 1830 149750208 34219 7626 128074\n   8       1 sda1 15371 2841 1511503 26133 235368 99050 68047224 6729443 0 338021 6789787 8581 1829 149737920 34210 0 0\n   8      14 sda14 127 0 1264 26 0 0 0 0 0 26 26 0 0 0 0 0 0\n   8      15 sda15 205 666 18510 52 2 0 2 0 0 38 53 0 0 0 0 0 0\n 259       0 sda16 179 34 11854 41 292 23 274 5097 0 6559 5148 3 1 12288 9 0 0\n"}}
{"Site":1,"Host":0,"Run":0,"Measurement":{"Timestamp":"2026-01-10T06:06:04+00:00","System":"/proc/net/dev","Measurement":"Inter-|   Receive                                                |  Transmit\n face |bytes    packets errs drop fifo frame compressed multicast|bytes    packets errs drop fifo colls carrier compressed\n    lo:   40951     272    0    0    0     0          0         0    40951     272    0    0    0     0       0          0\n  eth0: 420548162  713251    0    0    0     0          0         0 174399879  616509    0    0    0     0       0          0\ndocker0: 1056837   15854    0    0    0     0          0         0 197873275   23348    0    2    0     0       0          0\nvethf098dbd:  463457    5832    0    0    0     0          0         0 66076482    8380    0    0    0     0       0          0\nveth5046f66:  405703    4974    0    0    0     0          0         0 66159229    7552    0    0    0     0       0          0\nvethcbb1c2f:  409633    5048    0    0    0     0          0         0 65650696    7604    0    0    0     0       0          0\n"}}
{"Site":1,"Host":0,"Run":0,"Measurement":{"Timestamp":"2026-01-10T06:06:09+00:00","System":"/proc/stat","Measurement":"cpu  275234 766 38941 56412953 35148 0 873 0 0 0\ncpu0 69765 58 8814 14102356 9436 0 283 0 0 0\ncpu1 70438 283 8733 14102459 9416 0 253 0 0 0\ncpu2 67713 331 10703 14102816 8875 0 186 0 0 0\ncpu3 67316 92 10690 14105320 7419 0 149 0 0 0\nintr 23575591 0 0 0 0 2339 0 0 0 0 0 0 0 0 0 0 0 0 0 0 0 0 0 0 0 0 0 0 0 0 0 0 0 0 0 0 0 0 0 0 0 0 0 0 0 0 0 0 0 0 0 0 0 0 0 0 0 0 0 0 0 0 0 0 0 0 0 0 0 0 0 0 0 0 0 0 0 0 0 0 0 0 0 0 0 0 0 0 0 0 0 0 0 0 0 0 0 0 0 0 0 0 0 0 0 0 0 0 0 0 0 0 0 0 0 0 0 0 0 0 0 0 0 0 0 0 0 0 0 0 0 0 0 0 0 0 0 0 0 0 0 0 0 0 0 0 0 0 0 0 0 0 0 0 0 0 0 0 0 0 0 0 0 0 0 0 0 0 0 0 0 0 0 0 0 0 0 0 0 0 0 0 0 0 0 0 0 0 0 0 0 0 0 0 0 0 0 0 0 0 0 0 0 0 0 0 0 0 0 0 0 0 0 0 0 0 0 0 0 0 0 0 0 0 0 0 0 0 0 0 0 0 0 0 0 0 0 0 0 0 0 0 0 0 0 0 0 0 0 0 0 0 0 0 0 0 0 0 0 0 0 0 0 0 0 0 0 0 0 0 0 0 0 0 0 0 0 0 0 0 0 0 0 0 0 0 0 0 0 0 0 0 0 0 0 0 0 0 0 0 0 0 0 0 0 0 0 0 0 0 0 0 0 0 0 0 0 0 0 0 0 0 0 0 0 0 0 0 0 0 0 0 0 0 0 0 0 0 0 0 0 0 0 0 0 0 0 0 0 0 0 0 0 0 0 0 0 0 0 0 0 0 0 0 0 0 0 0 0 0 0 0 0 0 0 0 0 0 0 0 0 0 0 0 0 0 0 0 0 0 0 0 0 0 0 0 0 0 0 0 0 0 0 0 0 0 0 0 0 0 0 0 0 0 0 0 0 0 0 0 0 0 0 0 0 0 0 0 0 0 0 0 0 0 0 0 0 0 0 0 0 0 0 0 0 0 0 0 0 0 0 0 0 0 0 0 0\nctxt 19397162\nbtime 1767883122\nprocesses 54495\nprocs_running 6\nprocs_blocked 0\nsoftirq 15869353 0 5715913 3 955174 11 0 1152777 6648083 120 1397272\n"}}
{"Site":1,"Host":0,"Run":0,"Measurement":{"Timestamp":"2026-01-10T06:06:09+00:00","System":"/proc/meminfo","Measurement":"MemTotal:       16327188 kB\nMemFree:        13733144 kB\nMemAvailable:   15507308 kB\nBuffers:           81992 kB\nCached:          1886712 kB\nSwapCached:            0 kB\nActive:           621980 kB\nInactive:        1552880 kB\nActive(anon):     219296 kB\nInactive(anon):        0 kB\nActive(file):     402684 kB\nInactive(file):  1552880 kB\nUnevictable:       30368 kB\nMlocked:           27296 kB\nSwapTotal:             0 kB\nSwapFree:              0 kB\nZswap:                 0 kB\nZswapped:              0 kB\nDirty:               328 kB\nWriteback:             0 kB\nAnonPages:        235632 kB\nMapped:           195064 kB\nShmem:              4408 kB\nKReclaimable:     159928 kB\nSlab:             251176 kB\nSReclaimable:     159928 kB\nSUnreclaim:        91248 kB\nKernelStack:        3872 kB\nPageTables:         5072 kB\nSecPageTables:         0 kB\nNFS_Unstable:          0 kB\nBounce:                0 kB\nWritebackTmp:          0 kB\nCommitLimit:     8163592 kB\nCommitted_AS:    1026148 kB\nVmallocTotal:   34359738367 kB\nVmallocUsed:       32268 kB\nVmallocChunk:          0 kB\nPercpu:             3936 kB\nHardwareCorrupted:     0 kB\nAnonHugePages:    104448 kB\nShmemHugePages:        0 kB\nShmemPmdMapped:        0 kB\nFileHugePages:         0 kB\nFilePmdMapped:         0 kB\nUnaccepted:            0 kB\nHugePages_Total:       0\nHugePages_Free:        0\nHugePages_Rsvd:        0\nHugePages_Surp:        0\nHugepagesize:       2048 kB\nHugetlb:               0 kB\nDirectMap4k:      109736 kB\nDirectMap2M:     2983936 kB\nDirectMap1G:    15728640 kB\n"}}
{"Site":1,"Host":0,"Run":0,"Measurement":{"Timestamp":"2026-01-10T06:06:09+00:00","System":"/proc/diskstats","Measurement":"   7       0 loop0 11 0 28 0 0 0 0 0 0 0 0 0 0 0 0 0 0\n   7       1 loop1 0 0 0 0 0 0 0 0 0 0 0 0 0 0 0 0 0\n   7       2 loop2 0 0 0 0 0 0 0 0 0 0 0 0 0 0 0 0 0\n   7       3 loop3 0 0 0 0 0 0 0 0 0 0 0 0 0 0 0 0 0\n   7       4 loop4 0 0 0 0 0 0 0 0 0 0 0 0 0 0 0 0 0\n   7       5 loop5 0 0 0 0 0 0 0 0 0 0 0 0 0 0 0 0 0\n   7       6 loop6 0 0 0 0 0 0 0 0 0 0 0 0 0 0 0 0 0\n   7       7 loop7 0 0 0 0 0 0 0 0 0 0 0 0 0 0 0 0 0\n   8      16 sdb 322 0 20650 54 691 1090 1319960 7280 0 1940 7336 17 16 67104776 2 0 0\n   8      17 sdb1 263 0 18202 45 691 1090 1319960 7280 0 1973 7328 17 16 67104776 2 0 0\n   8       0 sda 15930 3541 1545099 26267 235721 99112 68166068 6734848 0 291497 6923454 8596 1835 149880960 34257 7627 128081\n   8       1 sda1 15371 2841 1511503 26133 235427 99089 68165792 6729749 0 338120 6790132 8593 1834 149868672 34248 0 0\n   8      14 sda14 127 0 1264 26 0 0 0 0 0 26 26 0 0 0 0 0 0\n   8      15 sda15 205 666 18510 52 2 0 2 0 0 38 53 0 0 0 0 0 0\n 259       0 sda16 179 34 11854 41 292 23 274 5097 0 6559 5148 3 1 12288 9 0 0\n"}}
{"Site":1,"Host":0,"Run":0,"Measurement":{"Timestamp":"2026-01-10T06:06:09+00:00","System":"/proc/net/dev","Measurement":"Inter-|   Receive                                                |  Transmit\n face |bytes    packets errs drop fifo frame compressed multicast|bytes    packets errs drop fifo colls carrier compressed\n    lo:   40951     272    0    0    0     0          0         0    40951     272    0    0    0     0       0          0\n  eth0: 420552044  713267    0    0    0     0          0         0 174405171  616529    0    0    0     0       0          0\ndocker0: 1056837   15854    0    0    0     0          0         0 197873275   23348    0    2    0     0       0          0\nvethf098dbd:  463457    5832    0    0    0     0          0         0 66076482    8380    0    0    0     0       0          0\nveth5046f66:  405703    4974    0    0    0     0          0         0 66159229    7552    0    0    0     0       0          0\nvethcbb1c2f:  409633    5048    0    0    0     0          0         0 65650696    7604    0    0    0     0       0          0\n"}}
{"Site":1,"Host":0,"Run":0,"Measurement":{"Timestamp":"2026-01-10T06:06:14+00:00","System":"/proc/stat","Measurement":"cpu  277254 766 38944 56412953 35148 0 873 0 0 0\ncpu0 70271 58 8814 14102356 9436 0 283 0 0 0\ncpu1 70943 283 8734 14102459 9416 0 253 0 0 0\ncpu2 68217 331 10704 14102816 8875 0 186 0 0 0\ncpu3 67821 92 10691 14105320 7419 0 149 0 0 0\nintr 23595974 0 0 0 0 2339 0 0 0 0 0 0 0 0 0 0 0 0 0 0 0 0 0 0 0 0 0 0 0 0 0 0 0 0 0 0 0 0 0 0 0 0 0 0 0 0 0 0 0 0 0 0 0 0 0 0 0 0 0 0 0 0 0 0 0 0 0 0 0 0 0 0 0 0 0 0 0 0 0 0 0 0 0 0 0 0 0 0 0 0 0 0 0 0 0 0 0 0 0 0 0 0 0 0 0 0 0 0 0 0 0 0 0 0 0 0 0 0 0 0 0 0 0 0 0 0 0 0 0 0 0 0 0 0 0 0 0 0 0 0 0 0 0 0 0 0 0 0 0 0 0 0 0 0 0 0 0 0 0 0 0 0 0 0 0 0 0 0 0 0 0 0 0 0 0 0 0 0 0 0 0 0 0 0 0 0 0 0 0 0 0 0 0 0 0 0 0 0 0 0 0 0 0 0 0 0 0 0 0 0 0 0 0 0 0 0 0 0 0 0 0 0 0 0 0 0 0 0 0 0 0 0 0 0 0 0 0 0 0 0 0 0 0 0 0 0 0 0 0 0 0 0 0 0 0 0 0 0 0 0 0 0 0 0 0 0 0 0 0 0 0 0 0 0 0 0 0 0 0 0 0 0 0 0 0 0 0 0 0 0 0 0 0 0 0 0 0 0 0 0 0 0 0 0 0 0 0 0 0 0 0 0 0 0 0 0 0 0 0 0 0 0 0 0 0 0 0 0 0 0 0 0 0 0 0 0 0 0 0 0 0 0 0 0 0 0 0 0 0 0 0 0 0 0 0 0 0 0 0 0 0 0 0 0 0 0 0 0 0 0 0 0 0 0 0 0 0 0 0 0 0 0 0 0 0 0 0 0 0 0 0 0 0 0 0 0 0 0 0 0 0 0 0 0 0 0 0 0 0 0 0 0 0 0 0 0 0 0 0 0 0 0 0 0 0 0 0 0 0 0 0 0 0 0 0 0 0 0 0 0 0 0 0 0 0 0 0 0 0 0 0 0 0 0 0 0 0\nctxt 19397871\nbtime 1767883122\nprocesses 54514\nprocs_running 5\nprocs_blocked 0\nsoftirq 15870444 0 5716118 3 955182 11 0 1152784 6648562 120 1397664\n"}}
{"Site":1,"Host":0,"Run":0,"Measurement":{"Timestamp":"2026-01-10T06:06:14+00:00","System":"/proc/meminfo","Measurement":"MemTotal:       16327188 kB\nMemFree:        13734988 kB\nMemAvailable:   15509156 kB\nBuffers:           81992 kB\nCached:          1886716 kB\nSwapCached:            0 kB\nActive:           621988 kB\nInactive:        1552884 kB\nActive(anon):     219304 kB\nInactive(anon):        0 kB\nActive(file):     402684 kB\nInactive(file):  1552884 kB\nUnevictable:       30368 kB\nMlocked:           27296 kB\nSwapTotal:             0 kB\nSwapFree:              0 kB\nZswap:                 0 kB\nZswapped:              0 kB\nDirty:               336 kB\nWriteback:             0 kB\nAnonPages:        235444 kB\nMapped:           195064 kB\nShmem:              4408 kB\nKReclaimable:     159928 kB\nSlab:             251168 kB\nSReclaimable:     159928 kB\nSUnreclaim:        91240 kB\nKernelStack:        3872 kB\nPageTables:         4876 kB\nSecPageTables:         0 kB\nNFS_Unstable:          0 kB\nBounce:                0 kB\nWritebackTmp:          0 kB\nCommitLimit:     8163592 kB\nCommitted_AS:    1026148 kB\nVmallocTotal:   34359738367 kB\nVmallocUsed:       32252 kB\nVmallocChunk:          0 kB\nPercpu:             3936 kB\nHardwareCorrupted:     0 kB\nAnonHugePages:    104448 kB\nShmemHugePages:        0 kB\nShmemPmdMapped:        0 kB\nFileHugePages:         0 kB\nFilePmdMapped:         0 kB\nUnaccepted:            0 kB\nHugePages_Total:       0\nHugePages_Free:        0\nHugePages_Rsvd:        0\nHugePages_Surp:        0\nHugepagesize:       2048 kB\nHugetlb:               0 kB\nDirectMap4k:      109736 kB\nDirectMap2M:     2983936 kB\nDirectMap1G:    15728640 kB\n"}}
{"Site":1,"Host":0,"Run":0,"Measurement":{"Timestamp":"2026-01-10T06:06:14+00:00","System":"/proc/diskstats","Measurement":"   7       0 loop0 11 0 28 0 0 0 0 0 0 0 0 0 0 0 0 0 0\n   7       1 loop1 0 0 0 0 0 0 0 0 0 0 0 0 0 0 0 0 0\n   7       2 loop2 0 0 0 0 0 0 0 0 0 0 0 0 0 0 0 0 0\n   7       3 loop3 0 0 0 0 0 0 0 0 0 0 0 0 0 0 0 0 0\n   7       4 loop4 0 0 0 0 0 0 0 0 0 0 0 0 0 0 0 0 0\n   7       5 loop5 0 0 0 0 0 0 0 0 0 0 0 0 0 0 0 0 0\n   7       6 loop6 0 0 0 0 0 0 0 0 0 0 0 0 0 0 0 0 0\n   7       7 loop7 0 0 0 0 0 0 0 0 0 0 0 0 0 0 0 0 0\n   8      16 sdb 322 0 20650 54 691 1090 1319960 7280 0 1940 7336 17 16 67104776 2 0 0\n   8      17 sdb1 263 0 18202 45 691 1090 1319960 7280 0 1973 7328 17 16 67104776 2 0 0\n   8       0 sda 15930 3541 1545099 26267 235725 99112 68166100 6734849 0 291497 6923455 8596 1835 149880960 34257 7627 128081\n   8       1 sda1 15371 2841 1511503 26133 235431 99089 68165824 6729751 0 338120 6790133 8593 1834 149868672 34248 0 0\n   8      14 sda14 127 0 1264 26 0 0 0 0 0 26 26 0 0 0 0 0 0\n   8      15 sda15 205 666 18510 52 2 0 2 0 0 38 53 0 0 0 0 0 0\n 259       0 sda16 179 34 11854 41 292 23 274 5097 0 6559 5148 3 1 12288 9 0 0\n"}}
{"Site":1,"Host":0,"Run":0,"Measurement":{"Timestamp":"2026-01-10T06:06:14+00:00","System":"/proc/net/dev","Measurement":"Inter-|   Receive                                                |  Transmit\n face |bytes    packets errs drop fifo frame compressed multicast|bytes    packets errs drop fifo colls carrier compressed\n    lo:   40951     272    0    0    0     0          0         0    40951     272    0    0    0     0       0          0\n  eth0: 420552382  713272    0    0    0     0          0         0 174405420  616532    0    0    0     0       0          0\ndocker0: 1056837   15854    0    0    0     0          0         0 197873275   23348    0    2    0     0       0          0\nvethf098dbd:  463457    5832    0    0    0     0          0         0 66076482    8380    0    0    0     0       0          0\nveth5046f66:  405703    4974    0    0    0     0          0         0 66159229    7552    0    0    0     0       0          0\nvethcbb1c2f:  409633    5048    0    0    0     0          0         0 65650696    7604    0    0    0     0       0          0\n"}}
{"Site":1,"Host":0,"Run":0,"Measurement":{"Timestamp":"2026-01-10T06:06:19+00:00","System":"/proc/stat","Measurement":"cpu  279279 766 38946 56412953 35148 0 873 0 0 0\ncpu0 70776 58 8815 14102356 9436 0 284 0 0 0\ncpu1 71450 283 8734 14102459 9416 0 253 0 0 0\ncpu2 68724 331 10704 14102816 8875 0 186 0 0 0\ncpu3 68328 92 10691 14105320 7419 0 149 0 0 0\nintr 23616680 0 0 0 0 2339 0 0 0 0 0 0 0 0 0 0 0 0 0 0 0 0 0 0 0 0 0 0 0 0 0 0 0 0 0 0 0 0 0 0 0 0 0 0 0 0 0 0 0 0 0 0 0 0 0 0 0 0 0 0 0 0 0 0 0 0 0 0 0 0 0 0 0 0 0 0 0 0 0 0 0 0 0 0 0 0 0 0 0 0 0 0 0 0 0 0 0 0 0 0 0 0 0 0 0 0 0 0 0 0 0 0 0 0 0 0 0 0 0 0 0 0 0 0 0 0 0 0 0 0 0 0 0 0 0 0 0 0 0 0 0 0 0 0 0 0 0 0 0 0 0 0 0 0 0 0 0 0 0 0 0 0 0 0 0 0 0 0 0 0 0 0 0 0 0 0 0 0 0 0 0 0 0 0 0 0 0 0 0 0 0 0 0 0 0 0 0 0 0 0 0 0 0 0 0 0 0 0 0 0 0 0 0 0 0 0 0 0 0 0 0 0 0 0 0 0 0 0 0 0 0 0 0 0 0 0 0 0 0 0 0 0 0 0 0 0 0 0 0 0 0 0 0 0 0 0 0 0 0 0 0 0 0 0 0 0 0 0 0 0 0 0 0 0 0 0 0 0 0 0 0 0 0 0 0 0 0 0 0 0 0 0 0 0 0 0 0 0 0 0 0 0 0 0 0 0 0 0 0 0 0 0 0 0 0 0 0 0 0 0 0 0 0 0 0 0 0 0 0 0 0 0 0 0 0 0 0 0 0 0 0 0 0 0 0 0 0 0 0 0 0 0 0 0 0 0 0 0 0 0 0 0 0 0 0 0 0 0 0 0 0 0 0 0 0 0 0 0 0 0 0 0 0 0 0 0 0 0 0 0 0 0 0 0 0 0 0 0 0 0 0 0 0 0 0 0 0 0 0 0 0 0 0 0 0 0 0 0 0 0 0 0 0 0 0 0 0 0 0 0 0 0 0 0 0 0 0 0 0 0 0 0 0 0 0 0 0 0 0 0 0 0 0 0 0 0 0\nctxt 19399903\nbtime 1767883122\nprocesses 54532\nprocs_running 5\nprocs_blocked 0\nsoftirq 15872007 0 5716325 3 955240 11 0 1153164 6649042 120 1398102\n"}}
{"Site":1,"Host":0,"Run":0,"Measurement":{"Timestamp":"2026-01-10T06:06:19+00:00","System":"/proc/meminfo","Measurement":"MemTotal:       16327188 kB\nMemFree:        13735184 kB\nMemAvailable:   15509356 kB\nBuffers:           81992 kB\nCached:          1886720 kB\nSwapCached:            0 kB\nActive:           621888 kB\nInactive:        1552888 kB\nActive(anon):     219204 kB\nInactive(anon):        0 kB\nActive(file):     402684 kB\nInactive(file):  1552888 kB\nUnevictable:       30368 kB\nMlocked:           27296 kB\nSwapTotal:             0 kB\nSwapFree:              0 kB\nZswap:                 0 kB\nZswapped:              0 kB\nDirty:               340 kB\nWriteback:             0 kB\nAnonPages:        235352 kB\nMapped:           195064 kB\nShmem:              4408 kB\nKReclaimable:     159928 kB\nSlab:             251164 kB\nSReclaimable:     159928 kB\nSUnreclaim:        91236 kB\nKernelStack:        3840 kB\nPageTables:         5076 kB\nSecPageTables:         0 kB\nNFS_Unstable:          0 kB\nBounce:                0 kB\nWritebackTmp:          0 kB\nCommitLimit:     8163592 kB\nCommitted_AS:    1026148 kB\nVmallocTotal:   34359738367 kB\nVmallocUsed:       32236 kB\nVmallocChunk:          0 kB\nPercpu:             3936 kB\nHardwareCorrupted:     0 kB\nAnonHugePages:    102400 kB\nShmemHugePages:        0 kB\nShmemPmdMapped:        0 kB\nFileHugePages:         0 kB\nFilePmdMapped:         0 kB\nUnaccepted:            0 kB\nHugePages_Total:       0\nHugePages_Free:        0\nHugePages_Rsvd:        0\nHugePages_Surp:        0\nHugepagesize:       2048 kB\nHugetlb:               0 kB\nDirectMap4k:      109736 kB\nDirectMap2M:     2983936 kB\nDirectMap1G:    15728640 kB\n"}}
{"Site":1,"Host":0,"Run":0,"Measurement":{"Timestamp":"2026-01-10T06:06:19+00:00","System":"/proc/diskstats","Measurement":"   7       0 loop0 11 0 28 0 0 0 0 0 0 0 0 0 0 0 0 0 0\n   7       1 loop1 0 0 0 0 0 0 0 0 0 0 0 0 0 0 0 0 0\n   7       2 loop2 0 0 0 0 0 0 0 0 0 0 0 0 0 0 0 0 0\n   7       3 loop3 0 0 0 0 0 0 0 0 0 0 0 0 0 0 0 0 0\n   7       4 loop4 0 0 0 0 0 0 0 0 0 0 0 0 0 0 0 0 0\n   7       5 loop5 0 0 0 0 0 0 0 0 0 0 0 0 0 0 0 0 0\n   7       6 loop6 0 0 0 0 0 0 0 0 0 0 0 0 0 0 0 0 0\n   7       7 loop7 0 0 0 0 0 0 0 0 0 0 0 0 0 0 0 0 0\n   8      16 sdb 322 0 20650 54 691 1090 1319960 7280 0 1940 7336 17 16 67104776 2 0 0\n   8      17 sdb1 263 0 18202 45 691 1090 1319960 7280 0 1973 7328 17 16 67104776 2 0 0\n   8       0 sda 15930 3541 1545099 26267 235726 99112 68166108 6734849 0 291497 6923455 8596 1835 149880960 34257 7627 128081\n   8       1 sda1 15371 2841 1511503 26133 235432 99089 68165832 6729751 0 338120 6790133 8593 1834 149868672 34248 0 0\n   8      14 sda14 127 0 1264 26 0 0 0 0 0 26 26 0 0 0 0 0 0\n   8      15 sda15 205 666 18510 52 2 0 2 0 0 38 53 0 0 0 0 0 0\n 259       0 sda16 179 34 11854 41 292 23 274 5097 0 6559 5148 3 1 12288 9 0 0\n"}}
{"Site":1,"Host":0,"Run":0,"Measurement":{"Timestamp":"2026-01-10T06:06:19+00:00","System":"/proc/net/dev","Measurement":"Inter-|   Receive                                                |  Transmit\n face |bytes    packets errs drop fifo frame compressed multicast|bytes    packets errs drop fifo colls carrier compressed\n    lo:   40951     272    0    0    0     0          0         0    40951     272    0    0    0     0       0          0\n  eth0: 420559991  713302    0    0    0     0          0         0 174413031  616570    0    0    0     0       0          0\ndocker0: 1056837   15854    0    0    0     0          0         0 197873275   23348    0    2    0     0       0          0\nvethf098dbd:  463457    5832    0    0    0     0          0         0 66076482    8380    0    0    0     0       0          0\nveth5046f66:  405703    4974    0    0    0     0          0         0 66159229    7552    0    0    0     0       0          0\nvethcbb1c2f:  409633    5048    0    0    0     0          0         0 65650696    7604    0    0    0     0       0          0\n"}}
{"Site":1,"Host":0,"Run":0,"Measurement":{"Timestamp":"2026-01-10T06:06:24+00:00","System":"/proc/stat","Measurement":"cpu  281302 766 38947 56412953 35148 0 873 0 0 0\ncpu0 71282 58 8816 14102356 9436 0 284 0 0 0\ncpu1 71956 283 8734 14102459 9416 0 253 0 0 0\ncpu2 69230 331 10704 14102816 8875 0 186 0 0 0\ncpu3 68834 92 10691 14105320 7419 0 149 0 0 0\nintr 23637121 0 0 0 0 2339 0 0 0 0 0 0 0 0 0 0 0 0 0 0 0 0 0 0 0 0 0 0 0 0 0 0 0 0 0 0 0 0 0 0 0 0 0 0 0 0 0 0 0 0 0 0 0 0 0 0 0 0 0 0 0 0 0 0 0 0 0 0 0 0 0 0 0 0 0 0 0 0 0 0 0 0 0 0 0 0 0 0 0 0 0 0 0 0 0 0 0 0 0 0 0 0 0 0 0 0 0 0 0 0 0 0 0 0 0 0 0 0 0 0 0 0 0 0 0 0 0 0 0 0 0 0 0 0 0 0 0 0 0 0 0 0 0 0 0 0 0 0 0 0 0 0 0 0 0 0 0 0 0 0 0 0 0 0 0 0 0 0 0 0 0 0 0 0 0 0 0 0 0 0 0 0 0 0 0 0 0 0 0 0 0 0 0 0 0 0 0 0 0 0 0 0 0 0 0 0 0 0 0 0 0 0 0 0 0 0 0 0 0 0 0 0 0 0 0 0 0 0 0 0 0 0 0 0 0 0 0 0 0 0 0 0 0 0 0 0 0 0 0 0 0 0 0 0 0 0 0 0 0 0 0 0 0 0 0 0 0 0 0 0 0 0 0 0 0 0 0 0 0 0 0 0 0 0 0 0 0 0 0 0 0 0 0 0 0 0 0 0 0 0 0 0 0 0 0 0 0 0 0 0 0 0 0 0 0 0 0 0 0 0 0 0 0 0 0 0 0 0 0 0 0 0 0 0 0 0 0 0 0 0 0 0 0 0 0 0 0 0 0 0 0 0 0 0 0 0 0 0 0 0 0 0 0 0 0 0 0 0 0 0 0 0 0 0 0 0 0 0 0 0 0 0 0 0 0 0 0 0 0 0 0 0 0 0 0 0 0 0 0 0 0 0 0 0 0 0 0 0 0 0 0 0 0 0 0 0 0 0 0 0 0 0 0 0 0 0 0 0 0 0 0 0 0 0 0 0 0 0 0 0 0 0 0 0 0 0 0 0 0 0 0 0 0 0 0 0 0\nctxt 19400604\nbtime 1767883122\nprocesses 54550\nprocs_running 5\nprocs_blocked 0\nsoftirq 15873049 0 5716523 3 955268 11 0 1153182 6649521 120 1398421\n"}}
{"Site":1,"Host":0,"Run":0,"Measurement":{"Timestamp":"2026-01-10T06:06:24+00:00","System":"/proc/meminfo","Measurement":"MemTotal:       16327188 kB\nMemFree:        13734688 kB\nMemAvailable:   15508868 kB\nBuffers:           81992 kB\nCached:          1886728 kB\nSwapCached:            0 kB\nActive:           621808 kB\nInactive:        1552896 kB\nActive(anon):     219124 kB\nInactive(anon):        0 kB\nActive(file):     402684 kB\nInactive(file):  1552896 kB\nUnevictable:       30368 kB\nMlocked:           27296 kB\nSwapTotal:             0 kB\nSwapFree:              0 kB\nZswap:                 0 kB\nZswapped:              0 kB\nDirty:               192 kB\nWriteback:             0 kB\nAnonPages:        235556 kB\nMapped:           195064 kB\nShmem:              4408 kB\nKReclaimable:     159928 kB\nSlab:             251160 kB\nSReclaimable:     159928 kB\nSUnreclaim:        91232 kB\nKernelStack:        3840 kB\nPageTables:         4876 kB\nSecPageTables:         0 kB\nNFS_Unstable:          0 kB\nBounce:                0 kB\nWritebackTmp:          0 kB\nCommitLimit:     8163592 kB\nCommitted_AS:    1026148 kB\nVmallocTotal:   34359738367 kB\nVmallocUsed:       32252 kB\nVmallocChunk:          0 kB\nPercpu:             3936 kB\nHardwareCorrupted:     0 kB\nAnonHugePages:    102400 kB\nShmemHugePages:        0 kB\nShmemPmdMapped:        0 kB\nFileHugePages:         0 kB\nFilePmdMapped:         0 kB\nUnaccepted:            0 kB\nHugePages_Total:       0\nHugePages_Free:        0\nHugePages_Rsvd:        0\nHugePages_Surp:        0\nHugepagesize:       2048 kB\nHugetlb:               0 kB\nDirectMap4k:      109736 kB\nDirectMap2M:     2983936 kB\nDirectMap1G:    15728640 kB\n"}}
{"Site":1,"Host":0,"Run":0,"Measurement":{"Timestamp":"2026-01-10T06:06:24+00:00","System":"/proc/diskstats","Measurement":"   7       0 loop0 11 0 28 0 0 0 0 0 0 0 0 0 0 0 0 0 0\n   7       1 loop1 0 0 0 0 0 0 0 0 0 0 0 0 0 0 0 0 0\n   7       2 loop2 0 0 0 0 0 0 0 0 0 0 0 0 0 0 0 0 0\n   7       3 loop3 0 0 0 0 0 0 0 0 0 0 0 0 0 0 0 0 0\n   7       4 loop4 0 0 0 0 0 0 0 0 0 0 0 0 0 0 0 0 0\n   7       5 loop5 0 0 0 0 0 0 0 0 0 0 0 0 0 0 0 0 0\n   7       6 loop6 0 0 0 0 0 0 0 0 0 0 0 0 0 0 0 0 0\n   7       7 loop7 0 0 0 0 0 0 0 0 0 0 0 0 0 0 0 0 0\n   8      16 sdb 322 0 20650 54 691 1090 1319960 7280 0 1940 7336 17 16 67104776 2 0 0\n   8      17 sdb1 263 0 18202 45 691 1090 1319960 7280 0 1973 7328 17 16 67104776 2 0 0\n   8       0 sda 15930 3541 1545099 26267 235761 99113 68166428 6734861 0 291498 6923468 8596 1835 149880960 34257 7627 128081\n   8       1 sda1 15371 2841 1511503 26133 235467 99090 68166152 6729763 0 338121 6790145 8593 1834 149868672 34248 0 0\n   8      14 sda14 127 0 1264 26 0 0 0 0 0 26 26 0 0 0 0 0 0\n   8      15 sda15 205 666 18510 52 2 0 2 0 0 38 53 0 0 0 0 0 0\n 259       0 sda16 179 34 11854 41 292 23 274 5097 0 6559 5148 3 1 12288 9 0 0\n"}}
{"Site":1,"Host":0,"Run":0,"Measurement":{"Timestamp":"2026-01-10T06:06:24+00:00","System":"/proc/net/dev","Measurement":"Inter-|   Receive                                                |  Transmit\n face |bytes    packets errs drop fifo frame compressed multicast|bytes    packets errs drop fifo colls carrier compressed\n    lo:   40951     272    0    0    0     0          0         0    40951     272    0    0    0     0       0          0\n  eth0: 420563787  713317    0    0    0     0          0         0 174418269  616589    0    0    0     0       0          0\ndocker0: 1056837   15854    0    0    0     0          0         0 197873275   23348    0    2    0     0       0          0\nvethf098dbd:  463457    5832    0    0    0     0          0         0 66076482    8380    0    0    0     0       0          0\nveth5046f66:  405703    4974    0    0    0     0          0         0 66159229    7552    0    0    0     0       0          0\nvethcbb1c2f:  409633    5048    0    0    0     0          0         0 65650696    7604    0    0    0     0       0          0\n"}}
{"Site":1,"Host":0,"Run":0,"Measurement":{"Timestamp":"2026-01-10T06:06:29+00:00","System":"/proc/stat","Measurement":"cpu  283329 766 38948 56412953 35148 0 873 0 0 0\ncpu0 71789 58 8816 14102356 9436 0 284 0 0 0\ncpu1 72462 283 8735 14102459 9416 0 253 0 0 0\ncpu2 69736 331 10705 14102816 8875 0 186 0 0 0\ncpu3 69340 92 10691 14105320 7419 0 149 0 0 0\nintr 23657588 0 0 0 0 2339 0 0 0 0 0 0 0 0 0 0 0 0 0 0 0 0 0 0 0 0 0 0 0 0 0 0 0 0 0 0 0 0 0 0 0 0 0 0 0 0 0 0 0 0 0 0 0 0 0 0 0 0 0 0 0 0 0 0 0 0 0 0 0 0 0 0 0 0 0 0 0 0 0 0 0 0 0 0 0 0 0 0 0 0 0 0 0 0 0 0 0 0 0 0 0 0 0 0 0 0 0 0 0 0 0 0 0 0 0 0 0 0 0 0 0 0 0 0 0 0 0 0 0 0 0 0 0 0 0 0 0 0 0 0 0 0 0 0 0 0 0 0 0 0 0 0 0 0 0 0 0 0 0 0 0 0 0 0 0 0 0 0 0 0 0 0 0 0 0 0 0 0 0 0 0 0 0 0 0 0 0 0 0 0 0 0 0 0 0 0 0 0 0 0 0 0 0 0 0 0 0 0 0 0 0 0 0 0 0 0 0 0 0 0 0 0 0 0 0 0 0 0 0 0 0 0 0 0 0 0 0 0 0 0 0 0 0 0 0 0 0 0 0 0 0 0 0 0 0 0 0 0 0 0 0 0 0 0 0 0 0 0 0 0 0 0 0 0 0 0 0 0 0 0 0 0 0 0 0 0 0 0 0 0 0 0 0 0 0 0 0 0 0 0 0 0 0 0 0 0 0 0 0 0 0 0 0 0 0 0 0 0 0 0 0 0 0 0 0 0 0 0 0 0 0 0 0 0 0 0 0 0 0 0 0 0 0 0 0 0 0 0 0 0 0 0 0 0 0 0 0 0 0 0 0 0 0 0 0 0 0 0 0 0 0 0 0 0 0 0 0 0 0 0 0 0 0 0 0 0 0 0 0 0 0 0 0 0 0 0 0 0 0 0 0 0 0 0 0 0 0 0 0 0 0 0 0 0 0 0 0 0 0 0 0 0 0 0 0 0 0 0 0 0 0 0 0 0 0 0 0 0 0 0 0 0 0 0 0 0 0 0 0 0 0 0 0 0 0 0 0\nctxt 19401336\nbtime 1767883122\nprocesses 54568\nprocs_running 5\nprocs_blocked 0\nsoftirq 15874117 0 5716725 3 955297 11 0 1153188 6650001 120 1398772\n"}}
{"Site":1,"Host":0,"Run":0,"Measurement":{"Timestamp":"2026-01-10T06:06:29+00:00","System":"/proc/meminfo","Measurement":"MemTotal:       16327188 kB\nMemFree:        13734884 kB\nMemAvailable:   15509068 kB\nBuffers:           81992 kB\nCached:          1886732 kB\nSwapCached:            0 kB\nActive:           621904 kB\nInactive:        1552900 kB\nActive(anon):     219220 kB\nInactive(anon):        0 kB\nActive(file):     402684 kB\nInactive(file):  1552900 kB\nUnevictable:       30368 kB\nMlocked:           27296 kB\nSwapTotal:             0 kB\nSwapFree:              0 kB\nZswap:                 0 kB\nZswapped:              0 kB\nDirty:               156 kB\nWriteback:             0 kB\nAnonPages:        235360 kB\nMapped:           195064 kB\nShmem:              4408 kB\nKReclaimable:     159928 kB\nSlab:             251160 kB\nSReclaimable:     159928 kB\nSUnreclaim:        91232 kB\nKernelStack:        3840 kB\nPageTables:         4884 kB\nSecPageTables:         0 kB\nNFS_Unstable:          0 kB\nBounce:                0 kB\nWritebackTmp:          0 kB\nCommitLimit:     8163592 kB\nCommitted_AS:    1026148 kB\nVmallocTotal:   34359738367 kB\nVmallocUsed:       32236 kB\nVmallocChunk:          0 kB\nPercpu:             3936 kB\nHardwareCorrupted:     0 kB\nAnonHugePages:    102400 kB\nShmemHugePages:        0 kB\nShmemPmdMapped:        0 kB\nFileHugePages:         0 kB\nFilePmdMapped:         0 kB\nUnaccepted:            0 kB\nHugePages_Total:       0\nHugePages_Free:        0\nHugePages_Rsvd:        0\nHugePages_Surp:        0\nHugepagesize:       2048 kB\nHugetlb:               0 kB\nDirectMap4k:      109736 kB\nDirectMap2M:     2983936 kB\nDirectMap1G:    15728640 kB\n"}}
{"Site":1,"Host":0,"Run":0,"Measurement":{"Timestamp":"2026-01-10T06:06:29+00:00","System":"/proc/diskstats","Measurement":"   7       0 loop0 11 0 28 0 0 0 0 0 0 0 0 0 0 0 0 0 0\n   7       1 loop1 0 0 0 0 0 0 0 0 0 0 0 0 0 0 0 0 0\n   7       2 loop2 0 0 0 0 0 0 0 0 0 0 0 0 0 0 0 0 0\n   7       3 loop3 0 0 0 0 0 0 0 0 0 0 0 0 0 0 0 0 0\n   7       4 loop4 0 0 0 0 0 0 0 0 0 0 0 0 0 0 0 0 0\n   7       5 loop5 0 0 0 0 0 0 0 0 0 0 0 0 0 0 0 0 0\n   7       6 loop6 0 0 0 0 0 0 0 0 0 0 0 0 0 0 0 0 0\n   7       7 loop7 0 0 0 0 0 0 0 0 0 0 0 0 0 0 0 0 0\n   8      16 sdb 322 0 20650 54 691 1090 1319960 7280 0 1940 7336 17 16 67104776 2 0 0\n   8      17 sdb1 263 0 18202 45 691 1090 1319960 7280 0 1973 7328 17 16 67104776 2 0 0\n   8       0 sda 15930 3541 1545099 26267 235764 99113 68166516 6734863 0 291499 6923469 8596 1835 149880960 34257 7627 128081\n   8       1 sda1 15371 2841 1511503 26133 235470 99090 68166240 6729764 0 338122 6790147 8593 1834 149868672 34248 0 0\n   8      14 sda14 127 0 1264 26 0 0 0 0 0 26 26 0 0 0 0 0 0\n   8      15 sda15 205 666 18510 52 2 0 2 0 0 38 53 0 0 0 0 0 0\n 259       0 sda16 179 34 11854 41 292 23 274 5097 0 6559 5148 3 1 12288 9 0 0\n"}}
{"Site":1,"Host":0,"Run":0,"Measurement":{"Timestamp":"2026-01-10T06:06:29+00:00","System":"/proc/net/dev","Measurement":"Inter-|   Receive                                                |  Transmit\n face |bytes    packets errs drop fifo frame compressed multicast|bytes    packets errs drop fifo colls carrier compressed\n    lo:   40951     272    0    0    0     0          0         0    40951     272    0    0    0     0       0          0\n  eth0: 420567583  713332    0    0    0     0          0         0 174423507  616608    0    0    0     0       0          0\ndocker0: 1056837   15854    0    0    0     0          0         0 197873275   23348    0    2    0     0       0          0\nvethf098dbd:  463457    5832    0    0    0     0          0         0 66076482    8380    0    0    0     0       0          0\nveth5046f66:  405703    4974    0    0    0     0          0         0 66159229    7552    0    0    0     0       0          0\nvethcbb1c2f:  409633    5048    0    0    0     0          0         0 65650696    7604    0    0    0     0       0          0\n"}}
{"Site":1,"Host":0,"Run":0,"Measurement":{"Timestamp":"2026-01-10T06:06:34+00:00","System":"/proc/stat","Measurement":"cpu  285353 766 38950 56412953 35148 0 873 0 0 0\ncpu0 72295 58 8816 14102356 9436 0 284 0 0 0\ncpu1 72968 283 8735 14102459 9416 0 253 0 0 0\ncpu2 70242 331 10705 14102816 8875 0 186 0 0 0\ncpu3 69846 92 10692 14105320 7419 0 149 0 0 0\nintr 23678035 0 0 0 0 2339 0 0 0 0 0 0 0 0 0 0 0 0 0 0 0 0 0 0 0 0 0 0 0 0 0 0 0 0 0 0 0 0 0 0 0 0 0 0 0 0 0 0 0 0 0 0 0 0 0 0 0 0 0 0 0 0 0 0 0 0 0 0 0 0 0 0 0 0 0 0 0 0 0 0 0 0 0 0 0 0 0 0 0 0 0 0 0 0 0 0 0 0 0 0 0 0 0 0 0 0 0 0 0 0 0 0 0 0 0 0 0 0 0 0 0 0 0 0 0 0 0 0 0 0 0 0 0 0 0 0 0 0 0 0 0 0 0 0 0 0 0 0 0 0 0 0 0 0 0 0 0 0 0 0 0 0 0 0 0 0 0 0 0 0 0 0 0 0 0 0 0 0 0 0 0 0 0 0 0 0 0 0 0 0 0 0 0 0 0 0 0 0 0 0 0 0 0 0 0 0 0 0 0 0 0 0 0 0 0 0 0 0 0 0 0 0 0 0 0 0 0 0 0 0 0 0 0 0 0 0 0 0 0 0 0 0 0 0 0 0 0 0 0 0 0 0 0 0 0 0 0 0 0 0 0 0 0 0 0 0 0 0 0 0 0 0 0 0 0 0 0 0 0 0 0 0 0 0 0 0 0 0 0 0 0 0 0 0 0 0 0 0 0 0 0 0 0 0 0 0 0 0 0 0 0 0 0 0 0 0 0 0 0 0 0 0 0 0 0 0 0 0 0 0 0 0 0 0 0 0 0 0 0 0 0 0 0 0 0 0 0 0 0 0 0 0 0 0 0 0 0 0 0 0 0 0 0 0 0 0 0 0 0 0 0 0 0 0 0 0 0 0 0 0 0 0 0 0 0 0 0 0 0 0 0 0 0 0 0 0 0 0 0 0 0 0 0 0 0 0 0 0 0 0 0 0 0 0 0 0 0 0 0 0 0 0 0 0 0 0 0 0 0 0 0 0 0 0 0 0 0 0 0 0 0 0 0 0 0 0 0 0 0 0 0 0 0 0 0 0 0\nctxt 19402028\nbtime 1767883122\nprocesses 54586\nprocs_running 5\nprocs_blocked 0\nsoftirq 15875191 0 5716924 3 955339 11 0 1153192 6650481 120 1399121\n"}}
{"Site":1,"Host":0,"Run":0,"Measurement":{"Timestamp":"2026-01-10T06:06:34+00:00","System":"/proc/meminfo","Measurement":"MemTotal:       16327188 kB\nMemFree:        13734688 kB\nMemAvailable:   15508876 kB\nBuffers:           81992 kB\nCached:          1886736 kB\nSwapCached:            0 kB\nActive:           622004 kB\nInactive:        1552904 kB\nActive(anon):     219320 kB\nInactive(anon):        0 kB\nActive(file):     402684 kB\nInactive(file):  1552904 kB\nUnevictable:       30368 kB\nMlocked:           27296 kB\nSwapTotal:             0 kB\nSwapFree:              0 kB\nZswap:                 0 kB\nZswapped:              0 kB\nDirty:               164 kB\nWriteback:             0 kB\nAnonPages:        235360 kB\nMapped:           195064 kB\nShmem:              4408 kB\nKReclaimable:     159928 kB\nSlab:             251128 kB\nSReclaimable:     159928 kB\nSUnreclaim:        91200 kB\nKernelStack:        3840 kB\nPageTables:         4872 kB\nSecPageTables:         0 kB\nNFS_Unstable:          0 kB\nBounce:                0 kB\nWritebackTmp:          0 kB\nCommitLimit:     8163592 kB\nCommitted_AS:    1026148 kB\nVmallocTotal:   34359738367 kB\nVmallocUsed:       32220 kB\nVmallocChunk:          0 kB\nPercpu:             3936 kB\nHardwareCorrupted:     0 kB\nAnonHugePages:    102400 kB\nShmemHugePages:        0 kB\nShmemPmdMapped:        0 kB\nFileHugePages:         0 kB\nFilePmdMapped:         0 kB\nUnaccepted:            0 kB\nHugePages_Total:       0\nHugePages_Free:        0\nHugePages_Rsvd:        0\nHugePages_Surp:        0\nHugepagesize:       2048 kB\nHugetlb:               0 kB\nDirectMap4k:      109736 kB\nDirectMap2M:     2983936 kB\nDirectMap1G:    15728640 kB\n"}}
{"Site":1,"Host":0,"Run":0,"Measurement":{"Timestamp":"2026-01-10T06:06:34+00:00","System":"/proc/diskstats","Measurement":"   7       0 loop0 11 0 28 0 0 0 0 0 0 0 0 0 0 0 0 0 0\n   7       1 loop1 0 0 0 0 0 0 0 0 0 0 0 0 0 0 0 0 0\n   7       2 loop2 0 0 0 0 0 0 0 0 0 0 0 0 0 0 0 0 0\n   7       3 loop3 0 0 0 0 0 0 0 0 0 0 0 0 0 0 0 0 0\n   7       4 loop4 0 0 0 0 0 0 0 0 0 0 0 0 0 0 0 0 0\n   7       5 loop5 0 0 0 0 0 0 0 0 0 0 0 0 0 0 0 0 0\n   7       6 loop6 0 0 0 0 0 0 0 0 0 0 0 0 0 0 0 0 0\n   7       7 loop7 0 0 0 0 0 0 0 0 0 0 0 0 0 0 0 0 0\n   8      16 sdb 322 0 20650 54 691 1090 1319960 7280 0 1940 7336 17 16 67104776 2 0 0\n   8      17 sdb1 263 0 18202 45 691 1090 1319960 7280 0 1973 7328 17 16 67104776 2 0 0\n   8       0 sda 15930 3541 1545099 26267 235765 99113 68166524 6734863 0 291499 6923469 8596 1835 149880960 34257 7627 128081\n   8       1 sda1 15371 2841 1511503 26133 235471 99090 68166248 6729765 0 338122 6790147 8593 1834 149868672 34248 0 0\n   8      14 sda14 127 0 1264 26 0 0 0 0 0 26 26 0 0 0 0 0 0\n   8      15 sda15 205 666 18510 52 2 0 2 0 0 38 53 0 0 0 0 0 0\n 259       0 sda16 179 34 11854 41 292 23 274 5097 0 6559 5148 3 1 12288 9 0 0\n"}}
{"Site":1,"Host":0,"Run":0,"Measurement":{"Timestamp":"2026-01-10T06:06:34+00:00","System":"/proc/net/dev","Measurement":"Inter-|   Receive                                                |  Transmit\n face |bytes    packets errs drop fifo frame compressed multicast|bytes    packets errs drop fifo colls carrier compressed\n    lo:   40951     272    0    0    0     0          0         0    40951     272    0    0    0     0       0          0\n  eth0: 420572886  713354    0    0    0     0          0         0 174429985  616637    0    0    0     0       0          0\ndocker0: 1056837   15854    0    0    0     0          0         0 197873275   23348    0    2    0     0       0          0\nvethf098dbd:  463457    5832    0    0    0     0          0         0 66076482    8380    0    0    0     0       0          0\nveth5046f66:  405703    4974    0    0    0     0          0         0 66159229    7552    0    0    0     0       0          0\nvethcbb1c2f:  409633    5048    0    0    0     0          0         0 65650696    7604    0    0    0     0       0          0\n"}}
{"Site":1,"Host":0,"Run":0,"Measurement":{"Timestamp":"2026-01-10T06:06:39+00:00","System":"/proc/stat","Measurement":"cpu  287380 766 38951 56412953 35148 0 873 0 0 0\ncpu0 72802 58 8817 14102356 9436 0 284 0 0 0\ncpu1 73475 283 8735 14102459 9416 0 253 0 0 0\ncpu2 70749 331 10705 14102816 8875 0 186 0 0 0\ncpu3 70353 92 10692 14105320 7419 0 149 0 0 0\nintr 23698513 0 0 0 0 2339 0 0 0 0 0 0 0 0 0 0 0 0 0 0 0 0 0 0 0 0 0 0 0 0 0 0 0 0 0 0 0 0 0 0 0 0 0 0 0 0 0 0 0 0 0 0 0 0 0 0 0 0 0 0 0 0 0 0 0 0 0 0 0 0 0 0 0 0 0 0 0 0 0 0 0 0 0 0 0 0 0 0 0 0 0 0 0 0 0 0 0 0 0 0 0 0 0 0 0 0 0 0 0 0 0 0 0 0 0 0 0 0 0 0 0 0 0 0 0 0 0 0 0 0 0 0 0 0 0 0 0 0 0 0 0 0 0 0 0 0 0 0 0 0 0 0 0 0 0 0 0 0 0 0 0 0 0 0 0 0 0 0 0 0 0 0 0 0 0 0 0 0 0 0 0 0 0 0 0 0 0 0 0 0 0 0 0 0 0 0 0 0 0 0 0 0 0 0 0 0 0 0 0 0 0 0 0 0 0 0 0 0 0 0 0 0 0 0 0 0 0 0 0 0 0 0 0 0 0 0 0 0 0 0 0 0 0 0 0 0 0 0 0 0 0 0 0 0 0 0 0 0 0 0 0 0 0 0 0 0 0 0 0 0 0 0 0 0 0 0 0 0 0 0 0 0 0 0 0 0 0 0 0 0 0 0 0 0 0 0 0 0 0 0 0 0 0 0 0 0 0 0 0 0 0 0 0 0 0 0 0 0 0 0 0 0 0 0 0 0 0 0 0 0 0 0 0 0 0 0 0 0 0 0 0 0 0 0 0 0 0 0 0 0 0 0 0 0 0 0 0 0 0 0 0 0 0 0 0 0 0 0 0 0 0 0 0 0 0 0 0 0 0 0 0 0 0 0 0 0 0 0 0 0 0 0 0 0 0 0 0 0 0 0 0 0 0 0 0 0 0 0 0 0 0 0 0 0 0 0 0 0 0 0 0 0 0 0 0 0 0 0 0 0 0 0 0 0 0 0 0 0 0 0 0 0 0 0 0 0 0 0 0 0 0 0 0 0 0 0 0\nctxt 19402749\nbtime 1767883122\nprocesses 54604\nprocs_running 5\nprocs_blocked 0\nsoftirq 15876256 0 5717124 3 955368 11 0 1153218 6650960 120 1399452\n"}}
{"Site":1,"Host":0,"Run":0,"Measurement":{"Timestamp":"2026-01-10T06:06:39+00:00","System":"/proc/meminfo","Measurement":"MemTotal:       16327188 kB\nMemFree:        13734688 kB\nMemAvailable:   15508880 kB\nBuffers:           81996 kB\nCached:          1886744 kB\nSwapCached:            0 kB\nActive:           622092 kB\nInactive:        1552908 kB\nActive(anon):     219408 kB\nInactive(anon):        0 kB\nActive(file):     402684 kB\nInactive(file):  1552908 kB\nUnevictable:       30368 kB\nMlocked:           27296 kB\nSwapTotal:             0 kB\nSwapFree:              0 kB\nZswap:                 0 kB\nZswapped:              0 kB\nDirty:                56 kB\nWriteback:             0 kB\nAnonPages:        235364 kB\nMapped:           195064 kB\nShmem:              4408 kB\nKReclaimable:     159928 kB\nSlab:             251128 kB\nSReclaimable:     159928 kB\nSUnreclaim:        91200 kB\nKernelStack:        3840 kB\nPageTables:         4876 kB\nSecPageTables:         0 kB\nNFS_Unstable:          0 kB\nBounce:                0 kB\nWritebackTmp:          0 kB\nCommitLimit:     8163592 kB\nCommitted_AS:    1026148 kB\nVmallocTotal:   34359738367 kB\nVmallocUsed:       32220 kB\nVmallocChunk:          0 kB\nPercpu:             3936 kB\nHardwareCorrupted:     0 kB\nAnonHugePages:    102400 kB\nShmemHugePages:        0 kB\nShmemPmdMapped:        0 kB\nFileHugePages:         0 kB\nFilePmdMapped:         0 kB\nUnaccepted:            0 kB\nHugePages_Total:       0\nHugePages_Free:        0\nHugePages_Rsvd:        0\nHugePages_Surp:        0\nHugepagesize:       2048 kB\nHugetlb:               0 kB\nDirectMap4k:      109736 kB\nDirectMap2M:     2983936 kB\nDirectMap1G:    15728640 kB\n"}}
{"Site":1,"Host":0,"Run":0,"Measurement":{"Timestamp":"2026-01-10T06:06:39+00:00","System":"/proc/diskstats","Measurement":"   7       0 loop0 11 0 28 0 0 0 0 0 0 0 0 0 0 0 0 0 0\n   7       1 loop1 0 0 0 0 0 0 0 0 0 0 0 0 0 0 0 0 0\n   7       2 loop2 0 0 0 0 0 0 0 0 0 0 0 0 0 0 0 0 0\n   7       3 loop3 0 0 0 0 0 0 0 0 0 0 0 0 0 0 0 0 0\n   7       4 loop4 0 0 0 0 0 0 0 0 0 0 0 0 0 0 0 0 0\n   7       5 loop5 0 0 0 0 0 0 0 0 0 0 0 0 0 0 0 0 0\n   7       6 loop6 0 0 0 0 0 0 0 0 0 0 0 0 0 0 0 0 0\n   7       7 loop7 0 0 0 0 0 0 0 0 0 0 0 0 0 0 0 0 0\n   8      16 sdb 322 0 20650 54 691 1090 1319960 7280 0 1940 7336 17 16 67104776 2 0 0\n   8      17 sdb1 263 0 18202 45 691 1090 1319960 7280 0 1973 7328 17 16 67104776 2 0 0\n   8       0 sda 15930 3541 1545099 26267 235793 99129 68166876 6734880 0 291516 6923501 8600 1835 149881008 34269 7628 128083\n   8       1 sda1 15371 2841 1511503 26133 235499 99106 68166600 6729782 0 338139 6790176 8597 1834 149868720 34260 0 0\n   8      14 sda14 127 0 1264 26 0 0 0 0 0 26 26 0 0 0 0 0 0\n   8      15 sda15 205 666 18510 52 2 0 2 0 0 38 53 0 0 0 0 0 0\n 259       0 sda16 179 34 11854 41 292 23 274 5097 0 6559 5148 3 1 12288 9 0 0\n"}}
{"Site":1,"Host":0,"Run":0,"Measurement":{"Timestamp":"2026-01-10T06:06:39+00:00","System":"/proc/net/dev","Measurement":"Inter-|   Receive                                                |  Transmit\n face |bytes    packets errs drop fifo frame compressed multicast|bytes    packets errs drop fifo colls carrier compressed\n    lo:   40951     272    0    0    0     0          0         0    40951     272    0    0    0     0       0          0\n  eth0: 420576682  713369    0    0    0     0          0         0 174435223  616656    0    0    0     0       0          0\ndocker0: 1056837   15854    0    0    0     0          0         0 197873275   23348    0    2    0     0       0          0\nvethf098dbd:  463457    5832    0    0    0     0          0         0 66076482    8380    0    0    0     0       0          0\nveth5046f66:  405703    4974    0    0    0     0          0         0 66159229    7552    0    0    0     0       0          0\nvethcbb1c2f:  409633    5048    0    0    0     0          0         0 65650696    7604    0    0    0     0       0          0\n"}}
{"Site":1,"Host":0,"Run":0,"Measurement":{"Timestamp":"2026-01-10T06:06:44+00:00","System":"/proc/stat","Measurement":"cpu  289401 766 38953 56412953 35148 0 873 0 0 0\ncpu0 73307 58 8817 14102356 9436 0 284 0 0 0\ncpu1 73980 283 8736 14102459 9416 0 253 0 0 0\ncpu2 71255 331 10706 14102816 8875 0 186 0 0 0\ncpu3 70858 92 10693 14105320 7419 0 149 0 0 0\nintr 23718871 0 0 0 0 2339 0 0 0 0 0 0 0 0 0 0 0 0 0 0 0 0 0 0 0 0 0 0 0 0 0 0 0 0 0 0 0 0 0 0 0 0 0 0 0 0 0 0 0 0 0 0 0 0 0 0 0 0 0 0 0 0 0 0 0 0 0 0 0 0 0 0 0 0 0 0 0 0 0 0 0 0 0 0 0 0 0 0 0 0 0 0 0 0 0 0 0 0 0 0 0 0 0 0 0 0 0 0 0 0 0 0 0 0 0 0 0 0 0 0 0 0 0 0 0 0 0 0 0 0 0 0 0 0 0 0 0 0 0 0 0 0 0 0 0 0 0 0 0 0 0 0 0 0 0 0 0 0 0 0 0 0 0 0 0 0 0 0 0 0 0 0 0 0 0 0 0 0 0 0 0 0 0 0 0 0 0 0 0 0 0 0 0 0 0 0 0 0 0 0 0 0 0 0 0 0 0 0 0 0 0 0 0 0 0 0 0 0 0 0 0 0 0 0 0 0 0 0 0 0 0 0 0 0 0 0 0 0 0 0 0 0 0 0 0 0 0 0 0 0 0 0 0 0 0 0 0 0 0 0 0 0 0 0 0 0 0 0 0 0 0 0 0 0 0 0 0 0 0 0 0 0 0 0 0 0 0 0 0 0 0 0 0 0 0 0 0 0 0 0 0 0 0 0 0 0 0 0 0 0 0 0 0 0 0 0 0 0 0 0 0 0 0 0 0 0 0 0 0 0 0 0 0 0 0 0 0 0 0 0 0 0 0 0 0 0 0 0 0 0 0 0 0 0 0 0 0 0 0 0 0 0 0 0 0 0 0 0 0 0 0 0 0 0 0 0 0 0 0 0 0 0 0 0 0 0 0 0 0 0 0 0 0 0 0 0 0 0 0 0 0 0 0 0 0 0 0 0 0 0 0 0 0 0 0 0 0 0 0 0 0 0 0 0 0 0 0 0 0 0 0 0 0 0 0 0 0 0 0 0 0 0 0 0 0 0 0 0 0 0 0 0 0 0 0 0 0\nctxt 19403369\nbtime 1767883122\nprocesses 54622\nprocs_running 5\nprocs_blocked 0\nsoftirq 15877172 0 5717300 3 955368 11 0 1153221 6651440 120 1399709\n"}}
{"Site":1,"Host":0,"Run":0,"Measurement":{"Timestamp":"2026-01-10T06:06:44+00:00","System":"/proc/meminfo","Measurement":"MemTotal:       16327188 kB\nMemFree:        13738784 kB\nMemAvailable:   15512988 kB\nBuffers:           81996 kB\nCached:          1886748 kB\nSwapCached:            0 kB\nActive:           621012 kB\nInactive:        1552920 kB\nActive(anon):     218328 kB\nInactive(anon):        0 kB\nActive(file):     402684 kB\nInactive(file):  1552920 kB\nUnevictable:       30368 kB\nMlocked:           27296 kB\nSwapTotal:             0 kB\nSwapFree:              0 kB\nZswap:                 0 kB\nZswapped:              0 kB\nDirty:                60 kB\nWriteback:             0 kB\nAnonPages:        235364 kB\nMapped:           195064 kB\nShmem:              4408 kB\nKReclaimable:     159928 kB\nSlab:             251128 kB\nSReclaimable:     159928 kB\nSUnreclaim:        91200 kB\nKernelStack:        3840 kB\nPageTables:         4880 kB\nSecPageTables:         0 kB\nNFS_Unstable:          0 kB\nBounce:                0 kB\nWritebackTmp:          0 kB\nCommitLimit:     8163592 kB\nCommitted_AS:    1026148 kB\nVmallocTotal:   34359738367 kB\nVmallocUsed:       32220 kB\nVmallocChunk:          0 kB\nPercpu:             3936 kB\nHardwareCorrupted:     0 kB\nAnonHugePages:    104448 kB\nShmemHugePages:        0 kB\nShmemPmdMapped:        0 kB\nFileHugePages:         0 kB\nFilePmdMapped:         0 kB\nUnaccepted:            0 kB\nHugePages_Total:       0\nHugePages_Free:        0\nHugePages_Rsvd:        0\nHugePages_Surp:        0\nHugepagesize:       2048 kB\nHugetlb:               0 kB\nDirectMap4k:      109736 kB\nDirectMap2M:     2983936 kB\nDirectMap1G:    15728640 kB\n"}}
{"Site":1,"Host":0,"Run":0,"Measurement":{"Timestamp":"2026-01-10T06:06:44+00:00","System":"/proc/diskstats","Measurement":"   7       0 loop0 11 0 28 0 0 0 0 0 0 0 0 0 0 0 0 0 0\n   7       1 loop1 0 0 0 0 0 0 0 0 0 0 0 0 0 0 0 0 0\n   7       2 loop2 0 0 0 0 0 0 0 0 0 0 0 0 0 0 0 0 0\n   7       3 loop3 0 0 0 0 0 0 0 0 0 0 0 0 0 0 0 0 0\n   7       4 loop4 0 0 0 0 0 0 0 0 0 0 0 0 0 0 0 0 0\n   7       5 loop5 0 0 0 0 0 0 0 0 0 0 0 0 0 0 0 0 0\n   7       6 loop6 0 0 0 0 0 0 0 0 0 0 0 0 0 0 0 0 0\n   7       7 loop7 0 0 0 0 0 0 0 0 0 0 0 0 0 0 0 0 0\n   8      16 sdb 322 0 20650 54 691 1090 1319960 7280 0 1940 7336 17 16 67104776 2 0 0\n   8      17 sdb1 263 0 18202 45 691 1090 1319960 7280 0 1973 7328 17 16 67104776 2 0 0\n   8       0 sda 15930 3541 1545099 26267 235793 99129 68166876 6734880 0 291516 6923501 8600 1835 149881008 34269 7628 128083\n   8       1 sda1 15371 2841 1511503 26133 235499 99106 68166600 6729782 0 338139 6790176 8597 1834 149868720 34260 0 0\n   8      14 sda14 127 0 1264 26 0 0 0 0 0 26 26 0 0 0 0 0 0\n   8      15 sda15 205 666 18510 52 2 0 2 0 0 38 53 0 0 0 0 0 0\n 259       0 sda16 179 34 11854 41 292 23 274 5097 0 6559 5148 3 1 12288 9 0 0\n"}}
{"Site":1,"Host":0,"Run":0,"Measurement":{"Timestamp":"2026-01-10T06:06:44+00:00","System":"/proc/net/dev","Measurement":"Inter-|   Receive                                                |  Transmit\n face |bytes    packets errs drop fifo frame compressed multicast|bytes    packets errs drop fifo colls carrier compressed\n    lo:   40951     272    0    0    0     0          0         0    40951     272    0    0    0     0       0          0\n  eth0: 420576682  713369    0    0    0     0          0         0 174435223  616656    0    0    0     0       0          0\ndocker0: 1056837   15854    0    0    0     0          0         0 197873275   23348    0    2    0     0       0          0\nvethf098dbd:  463457    5832    0    0    0     0          0         0 66076482    8380    0    0    0     0       0          0\nveth5046f66:  405703    4974    0    0    0     0          0         0 66159229    7552    0    0    0     0       0          0\nvethcbb1c2f:  409633    5048    0    0    0     0          0         0 65650696    7604    0    0    0     0       0          0\n"}}
{"Site":1,"Host":0,"Run":0,"Measurement":{"Timestamp":"2026-01-10T06:06:50+00:00","System":"/proc/stat","Measurement":"cpu  291421 766 38955 56412953 35148 0 873 0 0 0\ncpu0 73812 58 8817 14102356 9436 0 284 0 0 0\ncpu1 74486 283 8736 14102459 9416 0 253 0 0 0\ncpu2 71759 331 10707 14102816 8875 0 186 0 0 0\ncpu3 71363 92 10693 14105320 7419 0 149 0 0 0\nintr 23739308 0 0 0 0 2339 0 0 0 0 0 0 0 0 0 0 0 0 0 0 0 0 0 0 0 0 0 0 0 0 0 0 0 0 0 0 0 0 0 0 0 0 0 0 0 0 0 0 0 0 0 0 0 0 0 0 0 0 0 0 0 0 0 0 0 0 0 0 0 0 0 0 0 0 0 0 0 0 0 0 0 0 0 0 0 0 0 0 0 0 0 0 0 0 0 0 0 0 0 0 0 0 0 0 0 0 0 0 0 0 0 0 0 0 0 0 0 0 0 0 0 0 0 0 0 0 0 0 0 0 0 0 0 0 0 0 0 0 0 0 0 0 0 0 0 0 0 0 0 0 0 0 0 0 0 0 0 0 0 0 0 0 0 0 0 0 0 0 0 0 0 0 0 0 0 0 0 0 0 0 0 0 0 0 0 0 0 0 0 0 0 0 0 0 0 0 0 0 0 0 0 0 0 0 0 0 0 0 0 0 0 0 0 0 0 0 0 0 0 0 0 0 0 0 0 0 0 0 0 0 0 0 0 0 0 0 0 0 0 0 0 0 0 0 0 0 0 0 0 0 0 0 0 0 0 0 0 0 0 0 0 0 0 0 0 0 0 0 0 0 0 0 0 0 0 0 0 0 0 0 0 0 0 0 0 0 0 0 0 0 0 0 0 0 0 0 0 0 0 0 0 0 0 0 0 0 0 0 0 0 0 0 0 0 0 0 0 0 0 0 0 0 0 0 0 0 0 0 0 0 0 0 0 0 0 0 0 0 0 0 0 0 0 0 0 0 0 0 0 0 0 0 0 0 0 0 0 0 0 0 0 0 0 0 0 0 0 0 0 0 0 0 0 0 0 0 0 0 0 0 0 0 0 0 0 0 0 0 0 0 0 0 0 0 0 0 0 0 0 0 0 0 0 0 0 0 0 0 0 0 0 0 0 0 0 0 0 0 0 0 0 0 0 0 0 0 0 0 0 0 0 0 0 0 0 0 0 0 0 0 0 0 0 0 0 0 0 0 0 0 0 0 0 0 0 0 0\nctxt 19404199\nbtime 1767883122\nprocesses 54640\nprocs_running 5\nprocs_blocked 0\nsoftirq 15878186 0 5717494 3 955394 11 0 1153226 6651916 120 1400022\n"}}
