{ "Site": 1, "Host": 0, "Run": 0, "Measurement": { "Timestamp": "2026-01-10T18:06:07.784822869Z", "Frequency": 5000000000, "System": "/proc/stat", "Measurement": "cpu 335269 7244 152955 187198224 168259 0 8836 0 0 0\ncpu0 159055 3645 59576 93623026 81825 0 5037 0 0 0\ncpu1 176213 3599 93378 93575197 86434 0 3799 0 0 0\nintr 74870343 0 0 0 0 2588 0 0 0 0 0 0 0 0 0 0 0 0 0 0 0 0 0 0 0 0 0 0 0 0 0 0 0 0 0 0 0 0 0 0 0 0 0 0 0 0 0 0 0 0 0 0 0 0 0 0 0 0 0 0 0 0 0 0 0 0 0 0 0 0 0 0 0 0 0 0 0 0 0 0 0 0 0 0 0 0 0 0 0 0 0 0 0 0 0 0 0 0 0 0 0 0 0 0 0 0 0 0 0 0 0 0 0 0 0 0 0 0 0 0 0 0 0 0 0 0 0 0 0 0 0 0 0 0 0 0 0 0 0 0 0 0 0 0 0 0 0 0 0 0 0 0 0 0 0 0 0 0 0 0 0 0 0 0 0 0 0 0 0 0 0 0 0 0 0 0 0 0 0 0 0 0 0 0 0 0 0 0 0 0 0 0 0 0 0 0 0 0 0 0 0 0 0 0 0 0 0 0 0 0 0 0 0 0 0 0 0 0 0 0 0 0 0 0 0 0 0 0 0 0 0 0 0 0 0 0 0 0 0 0 0 0 0 0 0 0 0 0 0 0 0 0 0 0 0 0 0 0 0 0 0 0 0 0 0 0 0 0 0 0 0 0 0 0 0 0 0 0 0 0 0 0 0 0 0 0 0 0 0 0 0 0 0 0 0 0 0 0 0 0 0 0 0 0 0 0 0 0 0 0 0 0 0 0 0 0 0 0 0 0 0 0 0 0 0 0 0 0 0 0 0 0 0 0 0 0 0 0 0 0 0 0 0 0 0 0 0 0 0 0 0 0 0 0 0 0 0 0 0 0 0 0 0 0 0 0 0 0 0 0 0 0 0 0 0 0 0 0 0 0 0 0 0 0 0 0 0 0 0 0 0 0 0 0 0 0 0 0 0 0 0 0 0 0 0 0 0 0 0 0 0 0 0 0 0 0 0 0 0 0 0 0 0 0 0 0 0 0 0 0 0 0 0 0 0 0 0 0 0 0 0\nctxt 105049749\nbtime 1767127868\nprocesses 148295\nprocs_running 1\nprocs_blocked 1\nsoftirq 71957680 0 19031662 156 9160803 869 0 13407265 21834359 449 8522117" } }
{ "Site": 1, "Host": 0, "Run": 0, "Measurement": { "Timestamp": "2026-01-10T18:06:07.784822869Z", "Frequency": 5000000000, "System": "/proc/meminfo", "Measurement": "MemTotal: 3960648 kB\nMemFree: 414908 kB\nMemAvailable: 3226860 kB\nBuffers: 113880 kB\nCached: 2821452 kB\nSwapCached: 0 kB\nActive: 655296 kB\nInactive: 2501152 kB\nActive(anon): 220208 kB\nInactive(anon): 14524 kB\nActive(file): 435088 kB\nInactive(file): 2486628 kB\nUnevictable: 30896 kB\nMlocked: 27824 kB\nSwapTotal: 0 kB\nSwapFree: 0 kB\nZswap: 0 kB\nZswapped: 0 kB\nDirty: 908 kB\nWriteback: 0 kB\nAnonPages: 252020 kB\nMapped: 177024 kB\nShmem: 4552 kB\nKReclaimable: 187580 kB\nSlab: 280880 kB\nSReclaimable: 187580 kB\nSUnreclaim: 93300 kB\nKernelStack: 2880 kB\nPageTables: 4504 kB\nSecPageTables: 0 kB\nNFS_Unstable: 0 kB\nBounce: 0 kB\nWritebackTmp: 0 kB\nCommitLimit: 1980324 kB\nCommitted_AS: 887980 kB\nVmallocTotal: 34359738367 kB\nVmallocUsed: 36984 kB\nVmallocChunk: 0 kB\nPercpu: 5496 kB\nHardwareCorrupted: 0 kB\nAnonHugePages: 137216 kB\nShmemHugePages: 0 kB\nShmemPmdMapped: 0 kB\nFileHugePages: 0 kB\nFilePmdMapped: 0 kB\nUnaccepted: 0 kB\nHugePages_Total: 0\nHugePages_Free: 0\nHugePages_Rsvd: 0\nHugePages_Surp: 0\nHugepagesize: 2048 kB\nHugetlb: 0 kB\nDirectMap4k: 126156 kB\nDirectMap2M: 2967552 kB\nDirectMap1G: 3145728 kB" } }
{ "Site": 1, "Host": 0, "Run": 0, "Measurement": { "Timestamp": "2026-01-10T18:06:07.784822869Z", "Frequency": 5000000000, "System": "/proc/diskstats", "Measurement": " 7 0 loop0 278 0 5266 338 0 0 0 0 0 330 338 0 0 0 0 0 0\n 7 1 loop1 75 0 2508 40 0 0 0 0 0 36 40 0 0 0 0 0 0\n 7 2 loop2 92 0 3744 87 0 0 0 0 0 86 87 0 0 0 0 0 0\n 7 3 loop3 418 0 28930 29 0 0 0 0 0 33 29 0 0 0 0 0 0\n 7 4 loop4 10 0 20 0 0 0 0 0 0 1 0 0 0 0 0 0 0\n 7 5 loop5 0 0 0 0 0 0 0 0 0 0 0 0 0 0 0 0 0\n 7 6 loop6 0 0 0 0 0 0 0 0 0 0 0 0 0 0 0 0 0\n 7 7 loop7 0 0 0 0 0 0 0 0 0 0 0 0 0 0 0 0 0\n 8 0 sda 18851 4623 1415492 53128 1461896 1044612 42138914 7124737 0 1670539 8260643 160704 3245 111179356 515164 171331 567612\n 8 1 sda1 18441 2968 1392878 52978 1461882 1044604 42138808 7124711 0 1987262 7692851 160703 3244 110978080 515161 0 0\n 8 14 sda14 92 0 1232 22 0 0 0 0 0 25 22 0 0 0 0 0 0\n 8 15 sda15 182 1655 17670 78 2 0 2 0 0 63 81 1 1 201276 2 0 0\n 8 16 sdb 319 1 19490 98 233 1045 402016 18688 0 1194 18796 69 68 33069976 9 0 0\n 8 17 sdb1 110 1 6474 71 233 1045 402016 18688 0 1205 18769 69 68 33069976 9 0 0\n 11 0 sr0 78 0 560 15 0 0 0 0 0 12 15 0 0 0 0 0 0" } }
{ "Site": 1, "Host": 0, "Run": 0, "Measurement": { "Timestamp": "2026-01-10T18:06:07.784822869Z", "Frequency": 5000000000, "System": "/proc/net/dev", "Measurement": "Inter-| Receive | Transmit\n face |bytes packets errs drop fifo frame compressed multicast|bytes packets errs drop fifo colls carrier compressed\n lo: 4234537 29335 0 0 0 0 0 0 4234537 29335 0 0 0 0 0 0\n eth0: 1311423255 4196179 0 0 0 0 0 0 1376606980 6895776 0 0 0 0 0 0\ndocker0: 282754 4373 0 0 0 0 0 0 112467745 12612 0 0 0 0 0 0\nbr-490d867fe46d: 112 4 0 0 0 0 0 0 526 5 0 0 0 0 0 0" } }
{ "Site": 1, "Host": 0, "Run": 0, "Measurement": { "Timestamp": "2026-01-10T18:06:13.011324252Z", "Frequency": 5000000000, "System": "/proc/stat", "Measurement": "cpu 335290 7244 152958 187199241 168260 0 8836 0 0 0\ncpu0 159066 3645 59577 93623535 81826 0 5037 0 0 0\ncpu1 176224 3599 93380 93575706 86434 0 3799 0 0 0\nintr 74871150 0 0 0 0 2588 0 0 0 0 0 0 0 0 0 0 0 0 0 0 0 0 0 0 0 0 0 0 0 0 0 0 0 0 0 0 0 0 0 0 0 0 0 0 0 0 0 0 0 0 0 0 0 0 0 0 0 0 0 0 0 0 0 0 0 0 0 0 0 0 0 0 0 0 0 0 0 0 0 0 0 0 0 0 0 0 0 0 0 0 0 0 0 0 0 0 0 0 0 0 0 0 0 0 0 0 0 0 0 0 0 0 0 0 0 0 0 0 0 0 0 0 0 0 0 0 0 0 0 0 0 0 0 0 0 0 0 0 0 0 0 0 0 0 0 0 0 0 0 0 0 0 0 0 0 0 0 0 0 0 0 0 0 0 0 0 0 0 0 0 0 0 0 0 0 0 0 0 0 0 0 0 0 0 0 0 0 0 0 0 0 0 0 0 0 0 0 0 0 0 0 0 0 0 0 0 0 0 0 0 0 0 0 0 0 0 0 0 0 0 0 0 0 0 0 0 0 0 0 0 0 0 0 0 0 0 0 0 0 0 0 0 0 0 0 0 0 0 0 0 0 0 0 0 0 0 0 0 0 0 0 0 0 0 0 0 0 0 0 0 0 0 0 0 0 0 0 0 0 0 0 0 0 0 0 0 0 0 0 0 0 0 0 0 0 0 0 0 0 0 0 0 0 0 0 0 0 0 0 0 0 0 0 0 0 0 0 0 0 0 0 0 0 0 0 0 0 0 0 0 0 0 0 0 0 0 0 0 0 0 0 0 0 0 0 0 0 0 0 0 0 0 0 0 0 0 0 0 0 0 0 0 0 0 0 0 0 0 0 0 0 0 0 0 0 0 0 0 0 0 0 0 0 0 0 0 0 0 0 0 0 0 0 0 0 0 0 0 0 0 0 0 0 0 0 0 0 0 0 0 0 0 0 0 0 0 0 0 0 0 0 0 0 0 0 0 0 0 0 0 0 0 0 0 0 0 0 0 0 0 0\nctxt 105050395\nbtime 1767127868\nprocesses 148313\nprocs_running 1\nprocs_blocked 0\nsoftirq 71958391 0 19031816 156 9160897 869 0 13407282 21834554 449 8522368" } }
{ "Site": 1, "Host": 0, "Run": 0, "Measurement": { "Timestamp": "2026-01-10T18:06:13.011324252Z", "Frequency": 5000000000, "System": "/proc/meminfo", "Measurement": "MemTotal: 3960648 kB\nMemFree: 414404 kB\nMemAvailable: 3226364 kB\nBuffers: 113880 kB\nCached: 2821460 kB\nSwapCached: 0 kB\nActive: 655380 kB\nInactive: 2501160 kB\nActive(anon): 220292 kB\nInactive(anon): 14524 kB\nActive(file): 435088 kB\nInactive(file): 2486636 kB\nUnevictable: 30896 kB\nMlocked: 27824 kB\nSwapTotal: 0 kB\nSwapFree: 0 kB\nZswap: 0 kB\nZswapped: 0 kB\nDirty: 912 kB\nWriteback: 0 kB\nAnonPages: 252120 kB\nMapped: 177052 kB\nShmem: 4552 kB\nKReclaimable: 187580 kB\nSlab: 280880 kB\nSReclaimable: 187580 kB\nSUnreclaim: 93300 kB\nKernelStack: 2880 kB\nPageTables: 4504 kB\nSecPageTables: 0 kB\nNFS_Unstable: 0 kB\nBounce: 0 kB\nWritebackTmp: 0 kB\nCommitLimit: 1980324 kB\nCommitted_AS: 887980 kB\nVmallocTotal: 34359738367 kB\nVmallocUsed: 36968 kB\nVmallocChunk: 0 kB\nPercpu: 5496 kB\nHardwareCorrupted: 0 kB\nAnonHugePages: 137216 kB\nShmemHugePages: 0 kB\nShmemPmdMapped: 0 kB\nFileHugePages: 0 kB\nFilePmdMapped: 0 kB\nUnaccepted: 0 kB\nHugePages_Total: 0\nHugePages_Free: 0\nHugePages_Rsvd: 0\nHugePages_Surp: 0\nHugepagesize: 2048 kB\nHugetlb: 0 kB\nDirectMap4k: 126156 kB\nDirectMap2M: 2967552 kB\nDirectMap1G: 3145728 kB" } }
{ "Site": 1, "Host": 0, "Run": 0, "Measurement": { "Timestamp": "2026-01-10T18:06:13.011324252Z", "Frequency": 5000000000, "System": "/proc/diskstats", "Measurement": " 7 0 loop0 278 0 5266 338 0 0 0 0 0 330 338 0 0 0 0 0 0\n 7 1 loop1 75 0 2508 40 0 0 0 0 0 36 40 0 0 0 0 0 0\n 7 2 loop2 92 0 3744 87 0 0 0 0 0 86 87 0 0 0 0 0 0\n 7 3 loop3 418 0 28930 29 0 0 0 0 0 33 29 0 0 0 0 0 0\n 7 4 loop4 10 0 20 0 0 0 0 0 0 1 0 0 0 0 0 0 0\n 7 5 loop5 0 0 0 0 0 0 0 0 0 0 0 0 0 0 0 0 0\n 7 6 loop6 0 0 0 0 0 0 0 0 0 0 0 0 0 0 0 0 0\n 7 7 loop7 0 0 0 0 0 0 0 0 0 0 0 0 0 0 0 0 0\n 8 0 sda 18851 4623 1415492 53128 1461904 1044622 42139066 7124745 0 1670547 8260657 160705 3245 111179364 515167 171332 567615\n 8 1 sda1 18441 2968 1392878 52978 1461890 1044614 42138960 7124718 0 1987270 7692861 160704 3244 110978088 515164 0 0\n 8 14 sda14 92 0 1232 22 0 0 0 0 0 25 22 0 0 0 0 0 0\n 8 15 sda15 182 1655 17670 78 2 0 2 0 0 63 81 1 1 201276 2 0 0\n 8 16 sdb 319 1 19490 98 233 1045 402016 18688 0 1194 18796 69 68 33069976 9 0 0\n 8 17 sdb1 110 1 6474 71 233 1045 402016 18688 0 1205 18769 69 68 33069976 9 0 0\n 11 0 sr0 78 0 560 15 0 0 0 0 0 12 15 0 0 0 0 0 0" } }
{ "Site": 1, "Host": 0, "Run": 0, "Measurement": { "Timestamp": "2026-01-10T18:06:13.011324252Z", "Frequency": 5000000000, "System": "/proc/net/dev", "Measurement": "Inter-| Receive | Transmit\n face |bytes packets errs drop fifo frame compressed multicast|bytes packets errs drop fifo colls carrier compressed\n lo: 4234537 29335 0 0 0 0 0 0 4234537 29335 0 0 0 0 0 0\n eth0: 1311432393 4196218 0 0 0 0 0 0 1376616710 6895843 0 0 0 0 0 0\ndocker0: 282754 4373 0 0 0 0 0 0 112467745 12612 0 0 0 0 0 0\nbr-490d867fe46d: 112 4 0 0 0 0 0 0 526 5 0 0 0 0 0 0" } }
{ "Site": 1, "Host": 0, "Run": 0, "Measurement": { "Timestamp": "2026-01-10T18:06:18.238858650Z", "Frequency": 5000000000, "System": "/proc/stat", "Measurement": "cpu 335311 7244 152960 187200262 168260 0 8836 0 0 0\ncpu0 159077 3645 59579 93624045 81826 0 5037 0 0 0\ncpu1 176234 3599 93381 93576217 86434 0 3799 0 0 0\nintr 74871868 0 0 0 0 2588 0 0 0 0 0 0 0 0 0 0 0 0 0 0 0 0 0 0 0 0 0 0 0 0 0 0 0 0 0 0 0 0 0 0 0 0 0 0 0 0 0 0 0 0 0 0 0 0 0 0 0 0 0 0 0 0 0 0 0 0 0 0 0 0 0 0 0 0 0 0 0 0 0 0 0 0 0 0 0 0 0 0 0 0 0 0 0 0 0 0 0 0 0 0 0 0 0 0 0 0 0 0 0 0 0 0 0 0 0 0 0 0 0 0 0 0 0 0 0 0 0 0 0 0 0 0 0 0 0 0 0 0 0 0 0 0 0 0 0 0 0 0 0 0 0 0 0 0 0 0 0 0 0 0 0 0 0 0 0 0 0 0 0 0 0 0 0 0 0 0 0 0 0 0 0 0 0 0 0 0 0 0 0 0 0 0 0 0 0 0 0 0 0 0 0 0 0 0 0 0 0 0 0 0 0 0 0 0 0 0 0 0 0 0 0 0 0 0 0 0 0 0 0 0 0 0 0 0 0 0 0 0 0 0 0 0 0 0 0 0 0 0 0 0 0 0 0 0 0 0 0 0 0 0 0 0 0 0 0 0 0 0 0 0 0 0 0 0 0 0 0 0 0 0 0 0 0 0 0 0 0 0 0 0 0 0 0 0 0 0 0 0 0 0 0 0 0 0 0 0 0 0 0 0 0 0 0 0 0 0 0 0 0 0 0 0 0 0 0 0 0 0 0 0 0 0 0 0 0 0 0 0 0 0 0 0 0 0 0 0 0 0 0 0 0 0 0 0 0 0 0 0 0 0 0 0 0 0 0 0 0 0 0 0 0 0 0 0 0 0 0 0 0 0 0 0 0 0 0 0 0 0 0 0 0 0 0 0 0 0 0 0 0 0 0 0 0 0 0 0 0 0 0 0 0 0 0 0 0 0 0 0 0 0 0 0 0 0 0 0 0 0 0 0 0 0 0 0 0 0 0 0 0 0 0\nctxt 105051012\nbtime 1767127868\nprocesses 148331\nprocs_running 1\nprocs_blocked 0\nsoftirq 71958984 0 19031951 156 9160959 869 0 13407293 21834722 449 8522585" } }
{ "Site": 1, "Host": 0, "Run": 0, "Measurement": { "Timestamp": "2026-01-10T18:06:18.238858650Z", "Frequency": 5000000000, "System": "/proc/meminfo", "Measurement": "MemTotal: 3960648 kB\nMemFree: 414152 kB\nMemAvailable: 3226116 kB\nBuffers: 113880 kB\nCached: 2821464 kB\nSwapCached: 0 kB\nActive: 655416 kB\nInactive: 2501164 kB\nActive(anon): 220328 kB\nInactive(anon): 14524 kB\nActive(file): 435088 kB\nInactive(file): 2486640 kB\nUnevictable: 30896 kB\nMlocked: 27824 kB\nSwapTotal: 0 kB\nSwapFree: 0 kB\nZswap: 0 kB\nZswapped: 0 kB\nDirty: 920 kB\nWriteback: 0 kB\nAnonPages: 252140 kB\nMapped: 177052 kB\nShmem: 4552 kB\nKReclaimable: 187580 kB\nSlab: 280880 kB\nSReclaimable: 187580 kB\nSUnreclaim: 93300 kB\nKernelStack: 2880 kB\nPageTables: 4500 kB\nSecPageTables: 0 kB\nNFS_Unstable: 0 kB\nBounce: 0 kB\nWritebackTmp: 0 kB\nCommitLimit: 1980324 kB\nCommitted_AS: 887980 kB\nVmallocTotal: 34359738367 kB\nVmallocUsed: 36984 kB\nVmallocChunk: 0 kB\nPercpu: 5496 kB\nHardwareCorrupted: 0 kB\nAnonHugePages: 137216 kB\nShmemHugePages: 0 kB\nShmemPmdMapped: 0 kB\nFileHugePages: 0 kB\nFilePmdMapped: 0 kB\nUnaccepted: 0 kB\nHugePages_Total: 0\nHugePages_Free: 0\nHugePages_Rsvd: 0\nHugePages_Surp: 0\nHugepagesize: 2048 kB\nHugetlb: 0 kB\nDirectMap4k: 126156 kB\nDirectMap2M: 2967552 kB\nDirectMap1G: 3145728 kB" } }
{ "Site": 1, "Host": 0, "Run": 0, "Measurement": { "Timestamp": "2026-01-10T18:06:18.238858650Z", "Frequency": 5000000000, "System": "/proc/diskstats", "Measurement": " 7 0 loop0 278 0 5266 338 0 0 0 0 0 330 338 0 0 0 0 0 0\n 7 1 loop1 75 0 2508 40 0 0 0 0 0 36 40 0 0 0 0 0 0\n 7 2 loop2 92 0 3744 87 0 0 0 0 0 86 87 0 0 0 0 0 0\n 7 3 loop3 418 0 28930 29 0 0 0 0 0 33 29 0 0 0 0 0 0\n 7 4 loop4 10 0 20 0 0 0 0 0 0 1 0 0 0 0 0 0 0\n 7 5 loop5 0 0 0 0 0 0 0 0 0 0 0 0 0 0 0 0 0\n 7 6 loop6 0 0 0 0 0 0 0 0 0 0 0 0 0 0 0 0 0\n 7 7 loop7 0 0 0 0 0 0 0 0 0 0 0 0 0 0 0 0 0\n 8 0 sda 18851 4623 1415492 53128 1461912 1044627 42139170 7124754 0 1670559 8260674 160706 3245 111179372 515170 171333 567620\n 8 1 sda1 18441 2968 1392878 52978 1461898 1044619 42139064 7124728 0 1987282 7692874 160705 3244 110978096 515167 0 0\n 8 14 sda14 92 0 1232 22 0 0 0 0 0 25 22 0 0 0 0 0 0\n 8 15 sda15 182 1655 17670 78 2 0 2 0 0 63 81 1 1 201276 2 0 0\n 8 16 sdb 319 1 19490 98 233 1045 402016 18688 0 1194 18796 69 68 33069976 9 0 0\n 8 17 sdb1 110 1 6474 71 233 1045 402016 18688 0 1205 18769 69 68 33069976 9 0 0\n 11 0 sr0 78 0 560 15 0 0 0 0 0 12 15 0 0 0 0 0 0" } }
{ "Site": 1, "Host": 0, "Run": 0, "Measurement": { "Timestamp": "2026-01-10T18:06:18.238858650Z", "Frequency": 5000000000, "System": "/proc/net/dev", "Measurement": "Inter-| Receive | Transmit\n face |bytes packets errs drop fifo frame compressed multicast|bytes packets errs drop fifo colls carrier compressed\n lo: 4234537 29335 0 0 0 0 0 0 4234537 29335 0 0 0 0 0 0\n eth0: 1311436665 4196240 0 0 0 0 0 0 1376625025 6895891 0 0 0 0 0 0\ndocker0: 282754 4373 0 0 0 0 0 0 112467745 12612 0 0 0 0 0 0\nbr-490d867fe46d: 112 4 0 0 0 0 0 0 526 5 0 0 0 0 0 0" } }
{ "Site": 1, "Host": 0, "Run": 0, "Measurement": { "Timestamp": "2026-01-10T18:06:23.465509276Z", "Frequency": 5000000000, "System": "/proc/stat", "Measurement": "cpu 335333 7244 152962 187201281 168261 0 8836 0 0 0\ncpu0 159087 3645 59580 93624555 81826 0 5037 0 0 0\ncpu1 176245 3599 93381 93576726 86435 0 3799 0 0 0\nintr 74872579 0 0 0 0 2588 0 0 0 0 0 0 0 0 0 0 0 0 0 0 0 0 0 0 0 0 0 0 0 0 0 0 0 0 0 0 0 0 0 0 0 0 0 0 0 0 0 0 0 0 0 0 0 0 0 0 0 0 0 0 0 0 0 0 0 0 0 0 0 0 0 0 0 0 0 0 0 0 0 0 0 0 0 0 0 0 0 0 0 0 0 0 0 0 0 0 0 0 0 0 0 0 0 0 0 0 0 0 0 0 0 0 0 0 0 0 0 0 0 0 0 0 0 0 0 0 0 0 0 0 0 0 0 0 0 0 0 0 0 0 0 0 0 0 0 0 0 0 0 0 0 0 0 0 0 0 0 0 0 0 0 0 0 0 0 0 0 0 0 0 0 0 0 0 0 0 0 0 0 0 0 0 0 0 0 0 0 0 0 0 0 0 0 0 0 0 0 0 0 0 0 0 0 0 0 0 0 0 0 0 0 0 0 0 0 0 0 0 0 0 0 0 0 0 0 0 0 0 0 0 0 0 0 0 0 0 0 0 0 0 0 0 0 0 0 0 0 0 0 0 0 0 0 0 0 0 0 0 0 0 0 0 0 0 0 0 0 0 0 0 0 0 0 0 0 0 0 0 0 0 0 0 0 0 0 0 0 0 0 0 0 0 0 0 0 0 0 0 0 0 0 0 0 0 0 0 0 0 0 0 0 0 0 0 0 0 0 0 0 0 0 0 0 0 0 0 0 0 0 0 0 0 0 0 0 0 0 0 0 0 0 0 0 0 0 0 0 0 0 0 0 0 0 0 0 0 0 0 0 0 0 0 0 0 0 0 0 0 0 0 0 0 0 0 0 0 0 0 0 0 0 0 0 0 0 0 0 0 0 0 0 0 0 0 0 0 0 0 0 0 0 0 0 0 0 0 0 0 0 0 0 0 0 0 0 0 0 0 0 0 0 0 0 0 0 0 0 0 0 0 0 0 0 0 0 0 0 0 0 0 0\nctxt 105051618\nbtime 1767127868\nprocesses 148349\nprocs_running 1\nprocs_blocked 0\nsoftirq 71959623 0 19032106 156 9161013 869 0 13407304 21834906 449 8522820" } }
{ "Site": 1, "Host": 0, "Run": 0, "Measurement": { "Timestamp": "2026-01-10T18:06:23.465509276Z", "Frequency": 5000000000, "System": "/proc/meminfo", "Measurement": "MemTotal: 3960648 kB\nMemFree: 414152 kB\nMemAvailable: 3226120 kB\nBuffers: 113880 kB\nCached: 2821468 kB\nSwapCached: 0 kB\nActive: 655420 kB\nInactive: 2501168 kB\nActive(anon): 220332 kB\nInactive(anon): 14524 kB\nActive(file): 435088 kB\nInactive(file): 2486644 kB\nUnevictable: 30896 kB\nMlocked: 27824 kB\nSwapTotal: 0 kB\nSwapFree: 0 kB\nZswap: 0 kB\nZswapped: 0 kB\nDirty: 896 kB\nWriteback: 0 kB\nAnonPages: 252152 kB\nMapped: 177024 kB\nShmem: 4552 kB\nKReclaimable: 187580 kB\nSlab: 280880 kB\nSReclaimable: 187580 kB\nSUnreclaim: 93300 kB\nKernelStack: 2880 kB\nPageTables: 4504 kB\nSecPageTables: 0 kB\nNFS_Unstable: 0 kB\nBounce: 0 kB\nWritebackTmp: 0 kB\nCommitLimit: 1980324 kB\nCommitted_AS: 887980 kB\nVmallocTotal: 34359738367 kB\nVmallocUsed: 36968 kB\nVmallocChunk: 0 kB\nPercpu: 5496 kB\nHardwareCorrupted: 0 kB\nAnonHugePages: 137216 kB\nShmemHugePages: 0 kB\nShmemPmdMapped: 0 kB\nFileHugePages: 0 kB\nFilePmdMapped: 0 kB\nUnaccepted: 0 kB\nHugePages_Total: 0\nHugePages_Free: 0\nHugePages_Rsvd: 0\nHugePages_Surp: 0\nHugepagesize: 2048 kB\nHugetlb: 0 kB\nDirectMap4k: 126156 kB\nDirectMap2M: 2967552 kB\nDirectMap1G: 3145728 kB" } }
{ "Site": 1, "Host": 0, "Run": 0, "Measurement": { "Timestamp": "2026-01-10T18:06:23.465509276Z", "Frequency": 5000000000, "System": "/proc/diskstats", "Measurement": " 7 0 loop0 278 0 5266 338 0 0 0 0 0 330 338 0 0 0 0 0 0\n 7 1 loop1 75 0 2508 40 0 0 0 0 0 36 40 0 0 0 0 0 0\n 7 2 loop2 92 0 3744 87 0 0 0 0 0 86 87 0 0 0 0 0 0\n 7 3 loop3 418 0 28930 29 0 0 0 0 0 33 29 0 0 0 0 0 0\n 7 4 loop4 10 0 20 0 0 0 0 0 0 1 0 0 0 0 0 0 0\n 7 5 loop5 0 0 0 0 0 0 0 0 0 0 0 0 0 0 0 0 0\n 7 6 loop6 0 0 0 0 0 0 0 0 0 0 0 0 0 0 0 0 0\n 7 7 loop7 0 0 0 0 0 0 0 0 0 0 0 0 0 0 0 0 0\n 8 0 sda 18851 4623 1415492 53128 1461916 1044634 42139266 7124763 0 1670571 8260691 160707 3245 111179380 515173 171334 567626\n 8 1 sda1 18441 2968 1392878 52978 1461902 1044626 42139160 7124736 0 1987294 7692885 160706 3244 110978104 515170 0 0\n 8 14 sda14 92 0 1232 22 0 0 0 0 0 25 22 0 0 0 0 0 0\n 8 15 sda15 182 1655 17670 78 2 0 2 0 0 63 81 1 1 201276 2 0 0\n 8 16 sdb 319 1 19490 98 233 1045 402016 18688 0 1194 18796 69 68 33069976 9 0 0\n 8 17 sdb1 110 1 6474 71 233 1045 402016 18688 0 1205 18769 69 68 33069976 9 0 0\n 11 0 sr0 78 0 560 15 0 0 0 0 0 12 15 0 0 0 0 0 0" } }
{ "Site": 1, "Host": 0, "Run": 0, "Measurement": { "Timestamp": "2026-01-10T18:06:23.465509276Z", "Frequency": 5000000000, "System": "/proc/net/dev", "Measurement": "Inter-| Receive | Transmit\n face |bytes packets errs drop fifo frame compressed multicast|bytes packets errs drop fifo colls carrier compressed\n lo: 4234537 29335 0 0 0 0 0 0 4234537 29335 0 0 0 0 0 0\n eth0: 1311440739 4196259 0 0 0 0 0 0 1376632054 6895937 0 0 0 0 0 0\ndocker0: 282754 4373 0 0 0 0 0 0 112467745 12612 0 0 0 0 0 0\nbr-490d867fe46d: 112 4 0 0 0 0 0 0 526 5 0 0 0 0 0 0" } }
{ "Site": 1, "Host": 0, "Run": 0, "Measurement": { "Timestamp": "2026-01-10T18:06:28.694093824Z", "Frequency": 5000000000, "System": "/proc/stat", "Measurement": "cpu 335354 7244 152964 187202301 168262 0 8836 0 0 0\ncpu0 159098 3645 59581 93625066 81826 0 5037 0 0 0\ncpu1 176256 3599 93382 93577235 86436 0 3799 0 0 0\nintr 74873432 0 0 0 0 2588 0 0 0 0 0 0 0 0 0 0 0 0 0 0 0 0 0 0 0 0 0 0 0 0 0 0 0 0 0 0 0 0 0 0 0 0 0 0 0 0 0 0 0 0 0 0 0 0 0 0 0 0 0 0 0 0 0 0 0 0 0 0 0 0 0 0 0 0 0 0 0 0 0 0 0 0 0 0 0 0 0 0 0 0 0 0 0 0 0 0 0 0 0 0 0 0 0 0 0 0 0 0 0 0 0 0 0 0 0 0 0 0 0 0 0 0 0 0 0 0 0 0 0 0 0 0 0 0 0 0 0 0 0 0 0 0 0 0 0 0 0 0 0 0 0 0 0 0 0 0 0 0 0 0 0 0 0 0 0 0 0 0 0 0 0 0 0 0 0 0 0 0 0 0 0 0 0 0 0 0 0 0 0 0 0 0 0 0 0 0 0 0 0 0 0 0 0 0 0 0 0 0 0 0 0 0 0 0 0 0 0 0 0 0 0 0 0 0 0 0 0 0 0 0 0 0 0 0 0 0 0 0 0 0 0 0 0 0 0 0 0 0 0 0 0 0 0 0 0 0 0 0 0 0 0 0 0 0 0 0 0 0 0 0 0 0 0 0 0 0 0 0 0 0 0 0 0 0 0 0 0 0 0 0 0 0 0 0 0 0 0 0 0 0 0 0 0 0 0 0 0 0 0 0 0 0 0 0 0 0 0 0 0 0 0 0 0 0 0 0 0 0 0 0 0 0 0 0 0 0 0 0 0 0 0 0 0 0 0 0 0 0 0 0 0 0 0 0 0 0 0 0 0 0 0 0 0 0 0 0 0 0 0 0 0 0 0 0 0 0 0 0 0 0 0 0 0 0 0 0 0 0 0 0 0 0 0 0 0 0 0 0 0 0 0 0 0 0 0 0 0 0 0 0 0 0 0 0 0 0 0 0 0 0 0 0 0 0 0 0 0 0 0 0 0 0 0 0 0 0 0 0 0 0 0\nctxt 105052264\nbtime 1767127868\nprocesses 148367\nprocs_running 1\nprocs_blocked 0\nsoftirq 71960369 0 19032257 156 9161068 869 0 13407426 21835091 449 8523053" } }
{ "Site": 1, "Host": 0, "Run": 0, "Measurement": { "Timestamp": "2026-01-10T18:06:28.694093824Z", "Frequency": 5000000000, "System": "/proc/meminfo", "Measurement": "MemTotal: 3960648 kB\nMemFree: 413900 kB\nMemAvailable: 3225872 kB\nBuffers: 113880 kB\nCached: 2821472 kB\nSwapCached: 0 kB\nActive: 655320 kB\nInactive: 2501172 kB\nActive(anon): 220232 kB\nInactive(anon): 14524 kB\nActive(file): 435088 kB\nInactive(file): 2486648 kB\nUnevictable: 30896 kB\nMlocked: 27824 kB\nSwapTotal: 0 kB\nSwapFree: 0 kB\nZswap: 0 kB\nZswapped: 0 kB\nDirty: 28 kB\nWriteback: 4 kB\nAnonPages: 252172 kB\nMapped: 177024 kB\nShmem: 4552 kB\nKReclaimable: 187580 kB\nSlab: 280880 kB\nSReclaimable: 187580 kB\nSUnreclaim: 93300 kB\nKernelStack: 2880 kB\nPageTables: 4504 kB\nSecPageTables: 0 kB\nNFS_Unstable: 0 kB\nBounce: 0 kB\nWritebackTmp: 0 kB\nCommitLimit: 1980324 kB\nCommitted_AS: 887980 kB\nVmallocTotal: 34359738367 kB\nVmallocUsed: 36984 kB\nVmallocChunk: 0 kB\nPercpu: 5496 kB\nHardwareCorrupted: 0 kB\nAnonHugePages: 137216 kB\nShmemHugePages: 0 kB\nShmemPmdMapped: 0 kB\nFileHugePages: 0 kB\nFilePmdMapped: 0 kB\nUnaccepted: 0 kB\nHugePages_Total: 0\nHugePages_Free: 0\nHugePages_Rsvd: 0\nHugePages_Surp: 0\nHugepagesize: 2048 kB\nHugetlb: 0 kB\nDirectMap4k: 126156 kB\nDirectMap2M: 2967552 kB\nDirectMap1G: 3145728 kB" } }
{ "Site": 1, "Host": 0, "Run": 0, "Measurement": { "Timestamp": "2026-01-10T18:06:28.694093824Z", "Frequency": 5000000000, "System": "/proc/diskstats", "Measurement": " 7 0 loop0 278 0 5266 338 0 0 0 0 0 330 338 0 0 0 0 0 0\n 7 1 loop1 75 0 2508 40 0 0 0 0 0 36 40 0 0 0 0 0 0\n 7 2 loop2 92 0 3744 87 0 0 0 0 0 86 87 0 0 0 0 0 0\n 7 3 loop3 418 0 28930 29 0 0 0 0 0 33 29 0 0 0 0 0 0\n 7 4 loop4 10 0 20 0 0 0 0 0 0 1 0 0 0 0 0 0 0\n 7 5 loop5 0 0 0 0 0 0 0 0 0 0 0 0 0 0 0 0 0\n 7 6 loop6 0 0 0 0 0 0 0 0 0 0 0 0 0 0 0 0 0\n 7 7 loop7 0 0 0 0 0 0 0 0 0 0 0 0 0 0 0 0 0\n 8 0 sda 18851 4623 1415492 53128 1462068 1044648 42141178 7124834 0 1670585 8260771 160708 3245 111179388 515178 171335 567629\n 8 1 sda1 18441 2968 1392878 52978 1462054 1044640 42141072 7124808 0 1987308 7692962 160707 3244 110978112 515176 0 0\n 8 14 sda14 92 0 1232 22 0 0 0 0 0 25 22 0 0 0 0 0 0\n 8 15 sda15 182 1655 17670 78 2 0 2 0 0 63 81 1 1 201276 2 0 0\n 8 16 sdb 319 1 19490 98 233 1045 402016 18688 0 1194 18796 69 68 33069976 9 0 0\n 8 17 sdb1 110 1 6474 71 233 1045 402016 18688 0 1205 18769 69 68 33069976 9 0 0\n 11 0 sr0 78 0 560 15 0 0 0 0 0 12 15 0 0 0 0 0 0" } }
{ "Site": 1, "Host": 0, "Run": 0, "Measurement": { "Timestamp": "2026-01-10T18:06:28.694093824Z", "Frequency": 5000000000, "System": "/proc/net/dev", "Measurement": "Inter-| Receive | Transmit\n face |bytes packets errs drop fifo frame compressed multicast|bytes packets errs drop fifo colls carrier compressed\n lo: 4234537 29335 0 0 0 0 0 0 4234537 29335 0 0 0 0 0 0\n eth0: 1311444879 4196279 0 0 0 0 0 0 1376638819 6895979 0 0 0 0 0 0\ndocker0: 282754 4373 0 0 0 0 0 0 112467745 12612 0 0 0 0 0 0\nbr-490d867fe46d: 112 4 0 0 0 0 0 0 526 5 0 0 0 0 0 0" } }
{ "Site": 1, "Host": 0, "Run": 0, "Measurement": { "Timestamp": "2026-01-10T18:06:33.923494230Z", "Frequency": 5000000000, "System": "/proc/stat", "Measurement": "cpu 335377 7244 152967 187203318 168264 0 8836 0 0 0\ncpu0 159109 3645 59582 93625575 81827 0 5037 0 0 0\ncpu1 176268 3599 93385 93577742 86437 0 3799 0 0 0\nintr 74874274 0 0 0 0 2588 0 0 0 0 0 0 0 0 0 0 0 0 0 0 0 0 0 0 0 0 0 0 0 0 0 0 0 0 0 0 0 0 0 0 0 0 0 0 0 0 0 0 0 0 0 0 0 0 0 0 0 0 0 0 0 0 0 0 0 0 0 0 0 0 0 0 0 0 0 0 0 0 0 0 0 0 0 0 0 0 0 0 0 0 0 0 0 0 0 0 0 0 0 0 0 0 0 0 0 0 0 0 0 0 0 0 0 0 0 0 0 0 0 0 0 0 0 0 0 0 0 0 0 0 0 0 0 0 0 0 0 0 0 0 0 0 0 0 0 0 0 0 0 0 0 0 0 0 0 0 0 0 0 0 0 0 0 0 0 0 0 0 0 0 0 0 0 0 0 0 0 0 0 0 0 0 0 0 0 0 0 0 0 0 0 0 0 0 0 0 0 0 0 0 0 0 0 0 0 0 0 0 0 0 0 0 0 0 0 0 0 0 0 0 0 0 0 0 0 0 0 0 0 0 0 0 0 0 0 0 0 0 0 0 0 0 0 0 0 0 0 0 0 0 0 0 0 0 0 0 0 0 0 0 0 0 0 0 0 0 0 0 0 0 0 0 0 0 0 0 0 0 0 0 0 0 0 0 0 0 0 0 0 0 0 0 0 0 0 0 0 0 0 0 0 0 0 0 0 0 0 0 0 0 0 0 0 0 0 0 0 0 0 0 0 0 0 0 0 0 0 0 0 0 0 0 0 0 0 0 0 0 0 0 0 0 0 0 0 0 0 0 0 0 0 0 0 0 0 0 0 0 0 0 0 0 0 0 0 0 0 0 0 0 0 0 0 0 0 0 0 0 0 0 0 0 0 0 0 0 0 0 0 0 0 0 0 0 0 0 0 0 0 0 0 0 0 0 0 0 0 0 0 0 0 0 0 0 0 0 0 0 0 0 0 0 0 0 0 0 0 0 0 0 0 0 0 0 0 0 0 0 0 0 0\nctxt 105052982\nbtime 1767127868\nprocesses 148387\nprocs_running 1\nprocs_blocked 0\nsoftirq 71961091 0 19032401 156 9161130 869 0 13407444 21835303 449 8523339" } }
{ "Site": 1, "Host": 0, "Run": 0, "Measurement": { "Timestamp": "2026-01-10T18:06:33.923494230Z", "Frequency": 5000000000, "System": "/proc/meminfo", "Measurement": "MemTotal: 3960648 kB\nMemFree: 419932 kB\nMemAvailable: 3231908 kB\nBuffers: 113880 kB\nCached: 2821476 kB\nSwapCached: 0 kB\nActive: 655436 kB\nInactive: 2501176 kB\nActive(anon): 220348 kB\nInactive(anon): 14524 kB\nActive(file): 435088 kB\nInactive(file): 2486652 kB\nUnevictable: 30896 kB\nMlocked: 27824 kB\nSwapTotal: 0 kB\nSwapFree: 0 kB\nZswap: 0 kB\nZswapped: 0 kB\nDirty: 192 kB\nWriteback: 0 kB\nAnonPages: 252152 kB\nMapped: 177056 kB\nShmem: 4552 kB\nKReclaimable: 187580 kB\nSlab: 280880 kB\nSReclaimable: 187580 kB\nSUnreclaim: 93300 kB\nKernelStack: 2880 kB\nPageTables: 4504 kB\nSecPageTables: 0 kB\nNFS_Unstable: 0 kB\nBounce: 0 kB\nWritebackTmp: 0 kB\nCommitLimit: 1980324 kB\nCommitted_AS: 887980 kB\nVmallocTotal: 34359738367 kB\nVmallocUsed: 36968 kB\nVmallocChunk: 0 kB\nPercpu: 5496 kB\nHardwareCorrupted: 0 kB\nAnonHugePages: 137216 kB\nShmemHugePages: 0 kB\nShmemPmdMapped: 0 kB\nFileHugePages: 0 kB\nFilePmdMapped: 0 kB\nUnaccepted: 0 kB\nHugePages_Total: 0\nHugePages_Free: 0\nHugePages_Rsvd: 0\nHugePages_Surp: 0\nHugepagesize: 2048 kB\nHugetlb: 0 kB\nDirectMap4k: 126156 kB\nDirectMap2M: 2967552 kB\nDirectMap1G: 3145728 kB" } }
{ "Site": 1, "Host": 0, "Run": 0, "Measurement": { "Timestamp": "2026-01-10T18:06:33.923494230Z", "Frequency": 5000000000, "System": "/proc/diskstats", "Measurement": " 7 0 loop0 278 0 5266 338 0 0 0 0 0 330 338 0 0 0 0 0 0\n 7 1 loop1 75 0 2508 40 0 0 0 0 0 36 40 0 0 0 0 0 0\n 7 2 loop2 92 0 3744 87 0 0 0 0 0 86 87 0 0 0 0 0 0\n 7 3 loop3 418 0 28930 29 0 0 0 0 0 33 29 0 0 0 0 0 0\n 7 4 loop4 10 0 20 0 0 0 0 0 0 1 0 0 0 0 0 0 0\n 7 5 loop5 0 0 0 0 0 0 0 0 0 0 0 0 0 0 0 0 0\n 7 6 loop6 0 0 0 0 0 0 0 0 0 0 0 0 0 0 0 0 0\n 7 7 loop7 0 0 0 0 0 0 0 0 0 0 0 0 0 0 0 0 0\n 8 0 sda 18851 4623 1415492 53128 1462075 1044656 42141298 7124842 0 1670590 8260781 160708 3245 111179388 515178 171336 567632\n 8 1 sda1 18441 2968 1392878 52978 1462061 1044648 42141192 7124815 0 1987313 7692969 160707 3244 110978112 515176 0 0\n 8 14 sda14 92 0 1232 22 0 0 0 0 0 25 22 0 0 0 0 0 0\n 8 15 sda15 182 1655 17670 78 2 0 2 0 0 63 81 1 1 201276 2 0 0\n 8 16 sdb 319 1 19490 98 233 1045 402016 18688 0 1194 18796 69 68 33069976 9 0 0\n 8 17 sdb1 110 1 6474 71 233 1045 402016 18688 0 1205 18769 69 68 33069976 9 0 0\n 11 0 sr0 78 0 560 15 0 0 0 0 0 12 15 0 0 0 0 0 0" } }
{ "Site": 1, "Host": 0, "Run": 0, "Measurement": { "Timestamp": "2026-01-10T18:06:33.923494230Z", "Frequency": 5000000000, "System": "/proc/net/dev", "Measurement": "Inter-| Receive | Transmit\n face |bytes packets errs drop fifo frame compressed multicast|bytes packets errs drop fifo colls carrier compressed\n lo: 4234537 29335 0 0 0 0 0 0 4234537 29335 0 0 0 0 0 0\n eth0: 1311451285 4196314 0 0 0 0 0 0 1376649562 6896043 0 0 0 0 0 0\ndocker0: 282754 4373 0 0 0 0 0 0 112467745 12612 0 0 0 0 0 0\nbr-490d867fe46d: 112 4 0 0 0 0 0 0 526 5 0 0 0 0 0 0" } }
{ "Site": 1, "Host": 0, "Run": 0, "Measurement": { "Timestamp": "2026-01-10T18:06:39.158658197Z", "Frequency": 5000000000, "System": "/proc/stat", "Measurement": "cpu 335401 7244 152970 187204336 168264 0 8836 0 0 0\ncpu0 159121 3645 59584 93626084 81827 0 5037 0 0 0\ncpu1 176280 3599 93386 93578252 86437 0 3799 0 0 0\nintr 74875111 0 0 0 0 2588 0 0 0 0 0 0 0 0 0 0 0 0 0 0 0 0 0 0 0 0 0 0 0 0 0 0 0 0 0 0 0 0 0 0 0 0 0 0 0 0 0 0 0 0 0 0 0 0 0 0 0 0 0 0 0 0 0 0 0 0 0 0 0 0 0 0 0 0 0 0 0 0 0 0 0 0 0 0 0 0 0 0 0 0 0 0 0 0 0 0 0 0 0 0 0 0 0 0 0 0 0 0 0 0 0 0 0 0 0 0 0 0 0 0 0 0 0 0 0 0 0 0 0 0 0 0 0 0 0 0 0 0 0 0 0 0 0 0 0 0 0 0 0 0 0 0 0 0 0 0 0 0 0 0 0 0 0 0 0 0 0 0 0 0 0 0 0 0 0 0 0 0 0 0 0 0 0 0 0 0 0 0 0 0 0 0 0 0 0 0 0 0 0 0 0 0 0 0 0 0 0 0 0 0 0 0 0 0 0 0 0 0 0 0 0 0 0 0 0 0 0 0 0 0 0 0 0 0 0 0 0 0 0 0 0 0 0 0 0 0 0 0 0 0 0 0 0 0 0 0 0 0 0 0 0 0 0 0 0 0 0 0 0 0 0 0 0 0 0 0 0 0 0 0 0 0 0 0 0 0 0 0 0 0 0 0 0 0 0 0 0 0 0 0 0 0 0 0 0 0 0 0 0 0 0 0 0 0 0 0 0 0 0 0 0 0 0 0 0 0 0 0 0 0 0 0 0 0 0 0 0 0 0 0 0 0 0 0 0 0 0 0 0 0 0 0 0 0 0 0 0 0 0 0 0 0 0 0 0 0 0 0 0 0 0 0 0 0 0 0 0 0 0 0 0 0 0 0 0 0 0 0 0 0 0 0 0 0 0 0 0 0 0 0 0 0 0 0 0 0 0 0 0 0 0 0 0 0 0 0 0 0 0 0 0 0 0 0 0 0 0 0 0 0 0 0 0 0 0 0 0 0 0 0 0\nctxt 105053681\nbtime 1767127868\nprocesses 148407\nprocs_running 1\nprocs_blocked 0\nsoftirq 71961833 0 19032544 156 9161203 869 0 13407457 21835505 449 8523650" } }
{ "Site": 1, "Host": 0, "Run": 0, "Measurement": { "Timestamp": "2026-01-10T18:06:39.158658197Z", "Frequency": 5000000000, "System": "/proc/meminfo", "Measurement": "MemTotal: 3960648 kB\nMemFree: 419280 kB\nMemAvailable: 3231260 kB\nBuffers: 113880 kB\nCached: 2821480 kB\nSwapCached: 0 kB\nActive: 655340 kB\nInactive: 2501180 kB\nActive(anon): 220252 kB\nInactive(anon): 14524 kB\nActive(file): 435088 kB\nInactive(file): 2486656 kB\nUnevictable: 30896 kB\nMlocked: 27824 kB\nSwapTotal: 0 kB\nSwapFree: 0 kB\nZswap: 0 kB\nZswapped: 0 kB\nDirty: 236 kB\nWriteback: 0 kB\nAnonPages: 252056 kB\nMapped: 177056 kB\nShmem: 4552 kB\nKReclaimable: 187580 kB\nSlab: 280880 kB\nSReclaimable: 187580 kB\nSUnreclaim: 93300 kB\nKernelStack: 2880 kB\nPageTables: 4504 kB\nSecPageTables: 0 kB\nNFS_Unstable: 0 kB\nBounce: 0 kB\nWritebackTmp: 0 kB\nCommitLimit: 1980324 kB\nCommitted_AS: 887980 kB\nVmallocTotal: 34359738367 kB\nVmallocUsed: 36984 kB\nVmallocChunk: 0 kB\nPercpu: 5496 kB\nHardwareCorrupted: 0 kB\nAnonHugePages: 137216 kB\nShmemHugePages: 0 kB\nShmemPmdMapped: 0 kB\nFileHugePages: 0 kB\nFilePmdMapped: 0 kB\nUnaccepted: 0 kB\nHugePages_Total: 0\nHugePages_Free: 0\nHugePages_Rsvd: 0\nHugePages_Surp: 0\nHugepagesize: 2048 kB\nHugetlb: 0 kB\nDirectMap4k: 126156 kB\nDirectMap2M: 2967552 kB\nDirectMap1G: 3145728 kB" } }
{ "Site": 1, "Host": 0, "Run": 0, "Measurement": { "Timestamp": "2026-01-10T18:06:39.158658197Z", "Frequency": 5000000000, "System": "/proc/diskstats", "Measurement": " 7 0 loop0 278 0 5266 338 0 0 0 0 0 330 338 0 0 0 0 0 0\n 7 1 loop1 75 0 2508 40 0 0 0 0 0 36 40 0 0 0 0 0 0\n 7 2 loop2 92 0 3744 87 0 0 0 0 0 86 87 0 0 0 0 0 0\n 7 3 loop3 418 0 28930 29 0 0 0 0 0 33 29 0 0 0 0 0 0\n 7 4 loop4 10 0 20 0 0 0 0 0 0 1 0 0 0 0 0 0 0\n 7 5 loop5 0 0 0 0 0 0 0 0 0 0 0 0 0 0 0 0 0\n 7 6 loop6 0 0 0 0 0 0 0 0 0 0 0 0 0 0 0 0 0\n 7 7 loop7 0 0 0 0 0 0 0 0 0 0 0 0 0 0 0 0 0\n 8 0 sda 18851 4623 1415492 53128 1462080 1044666 42141418 7124847 0 1670597 8260792 160709 3245 111179396 515181 171337 567634\n 8 1 sda1 18441 2968 1392878 52978 1462066 1044658 42141312 7124820 0 1987320 7692978 160708 3244 110978120 515179 0 0\n 8 14 sda14 92 0 1232 22 0 0 0 0 0 25 22 0 0 0 0 0 0\n 8 15 sda15 182 1655 17670 78 2 0 2 0 0 63 81 1 1 201276 2 0 0\n 8 16 sdb 319 1 19490 98 233 1045 402016 18688 0 1194 18796 69 68 33069976 9 0 0\n 8 17 sdb1 110 1 6474 71 233 1045 402016 18688 0 1205 18769 69 68 33069976 9 0 0\n 11 0 sr0 78 0 560 15 0 0 0 0 0 12 15 0 0 0 0 0 0" } }
{ "Site": 1, "Host": 0, "Run": 0, "Measurement": { "Timestamp": "2026-01-10T18:06:39.158658197Z", "Frequency": 5000000000, "System": "/proc/net/dev", "Measurement": "Inter-| Receive | Transmit\n face |bytes packets errs drop fifo frame compressed multicast|bytes packets errs drop fifo colls carrier compressed\n lo: 4234537 29335 0 0 0 0 0 0 4234537 29335 0 0 0 0 0 0\n eth0: 1311453821 4196332 0 0 0 0 0 0 1376653420 6896073 0 0 0 0 0 0\ndocker0: 282754 4373 0 0 0 0 0 0 112467745 12612 0 0 0 0 0 0\nbr-490d867fe46d: 112 4 0 0 0 0 0 0 526 5 0 0 0 0 0 0" } }
{ "Site": 1, "Host": 0, "Run": 0, "Measurement": { "Timestamp": "2026-01-10T18:06:44.392311407Z", "Frequency": 5000000000, "System": "/proc/stat", "Measurement": "cpu 335422 7244 152972 187205357 168265 0 8836 0 0 0\ncpu0 159131 3645 59585 93626594 81827 0 5037 0 0 0\ncpu1 176290 3599 93387 93578762 86437 0 3799 0 0 0\nintr 74875816 0 0 0 0 2588 0 0 0 0 0 0 0 0 0 0 0 0 0 0 0 0 0 0 0 0 0 0 0 0 0 0 0 0 0 0 0 0 0 0 0 0 0 0 0 0 0 0 0 0 0 0 0 0 0 0 0 0 0 0 0 0 0 0 0 0 0 0 0 0 0 0 0 0 0 0 0 0 0 0 0 0 0 0 0 0 0 0 0 0 0 0 0 0 0 0 0 0 0 0 0 0 0 0 0 0 0 0 0 0 0 0 0 0 0 0 0 0 0 0 0 0 0 0 0 0 0 0 0 0 0 0 0 0 0 0 0 0 0 0 0 0 0 0 0 0 0 0 0 0 0 0 0 0 0 0 0 0 0 0 0 0 0 0 0 0 0 0 0 0 0 0 0 0 0 0 0 0 0 0 0 0 0 0 0 0 0 0 0 0 0 0 0 0 0 0 0 0 0 0 0 0 0 0 0 0 0 0 0 0 0 0 0 0 0 0 0 0 0 0 0 0 0 0 0 0 0 0 0 0 0 0 0 0 0 0 0 0 0 0 0 0 0 0 0 0 0 0 0 0 0 0 0 0 0 0 0 0 0 0 0 0 0 0 0 0 0 0 0 0 0 0 0 0 0 0 0 0 0 0 0 0 0 0 0 0 0 0 0 0 0 0 0 0 0 0 0 0 0 0 0 0 0 0 0 0 0 0 0 0 0 0 0 0 0 0 0 0 0 0 0 0 0 0 0 0 0 0 0 0 0 0 0 0 0 0 0 0 0 0 0 0 0 0 0 0 0 0 0 0 0 0 0 0 0 0 0 0 0 0 0 0 0 0 0 0 0 0 0 0 0 0 0 0 0 0 0 0 0 0 0 0 0 0 0 0 0 0 0 0 0 0 0 0 0 0 0 0 0 0 0 0 0 0 0 0 0 0 0 0 0 0 0 0 0 0 0 0 0 0 0 0 0 0 0 0 0 0 0 0 0 0 0 0 0 0 0 0 0 0 0\nctxt 105054271\nbtime 1767127868\nprocesses 148425\nprocs_running 1\nprocs_blocked 0\nsoftirq 71962427 0 19032679 156 9161255 869 0 13407469 21835676 449 8523874" } }
{ "Site": 1, "Host": 0, "Run": 0, "Measurement": { "Timestamp": "2026-01-10T18:06:44.392311407Z", "Frequency": 5000000000, "System": "/proc/meminfo", "Measurement": "MemTotal: 3960648 kB\nMemFree: 418776 kB\nMemAvailable: 3230760 kB\nBuffers: 113880 kB\nCached: 2821484 kB\nSwapCached: 0 kB\nActive: 655336 kB\nInactive: 2501184 kB\nActive(anon): 220248 kB\nInactive(anon): 14524 kB\nActive(file): 435088 kB\nInactive(file): 2486660 kB\nUnevictable: 30896 kB\nMlocked: 27824 kB\nSwapTotal: 0 kB\nSwapFree: 0 kB\nZswap: 0 kB\nZswapped: 0 kB\nDirty: 240 kB\nWriteback: 0 kB\nAnonPages: 252152 kB\nMapped: 177056 kB\nShmem: 4552 kB\nKReclaimable: 187580 kB\nSlab: 280880 kB\nSReclaimable: 187580 kB\nSUnreclaim: 93300 kB\nKernelStack: 2880 kB\nPageTables: 4508 kB\nSecPageTables: 0 kB\nNFS_Unstable: 0 kB\nBounce: 0 kB\nWritebackTmp: 0 kB\nCommitLimit: 1980324 kB\nCommitted_AS: 887980 kB\nVmallocTotal: 34359738367 kB\nVmallocUsed: 36968 kB\nVmallocChunk: 0 kB\nPercpu: 5496 kB\nHardwareCorrupted: 0 kB\nAnonHugePages: 137216 kB\nShmemHugePages: 0 kB\nShmemPmdMapped: 0 kB\nFileHugePages: 0 kB\nFilePmdMapped: 0 kB\nUnaccepted: 0 kB\nHugePages_Total: 0\nHugePages_Free: 0\nHugePages_Rsvd: 0\nHugePages_Surp: 0\nHugepagesize: 2048 kB\nHugetlb: 0 kB\nDirectMap4k: 126156 kB\nDirectMap2M: 2967552 kB\nDirectMap1G: 3145728 kB" } }
{ "Site": 1, "Host": 0, "Run": 0, "Measurement": { "Timestamp": "2026-01-10T18:06:44.392311407Z", "Frequency": 5000000000, "System": "/proc/diskstats", "Measurement": " 7 0 loop0 278 0 5266 338 0 0 0 0 0 330 338 0 0 0 0 0 0\n 7 1 loop1 75 0 2508 40 0 0 0 0 0 36 40 0 0 0 0 0 0\n 7 2 loop2 92 0 3744 87 0 0 0 0 0 86 87 0 0 0 0 0 0\n 7 3 loop3 418 0 28930 29 0 0 0 0 0 33 29 0 0 0 0 0 0\n 7 4 loop4 10 0 20 0 0 0 0 0 0 1 0 0 0 0 0 0 0\n 7 5 loop5 0 0 0 0 0 0 0 0 0 0 0 0 0 0 0 0 0\n 7 6 loop6 0 0 0 0 0 0 0 0 0 0 0 0 0 0 0 0 0\n 7 7 loop7 0 0 0 0 0 0 0 0 0 0 0 0 0 0 0 0 0\n 8 0 sda 18851 4623 1415492 53128 1462088 1044671 42141522 7124854 0 1670606 8260806 160710 3245 111179404 515184 171338 567638\n 8 1 sda1 18441 2968 1392878 52978 1462074 1044663 42141416 7124828 0 1987329 7692988 160709 3244 110978128 515182 0 0\n 8 14 sda14 92 0 1232 22 0 0 0 0 0 25 22 0 0 0 0 0 0\n 8 15 sda15 182 1655 17670 78 2 0 2 0 0 63 81 1 1 201276 2 0 0\n 8 16 sdb 319 1 19490 98 233 1045 402016 18688 0 1194 18796 69 68 33069976 9 0 0\n 8 17 sdb1 110 1 6474 71 233 1045 402016 18688 0 1205 18769 69 68 33069976 9 0 0\n 11 0 sr0 78 0 560 15 0 0 0 0 0 12 15 0 0 0 0 0 0" } }
{ "Site": 1, "Host": 0, "Run": 0, "Measurement": { "Timestamp": "2026-01-10T18:06:44.392311407Z", "Frequency": 5000000000, "System": "/proc/net/dev", "Measurement": "Inter-| Receive | Transmit\n face |bytes packets errs drop fifo frame compressed multicast|bytes packets errs drop fifo colls carrier compressed\n lo: 4234537 29335 0 0 0 0 0 0 4234537 29335 0 0 0 0 0 0\n eth0: 1311458027 4196353 0 0 0 0 0 0 1376660119 6896114 0 0 0 0 0 0\ndocker0: 282754 4373 0 0 0 0 0 0 112467745 12612 0 0 0 0 0 0\nbr-490d867fe46d: 112 4 0 0 0 0 0 0 526 5 0 0 0 0 0 0" } }
{ "Site": 1, "Host": 0, "Run": 0, "Measurement": { "Timestamp": "2026-01-10T18:06:49.625315605Z", "Frequency": 5000000000, "System": "/proc/stat", "Measurement": "cpu 335443 7244 152975 187206377 168265 0 8837 0 0 0\ncpu0 159142 3645 59586 93627104 81827 0 5037 0 0 0\ncpu1 176301 3599 93388 93579273 86438 0 3799 0 0 0\nintr 74876551 0 0 0 0 2588 0 0 0 0 0 0 0 0 0 0 0 0 0 0 0 0 0 0 0 0 0 0 0 0 0 0 0 0 0 0 0 0 0 0 0 0 0 0 0 0 0 0 0 0 0 0 0 0 0 0 0 0 0 0 0 0 0 0 0 0 0 0 0 0 0 0 0 0 0 0 0 0 0 0 0 0 0 0 0 0 0 0 0 0 0 0 0 0 0 0 0 0 0 0 0 0 0 0 0 0 0 0 0 0 0 0 0 0 0 0 0 0 0 0 0 0 0 0 0 0 0 0 0 0 0 0 0 0 0 0 0 0 0 0 0 0 0 0 0 0 0 0 0 0 0 0 0 0 0 0 0 0 0 0 0 0 0 0 0 0 0 0 0 0 0 0 0 0 0 0 0 0 0 0 0 0 0 0 0 0 0 0 0 0 0 0 0 0 0 0 0 0 0 0 0 0 0 0 0 0 0 0 0 0 0 0 0 0 0 0 0 0 0 0 0 0 0 0 0 0 0 0 0 0 0 0 0 0 0 0 0 0 0 0 0 0 0 0 0 0 0 0 0 0 0 0 0 0 0 0 0 0 0 0 0 0 0 0 0 0 0 0 0 0 0 0 0 0 0 0 0 0 0 0 0 0 0 0 0 0 0 0 0 0 0 0 0 0 0 0 0 0 0 0 0 0 0 0 0 0 0 0 0 0 0 0 0 0 0 0 0 0 0 0 0 0 0 0 0 0 0 0 0 0 0 0 0 0 0 0 0 0 0 0 0 0 0 0 0 0 0 0 0 0 0 0 0 0 0 0 0 0 0 0 0 0 0 0 0 0 0 0 0 0 0 0 0 0 0 0 0 0 0 0 0 0 0 0 0 0 0 0 0 0 0 0 0 0 0 0 0 0 0 0 0 0 0 0 0 0 0 0 0 0 0 0 0 0 0 0 0 0 0 0 0 0 0 0 0 0 0 0 0 0 0 0 0 0 0 0 0 0 0 0 0\nctxt 105054881\nbtime 1767127868\nprocesses 148443\nprocs_running 1\nprocs_blocked 0\nsoftirq 71963066 0 19032827 156 9161315 869 0 13407483 21835869 449 8524098" } }
{ "Site": 1, "Host": 0, "Run": 0, "Measurement": { "Timestamp": "2026-01-10T18:06:49.625315605Z", "Frequency": 5000000000, "System": "/proc/meminfo", "Measurement": "MemTotal: 3960648 kB\nMemFree: 418776 kB\nMemAvailable: 3230764 kB\nBuffers: 113880 kB\nCached: 2821488 kB\nSwapCached: 0 kB\nActive: 655408 kB\nInactive: 2501188 kB\nActive(anon): 220320 kB\nInactive(anon): 14524 kB\nActive(file): 435088 kB\nInactive(file): 2486664 kB\nUnevictable: 30896 kB\nMlocked: 27824 kB\nSwapTotal: 0 kB\nSwapFree: 0 kB\nZswap: 0 kB\nZswapped: 0 kB\nDirty: 224 kB\nWriteback: 0 kB\nAnonPages: 252096 kB\nMapped: 177028 kB\nShmem: 4552 kB\nKReclaimable: 187580 kB\nSlab: 280880 kB\nSReclaimable: 187580 kB\nSUnreclaim: 93300 kB\nKernelStack: 2880 kB\nPageTables: 4504 kB\nSecPageTables: 0 kB\nNFS_Unstable: 0 kB\nBounce: 0 kB\nWritebackTmp: 0 kB\nCommitLimit: 1980324 kB\nCommitted_AS: 887980 kB\nVmallocTotal: 34359738367 kB\nVmallocUsed: 36984 kB\nVmallocChunk: 0 kB\nPercpu: 5496 kB\nHardwareCorrupted: 0 kB\nAnonHugePages: 137216 kB\nShmemHugePages: 0 kB\nShmemPmdMapped: 0 kB\nFileHugePages: 0 kB\nFilePmdMapped: 0 kB\nUnaccepted: 0 kB\nHugePages_Total: 0\nHugePages_Free: 0\nHugePages_Rsvd: 0\nHugePages_Surp: 0\nHugepagesize: 2048 kB\nHugetlb: 0 kB\nDirectMap4k: 126156 kB\nDirectMap2M: 2967552 kB\nDirectMap1G: 3145728 kB" } }
{ "Site": 1, "Host": 0, "Run": 0, "Measurement": { "Timestamp": "2026-01-10T18:06:49.625315605Z", "Frequency": 5000000000, "System": "/proc/diskstats", "Measurement": " 7 0 loop0 278 0 5266 338 0 0 0 0 0 330 338 0 0 0 0 0 0\n 7 1 loop1 75 0 2508 40 0 0 0 0 0 36 40 0 0 0 0 0 0\n 7 2 loop2 92 0 3744 87 0 0 0 0 0 86 87 0 0 0 0 0 0\n 7 3 loop3 418 0 28930 29 0 0 0 0 0 33 29 0 0 0 0 0 0\n 7 4 loop4 10 0 20 0 0 0 0 0 0 1 0 0 0 0 0 0 0\n 7 5 loop5 0 0 0 0 0 0 0 0 0 0 0 0 0 0 0 0 0\n 7 6 loop6 0 0 0 0 0 0 0 0 0 0 0 0 0 0 0 0 0\n 7 7 loop7 0 0 0 0 0 0 0 0 0 0 0 0 0 0 0 0 0\n 8 0 sda 18851 4623 1415492 53128 1462094 1044676 42141618 7124861 0 1670615 8260818 160711 3245 111179412 515187 171339 567640\n 8 1 sda1 18441 2968 1392878 52978 1462080 1044668 42141512 7124834 0 1987338 7692997 160710 3244 110978136 515184 0 0\n 8 14 sda14 92 0 1232 22 0 0 0 0 0 25 22 0 0 0 0 0 0\n 8 15 sda15 182 1655 17670 78 2 0 2 0 0 63 81 1 1 201276 2 0 0\n 8 16 sdb 319 1 19490 98 233 1045 402016 18688 0 1194 18796 69 68 33069976 9 0 0\n 8 17 sdb1 110 1 6474 71 233 1045 402016 18688 0 1205 18769 69 68 33069976 9 0 0\n 11 0 sr0 78 0 560 15 0 0 0 0 0 12 15 0 0 0 0 0 0" } }
{ "Site": 1, "Host": 0, "Run": 0, "Measurement": { "Timestamp": "2026-01-10T18:06:49.625315605Z", "Frequency": 5000000000, "System": "/proc/net/dev", "Measurement": "Inter-| Receive | Transmit\n face |bytes packets errs drop fifo frame compressed multicast|bytes packets errs drop fifo colls carrier compressed\n lo: 4234537 29335 0 0 0 0 0 0 4234537 29335 0 0 0 0 0 0\n eth0: 1311462589 4196377 0 0 0 0 0 0 1376667664 6896162 0 0 0 0 0 0\ndocker0: 282754 4373 0 0 0 0 0 0 112467745 12612 0 0 0 0 0 0\nbr-490d867fe46d: 112 4 0 0 0 0 0 0 526 5 0 0 0 0 0 0" } }
{ "Site": 1, "Host": 0, "Run": 0, "Measurement": { "Timestamp": "2026-01-10T18:06:54.853790319Z", "Frequency": 5000000000, "System": "/proc/stat", "Measurement": "cpu 335464 7244 152978 187207397 168266 0 8837 0 0 0\ncpu0 159152 3645 59587 93627614 81828 0 5037 0 0 0\ncpu1 176311 3599 93390 93579783 86438 0 3799 0 0 0\nintr 74877246 0 0 0 0 2588 0 0 0 0 0 0 0 0 0 0 0 0 0 0 0 0 0 0 0 0 0 0 0 0 0 0 0 0 0 0 0 0 0 0 0 0 0 0 0 0 0 0 0 0 0 0 0 0 0 0 0 0 0 0 0 0 0 0 0 0 0 0 0 0 0 0 0 0 0 0 0 0 0 0 0 0 0 0 0 0 0 0 0 0 0 0 0 0 0 0 0 0 0 0 0 0 0 0 0 0 0 0 0 0 0 0 0 0 0 0 0 0 0 0 0 0 0 0 0 0 0 0 0 0 0 0 0 0 0 0 0 0 0 0 0 0 0 0 0 0 0 0 0 0 0 0 0 0 0 0 0 0 0 0 0 0 0 0 0 0 0 0 0 0 0 0 0 0 0 0 0 0 0 0 0 0 0 0 0 0 0 0 0 0 0 0 0 0 0 0 0 0 0 0 0 0 0 0 0 0 0 0 0 0 0 0 0 0 0 0 0 0 0 0 0 0 0 0 0 0 0 0 0 0 0 0 0 0 0 0 0 0 0 0 0 0 0 0 0 0 0 0 0 0 0 0 0 0 0 0 0 0 0 0 0 0 0 0 0 0 0 0 0 0 0 0 0 0 0 0 0 0 0 0 0 0 0 0 0 0 0 0 0 0 0 0 0 0 0 0 0 0 0 0 0 0 0 0 0 0 0 0 0 0 0 0 0 0 0 0 0 0 0 0 0 0 0 0 0 0 0 0 0 0 0 0 0 0 0 0 0 0 0 0 0 0 0 0 0 0 0 0 0 0 0 0 0 0 0 0 0 0 0 0 0 0 0 0 0 0 0 0 0 0 0 0 0 0 0 0 0 0 0 0 0 0 0 0 0 0 0 0 0 0 0 0 0 0 0 0 0 0 0 0 0 0 0 0 0 0 0 0 0 0 0 0 0 0 0 0 0 0 0 0 0 0 0 0 0 0 0 0 0 0 0 0 0 0 0 0 0 0 0 0 0\nctxt 105055456\nbtime 1767127868\nprocesses 148461\nprocs_running 1\nprocs_blocked 1\nsoftirq 71963664 0 19032961 156 9161377 869 0 13407497 21836035 449 8524320" } }
{ "Site": 1, "Host": 0, "Run": 0, "Measurement": { "Timestamp": "2026-01-10T18:06:54.853790319Z", "Frequency": 5000000000, "System": "/proc/meminfo", "Measurement": "MemTotal: 3960648 kB\nMemFree: 418272 kB\nMemAvailable: 3230264 kB\nBuffers: 113880 kB\nCached: 2821492 kB\nSwapCached: 0 kB\nActive: 655404 kB\nInactive: 2501192 kB\nActive(anon): 220316 kB\nInactive(anon): 14524 kB\nActive(file): 435088 kB\nInactive(file): 2486668 kB\nUnevictable: 30896 kB\nMlocked: 27824 kB\nSwapTotal: 0 kB\nSwapFree: 0 kB\nZswap: 0 kB\nZswapped: 0 kB\nDirty: 224 kB\nWriteback: 0 kB\nAnonPages: 252152 kB\nMapped: 177056 kB\nShmem: 4552 kB\nKReclaimable: 187580 kB\nSlab: 280880 kB\nSReclaimable: 187580 kB\nSUnreclaim: 93300 kB\nKernelStack: 2872 kB\nPageTables: 4448 kB\nSecPageTables: 0 kB\nNFS_Unstable: 0 kB\nBounce: 0 kB\nWritebackTmp: 0 kB\nCommitLimit: 1980324 kB\nCommitted_AS: 887980 kB\nVmallocTotal: 34359738367 kB\nVmallocUsed: 36984 kB\nVmallocChunk: 0 kB\nPercpu: 5496 kB\nHardwareCorrupted: 0 kB\nAnonHugePages: 137216 kB\nShmemHugePages: 0 kB\nShmemPmdMapped: 0 kB\nFileHugePages: 0 kB\nFilePmdMapped: 0 kB\nUnaccepted: 0 kB\nHugePages_Total: 0\nHugePages_Free: 0\nHugePages_Rsvd: 0\nHugePages_Surp: 0\nHugepagesize: 2048 kB\nHugetlb: 0 kB\nDirectMap4k: 126156 kB\nDirectMap2M: 2967552 kB\nDirectMap1G: 3145728 kB" } }
{ "Site": 1, "Host": 0, "Run": 0, "Measurement": { "Timestamp": "2026-01-10T18:06:54.853790319Z", "Frequency": 5000000000, "System": "/proc/diskstats", "Measurement": " 7 0 loop0 278 0 5266 338 0 0 0 0 0 330 338 0 0 0 0 0 0\n 7 1 loop1 75 0 2508 40 0 0 0 0 0 36 40 0 0 0 0 0 0\n 7 2 loop2 92 0 3744 87 0 0 0 0 0 86 87 0 0 0 0 0 0\n 7 3 loop3 418 0 28930 29 0 0 0 0 0 33 29 0 0 0 0 0 0\n 7 4 loop4 10 0 20 0 0 0 0 0 0 1 0 0 0 0 0 0 0\n 7 5 loop5 0 0 0 0 0 0 0 0 0 0 0 0 0 0 0 0 0\n 7 6 loop6 0 0 0 0 0 0 0 0 0 0 0 0 0 0 0 0 0\n 7 7 loop7 0 0 0 0 0 0 0 0 0 0 0 0 0 0 0 0 0\n 8 0 sda 18851 4623 1415492 53128 1462099 1044682 42141706 7124867 0 1670626 8260833 160712 3245 111179420 515192 171340 567643\n 8 1 sda1 18441 2968 1392878 52978 1462085 1044674 42141600 7124841 0 1987349 7693009 160711 3244 110978144 515189 0 0\n 8 14 sda14 92 0 1232 22 0 0 0 0 0 25 22 0 0 0 0 0 0\n 8 15 sda15 182 1655 17670 78 2 0 2 0 0 63 81 1 1 201276 2 0 0\n 8 16 sdb 319 1 19490 98 233 1045 402016 18688 0 1194 18796 69 68 33069976 9 0 0\n 8 17 sdb1 110 1 6474 71 233 1045 402016 18688 0 1205 18769 69 68 33069976 9 0 0\n 11 0 sr0 78 0 560 15 0 0 0 0 0 12 15 0 0 0 0 0 0" } }
{ "Site": 1, "Host": 0, "Run": 0, "Measurement": { "Timestamp": "2026-01-10T18:06:54.853790319Z", "Frequency": 5000000000, "System": "/proc/net/dev", "Measurement": "Inter-| Receive | Transmit\n face |bytes packets errs drop fifo frame compressed multicast|bytes packets errs drop fifo colls carrier compressed\n lo: 4234537 29335 0 0 0 0 0 0 4234537 29335 0 0 0 0 0 0\n eth0: 1311466795 4196398 0 0 0 0 0 0 1376675979 6896210 0 0 0 0 0 0\ndocker0: 282754 4373 0 0 0 0 0 0 112467745 12612 0 0 0 0 0 0\nbr-490d867fe46d: 112 4 0 0 0 0 0 0 526 5 0 0 0 0 0 0" } }
{ "Site": 1, "Host": 0, "Run": 0, "Measurement": { "Timestamp": "2026-01-10T18:07:00.080657057Z", "Frequency": 5000000000, "System": "/proc/stat", "Measurement": "cpu 335485 7244 152980 187208416 168268 0 8837 0 0 0\ncpu0 159163 3645 59588 93628124 81829 0 5037 0 0 0\ncpu1 176322 3599 93391 93580292 86438 0 3799 0 0 0\nintr 74877959 0 0 0 0 2588 0 0 0 0 0 0 0 0 0 0 0 0 0 0 0 0 0 0 0 0 0 0 0 0 0 0 0 0 0 0 0 0 0 0 0 0 0 0 0 0 0 0 0 0 0 0 0 0 0 0 0 0 0 0 0 0 0 0 0 0 0 0 0 0 0 0 0 0 0 0 0 0 0 0 0 0 0 0 0 0 0 0 0 0 0 0 0 0 0 0 0 0 0 0 0 0 0 0 0 0 0 0 0 0 0 0 0 0 0 0 0 0 0 0 0 0 0 0 0 0 0 0 0 0 0 0 0 0 0 0 0 0 0 0 0 0 0 0 0 0 0 0 0 0 0 0 0 0 0 0 0 0 0 0 0 0 0 0 0 0 0 0 0 0 0 0 0 0 0 0 0 0 0 0 0 0 0 0 0 0 0 0 0 0 0 0 0 0 0 0 0 0 0 0 0 0 0 0 0 0 0 0 0 0 0 0 0 0 0 0 0 0 0 0 0 0 0 0 0 0 0 0 0 0 0 0 0 0 0 0 0 0 0 0 0 0 0 0 0 0 0 0 0 0 0 0 0 0 0 0 0 0 0 0 0 0 0 0 0 0 0 0 0 0 0 0 0 0 0 0 0 0 0 0 0 0 0 0 0 0 0 0 0 0 0 0 0 0 0 0 0 0 0 0 0 0 0 0 0 0 0 0 0 0 0 0 0 0 0 0 0 0 0 0 0 0 0 0 0 0 0 0 0 0 0 0 0 0 0 0 0 0 0 0 0 0 0 0 0 0 0 0 0 0 0 0 0 0 0 0 0 0 0 0 0 0 0 0 0 0 0 0 0 0 0 0 0 0 0 0 0 0 0 0 0 0 0 0 0 0 0 0 0 0 0 0 0 0 0 0 0 0 0 0 0 0 0 0 0 0 0 0 0 0 0 0 0 0 0 0 0 0 0 0 0 0 0 0 0 0 0 0 0 0 0 0 0 0 0 0 0 0 0 0 0\nctxt 105056073\nbtime 1767127868\nprocesses 148479\nprocs_running 1\nprocs_blocked 0\nsoftirq 71964272 0 19033090 156 9161442 869 0 13407512 21836200 449 8524554" } }
{ "Site": 1, "Host": 0, "Run": 0, "Measurement": { "Timestamp": "2026-01-10T18:07:00.080657057Z", "Frequency": 5000000000, "System": "/proc/meminfo", "Measurement": "MemTotal: 3960648 kB\nMemFree: 417516 kB\nMemAvailable: 3229512 kB\nBuffers: 113884 kB\nCached: 2821492 kB\nSwapCached: 0 kB\nActive: 655452 kB\nInactive: 2501196 kB\nActive(anon): 220364 kB\nInactive(anon): 14524 kB\nActive(file): 435088 kB\nInactive(file): 2486672 kB\nUnevictable: 30896 kB\nMlocked: 27824 kB\nSwapTotal: 0 kB\nSwapFree: 0 kB\nZswap: 0 kB\nZswapped: 0 kB\nDirty: 232 kB\nWriteback: 0 kB\nAnonPages: 252104 kB\nMapped: 177028 kB\nShmem: 4552 kB\nKReclaimable: 187580 kB\nSlab: 280884 kB\nSReclaimable: 187580 kB\nSUnreclaim: 93304 kB\nKernelStack: 2888 kB\nPageTables: 4560 kB\nSecPageTables: 0 kB\nNFS_Unstable: 0 kB\nBounce: 0 kB\nWritebackTmp: 0 kB\nCommitLimit: 1980324 kB\nCommitted_AS: 887980 kB\nVmallocTotal: 34359738367 kB\nVmallocUsed: 36984 kB\nVmallocChunk: 0 kB\nPercpu: 5496 kB\nHardwareCorrupted: 0 kB\nAnonHugePages: 137216 kB\nShmemHugePages: 0 kB\nShmemPmdMapped: 0 kB\nFileHugePages: 0 kB\nFilePmdMapped: 0 kB\nUnaccepted: 0 kB\nHugePages_Total: 0\nHugePages_Free: 0\nHugePages_Rsvd: 0\nHugePages_Surp: 0\nHugepagesize: 2048 kB\nHugetlb: 0 kB\nDirectMap4k: 126156 kB\nDirectMap2M: 2967552 kB\nDirectMap1G: 3145728 kB" } }
{ "Site": 1, "Host": 0, "Run": 0, "Measurement": { "Timestamp": "2026-01-10T18:07:00.080657057Z", "Frequency": 5000000000, "System": "/proc/diskstats", "Measurement": " 7 0 loop0 278 0 5266 338 0 0 0 0 0 330 338 0 0 0 0 0 0\n 7 1 loop1 75 0 2508 40 0 0 0 0 0 36 40 0 0 0 0 0 0\n 7 2 loop2 92 0 3744 87 0 0 0 0 0 86 87 0 0 0 0 0 0\n 7 3 loop3 418 0 28930 29 0 0 0 0 0 33 29 0 0 0 0 0 0\n 7 4 loop4 10 0 20 0 0 0 0 0 0 1 0 0 0 0 0 0 0\n 7 5 loop5 0 0 0 0 0 0 0 0 0 0 0 0 0 0 0 0 0\n 7 6 loop6 0 0 0 0 0 0 0 0 0 0 0 0 0 0 0 0 0\n 7 7 loop7 0 0 0 0 0 0 0 0 0 0 0 0 0 0 0 0 0\n 8 0 sda 18851 4623 1415492 53128 1462103 1044691 42141810 7124873 0 1670635 8260845 160713 3245 111179428 515196 171341 567646\n 8 1 sda1 18441 2968 1392878 52978 1462089 1044683 42141704 7124847 0 1987358 7693018 160712 3244 110978152 515193 0 0\n 8 14 sda14 92 0 1232 22 0 0 0 0 0 25 22 0 0 0 0 0 0\n 8 15 sda15 182 1655 17670 78 2 0 2 0 0 63 81 1 1 201276 2 0 0\n 8 16 sdb 319 1 19490 98 233 1045 402016 18688 0 1194 18796 69 68 33069976 9 0 0\n 8 17 sdb1 110 1 6474 71 233 1045 402016 18688 0 1205 18769 69 68 33069976 9 0 0\n 11 0 sr0 78 0 560 15 0 0 0 0 0 12 15 0 0 0 0 0 0" } }
{ "Site": 1, "Host": 0, "Run": 0, "Measurement": { "Timestamp": "2026-01-10T18:07:00.080657057Z", "Frequency": 5000000000, "System": "/proc/net/dev", "Measurement": "Inter-| Receive | Transmit\n face |bytes packets errs drop fifo frame compressed multicast|bytes packets errs drop fifo colls carrier compressed\n lo: 4234537 29335 0 0 0 0 0 0 4234537 29335 0 0 0 0 0 0\n eth0: 1311471067 4196420 0 0 0 0 0 0 1376683206 6896259 0 0 0 0 0 0\ndocker0: 282754 4373 0 0 0 0 0 0 112467745 12612 0 0 0 0 0 0\nbr-490d867fe46d: 112 4 0 0 0 0 0 0 526 5 0 0 0 0 0 0" } }
{ "Site": 1, "Host": 0, "Run": 0, "Measurement": { "Timestamp": "2026-01-10T18:07:05.312133003Z", "Frequency": 5000000000, "System": "/proc/stat", "Measurement": "cpu 335540 7244 152996 187209387 168270 0 8837 0 0 0\ncpu0 159203 3645 59599 93628594 81830 0 5038 0 0 0\ncpu1 176336 3599 93396 93580792 86439 0 3799 0 0 0\nintr 74880409 0 0 0 0 2588 0 0 0 0 0 0 0 0 0 0 0 0 0 0 0 0 0 0 0 0 0 0 0 0 0 0 0 0 0 0 0 0 0 0 0 0 0 0 0 0 0 0 0 0 0 0 0 0 0 0 0 0 0 0 0 0 0 0 0 0 0 0 0 0 0 0 0 0 0 0 0 0 0 0 0 0 0 0 0 0 0 0 0 0 0 0 0 0 0 0 0 0 0 0 0 0 0 0 0 0 0 0 0 0 0 0 0 0 0 0 0 0 0 0 0 0 0 0 0 0 0 0 0 0 0 0 0 0 0 0 0 0 0 0 0 0 0 0 0 0 0 0 0 0 0 0 0 0 0 0 0 0 0 0 0 0 0 0 0 0 0 0 0 0 0 0 0 0 0 0 0 0 0 0 0 0 0 0 0 0 0 0 0 0 0 0 0 0 0 0 0 0 0 0 0 0 0 0 0 0 0 0 0 0 0 0 0 0 0 0 0 0 0 0 0 0 0 0 0 0 0 0 0 0 0 0 0 0 0 0 0 0 0 0 0 0 0 0 0 0 0 0 0 0 0 0 0 0 0 0 0 0 0 0 0 0 0 0 0 0 0 0 0 0 0 0 0 0 0 0 0 0 0 0 0 0 0 0 0 0 0 0 0 0 0 0 0 0 0 0 0 0 0 0 0 0 0 0 0 0 0 0 0 0 0 0 0 0 0 0 0 0 0 0 0 0 0 0 0 0 0 0 0 0 0 0 0 0 0 0 0 0 0 0 0 0 0 0 0 0 0 0 0 0 0 0 0 0 0 0 0 0 0 0 0 0 0 0 0 0 0 0 0 0 0 0 0 0 0 0 0 0 0 0 0 0 0 0 0 0 0 0 0 0 0 0 0 0 0 0 0 0 0 0 0 0 0 0 0 0 0 0 0 0 0 0 0 0 0 0 0 0 0 0 0 0 0 0 0 0 0 0 0 0 0 0 0 0 0 0 0 0 0 0 0\nctxt 105059568\nbtime 1767127868\nprocesses 148562\nprocs_running 1\nprocs_blocked 0\nsoftirq 71966849 0 19033353 156 9161572 869 0 13408269 21836670 449 8525511" } }
{ "Site": 1, "Host": 0, "Run": 0, "Measurement": { "Timestamp": "2026-01-10T18:07:05.312133003Z", "Frequency": 5000000000, "System": "/proc/meminfo", "Measurement": "MemTotal: 3960648 kB\nMemFree: 408508 kB\nMemAvailable: 3220516 kB\nBuffers: 113884 kB\nCached: 2821504 kB\nSwapCached: 0 kB\nActive: 655384 kB\nInactive: 2501208 kB\nActive(anon): 220296 kB\nInactive(anon): 14524 kB\nActive(file): 435088 kB\nInactive(file): 2486684 kB\nUnevictable: 30896 kB\nMlocked: 27824 kB\nSwapTotal: 0 kB\nSwapFree: 0 kB\nZswap: 0 kB\nZswapped: 0 kB\nDirty: 440 kB\nWriteback: 4 kB\nAnonPages: 252116 kB\nMapped: 177044 kB\nShmem: 4552 kB\nKReclaimable: 187580 kB\nSlab: 280984 kB\nSReclaimable: 187580 kB\nSUnreclaim: 93404 kB\nKernelStack: 2888 kB\nPageTables: 4560 kB\nSecPageTables: 0 kB\nNFS_Unstable: 0 kB\nBounce: 0 kB\nWritebackTmp: 0 kB\nCommitLimit: 1980324 kB\nCommitted_AS: 887980 kB\nVmallocTotal: 34359738367 kB\nVmallocUsed: 36984 kB\nVmallocChunk: 0 kB\nPercpu: 5496 kB\nHardwareCorrupted: 0 kB\nAnonHugePages: 137216 kB\nShmemHugePages: 0 kB\nShmemPmdMapped: 0 kB\nFileHugePages: 0 kB\nFilePmdMapped: 0 kB\nUnaccepted: 0 kB\nHugePages_Total: 0\nHugePages_Free: 0\nHugePages_Rsvd: 0\nHugePages_Surp: 0\nHugepagesize: 2048 kB\nHugetlb: 0 kB\nDirectMap4k: 126156 kB\nDirectMap2M: 2967552 kB\nDirectMap1G: 3145728 kB" } }
{ "Site": 1, "Host": 0, "Run": 0, "Measurement": { "Timestamp": "2026-01-10T18:07:05.312133003Z", "Frequency": 5000000000, "System": "/proc/diskstats", "Measurement": " 7 0 loop0 278 0 5266 338 0 0 0 0 0 330 338 0 0 0 0 0 0\n 7 1 loop1 75 0 2508 40 0 0 0 0 0 36 40 0 0 0 0 0 0\n 7 2 loop2 92 0 3744 87 0 0 0 0 0 86 87 0 0 0 0 0 0\n 7 3 loop3 418 0 28930 29 0 0 0 0 0 33 29 0 0 0 0 0 0\n 7 4 loop4 10 0 20 0 0 0 0 0 0 1 0 0 0 0 0 0 0\n 7 5 loop5 0 0 0 0 0 0 0 0 0 0 0 0 0 0 0 0 0\n 7 6 loop6 0 0 0 0 0 0 0 0 0 0 0 0 0 0 0 0 0\n 7 7 loop7 0 0 0 0 0 0 0 0 0 0 0 0 0 0 0 0 0\n 8 0 sda 18851 4623 1415492 53128 1462183 1044707 42142762 7124894 0 1670652 8260877 160716 3245 111179452 515204 171342 567649\n 8 1 sda1 18441 2968 1392878 52978 1462169 1044699 42142656 7124868 0 1987375 7693048 160715 3244 110978176 515201 0 0\n 8 14 sda14 92 0 1232 22 0 0 0 0 0 25 22 0 0 0 0 0 0\n 8 15 sda15 182 1655 17670 78 2 0 2 0 0 63 81 1 1 201276 2 0 0\n 8 16 sdb 319 1 19490 98 233 1045 402016 18688 0 1194 18796 69 68 33069976 9 0 0\n 8 17 sdb1 110 1 6474 71 233 1045 402016 18688 0 1205 18769 69 68 33069976 9 0 0\n 11 0 sr0 78 0 560 15 0 0 0 0 0 12 15 0 0 0 0 0 0" } }
{ "Site": 1, "Host": 0, "Run": 0, "Measurement": { "Timestamp": "2026-01-10T18:07:05.312133003Z", "Frequency": 5000000000, "System": "/proc/net/dev", "Measurement": "Inter-| Receive | Transmit\n face |bytes packets errs drop fifo frame compressed multicast|bytes packets errs drop fifo colls carrier compressed\n lo: 4234537 29335 0 0 0 0 0 0 4234537 29335 0 0 0 0 0 0\n eth0: 1311483007 4196487 0 0 0 0 0 0 1376699423 6896343 0 0 0 0 0 0\ndocker0: 282754 4373 0 0 0 0 0 0 112467745 12612 0 0 0 0 0 0\nbr-490d867fe46d: 112 4 0 0 0 0 0 0 526 5 0 0 0 0 0 0" } }
{ "Site": 1, "Host": 0, "Run": 0, "Measurement": { "Timestamp": "2026-01-10T18:07:10.545330113Z", "Frequency": 5000000000, "System": "/proc/stat", "Measurement": "cpu 336264 7244 153007 187209697 168270 0 8837 0 0 0\ncpu0 159565 3645 59605 93628749 81830 0 5038 0 0 0\ncpu1 176698 3599 93401 93580947 86439 0 3799 0 0 0\nintr 74888899 0 0 0 0 2588 0 0 0 0 0 0 0 0 0 0 0 0 0 0 0 0 0 0 0 0 0 0 0 0 0 0 0 0 0 0 0 0 0 0 0 0 0 0 0 0 0 0 0 0 0 0 0 0 0 0 0 0 0 0 0 0 0 0 0 0 0 0 0 0 0 0 0 0 0 0 0 0 0 0 0 0 0 0 0 0 0 0 0 0 0 0 0 0 0 0 0 0 0 0 0 0 0 0 0 0 0 0 0 0 0 0 0 0 0 0 0 0 0 0 0 0 0 0 0 0 0 0 0 0 0 0 0 0 0 0 0 0 0 0 0 0 0 0 0 0 0 0 0 0 0 0 0 0 0 0 0 0 0 0 0 0 0 0 0 0 0 0 0 0 0 0 0 0 0 0 0 0 0 0 0 0 0 0 0 0 0 0 0 0 0 0 0 0 0 0 0 0 0 0 0 0 0 0 0 0 0 0 0 0 0 0 0 0 0 0 0 0 0 0 0 0 0 0 0 0 0 0 0 0 0 0 0 0 0 0 0 0 0 0 0 0 0 0 0 0 0 0 0 0 0 0 0 0 0 0 0 0 0 0 0 0 0 0 0 0 0 0 0 0 0 0 0 0 0 0 0 0 0 0 0 0 0 0 0 0 0 0 0 0 0 0 0 0 0 0 0 0 0 0 0 0 0 0 0 0 0 0 0 0 0 0 0 0 0 0 0 0 0 0 0 0 0 0 0 0 0 0 0 0 0 0 0 0 0 0 0 0 0 0 0 0 0 0 0 0 0 0 0 0 0 0 0 0 0 0 0 0 0 0 0 0 0 0 0 0 0 0 0 0 0 0 0 0 0 0 0 0 0 0 0 0 0 0 0 0 0 0 0 0 0 0 0 0 0 0 0 0 0 0 0 0 0 0 0 0 0 0 0 0 0 0 0 0 0 0 0 0 0 0 0 0 0 0 0 0 0 0 0 0 0 0 0 0 0 0 0 0 0 0 0\nctxt 105062032\nbtime 1767127868\nprocesses 148682\nprocs_running 3\nprocs_blocked 0\nsoftirq 71968985 0 19033667 156 9161742 869 0 13408283 21836960 449 8526859" } }
{ "Site": 1, "Host": 0, "Run": 0, "Measurement": { "Timestamp": "2026-01-10T18:07:10.545330113Z", "Frequency": 5000000000, "System": "/proc/meminfo", "Measurement": "MemTotal: 3960648 kB\nMemFree: 414756 kB\nMemAvailable: 3226852 kB\nBuffers: 113884 kB\nCached: 2821600 kB\nSwapCached: 0 kB\nActive: 657552 kB\nInactive: 2501216 kB\nActive(anon): 222384 kB\nInactive(anon): 14524 kB\nActive(file): 435168 kB\nInactive(file): 2486692 kB\nUnevictable: 30896 kB\nMlocked: 27824 kB\nSwapTotal: 0 kB\nSwapFree: 0 kB\nZswap: 0 kB\nZswapped: 0 kB\nDirty: 816 kB\nWriteback: 0 kB\nAnonPages: 254208 kB\nMapped: 177836 kB\nShmem: 4560 kB\nKReclaimable: 187580 kB\nSlab: 281160 kB\nSReclaimable: 187580 kB\nSUnreclaim: 93580 kB\nKernelStack: 2928 kB\nPageTables: 4604 kB\nSecPageTables: 0 kB\nNFS_Unstable: 0 kB\nBounce: 0 kB\nWritebackTmp: 0 kB\nCommitLimit: 1980324 kB\nCommitted_AS: 895856 kB\nVmallocTotal: 34359738367 kB\nVmallocUsed: 37032 kB\nVmallocChunk: 0 kB\nPercpu: 5496 kB\nHardwareCorrupted: 0 kB\nAnonHugePages: 137216 kB\nShmemHugePages: 0 kB\nShmemPmdMapped: 0 kB\nFileHugePages: 0 kB\nFilePmdMapped: 0 kB\nUnaccepted: 0 kB\nHugePages_Total: 0\nHugePages_Free: 0\nHugePages_Rsvd: 0\nHugePages_Surp: 0\nHugepagesize: 2048 kB\nHugetlb: 0 kB\nDirectMap4k: 126156 kB\nDirectMap2M: 2967552 kB\nDirectMap1G: 3145728 kB" } }
{ "Site": 1, "Host": 0, "Run": 0, "Measurement": { "Timestamp": "2026-01-10T18:07:10.545330113Z", "Frequency": 5000000000, "System": "/proc/diskstats", "Measurement": " 7 0 loop0 278 0 5266 338 0 0 0 0 0 330 338 0 0 0 0 0 0\n 7 1 loop1 75 0 2508 40 0 0 0 0 0 36 40 0 0 0 0 0 0\n 7 2 loop2 92 0 3744 87 0 0 0 0 0 86 87 0 0 0 0 0 0\n 7 3 loop3 418 0 28930 29 0 0 0 0 0 33 29 0 0 0 0 0 0\n 7 4 loop4 10 0 20 0 0 0 0 0 0 1 0 0 0 0 0 0 0\n 7 5 loop5 0 0 0 0 0 0 0 0 0 0 0 0 0 0 0 0 0\n 7 6 loop6 0 0 0 0 0 0 0 0 0 0 0 0 0 0 0 0 0\n 7 7 loop7 0 0 0 0 0 0 0 0 0 0 0 0 0 0 0 0 0\n 8 0 sda 18851 4623 1415492 53128 1462189 1044719 42142914 7124902 0 1670659 8260889 160716 3245 111179452 515204 171343 567653\n 8 1 sda1 18441 2968 1392878 52978 1462175 1044711 42142808 7124875 0 1987382 7693055 160715 3244 110978176 515201 0 0\n 8 14 sda14 92 0 1232 22 0 0 0 0 0 25 22 0 0 0 0 0 0\n 8 15 sda15 182 1655 17670 78 2 0 2 0 0 63 81 1 1 201276 2 0 0\n 8 16 sdb 319 1 19490 98 233 1045 402016 18688 0 1194 18796 69 68 33069976 9 0 0\n 8 17 sdb1 110 1 6474 71 233 1045 402016 18688 0 1205 18769 69 68 33069976 9 0 0\n 11 0 sr0 78 0 560 15 0 0 0 0 0 12 15 0 0 0 0 0 0" } }
{ "Site": 1, "Host": 0, "Run": 0, "Measurement": { "Timestamp": "2026-01-10T18:07:10.545330113Z", "Frequency": 5000000000, "System": "/proc/net/dev", "Measurement": "Inter-| Receive | Transmit\n face |bytes packets errs drop fifo frame compressed multicast|bytes packets errs drop fifo colls carrier compressed\n lo: 4234537 29335 0 0 0 0 0 0 4234537 29335 0 0 0 0 0 0\n eth0: 1311502355 4196579 0 0 0 0 0 0 1376718883 6896451 0 0 0 0 0 0\ndocker0: 282754 4373 0 0 0 0 0 0 112467745 12612 0 0 0 0 0 0\nbr-490d867fe46d: 112 4 0 0 0 0 0 0 526 5 0 0 0 0 0 0" } }
{ "Site": 1, "Host": 0, "Run": 0, "Measurement": { "Timestamp": "2026-01-10T18:07:15.845366407Z", "Frequency": 5000000000, "System": "/proc/stat", "Measurement": "cpu 337322 7244 153008 187209697 168270 0 8838 0 0 0\ncpu0 160094 3645 59607 93628749 81830 0 5038 0 0 0\ncpu1 177228 3599 93401 93580947 86439 0 3799 0 0 0\nintr 74899667 0 0 0 0 2588 0 0 0 0 0 0 0 0 0 0 0 0 0 0 0 0 0 0 0 0 0 0 0 0 0 0 0 0 0 0 0 0 0 0 0 0 0 0 0 0 0 0 0 0 0 0 0 0 0 0 0 0 0 0 0 0 0 0 0 0 0 0 0 0 0 0 0 0 0 0 0 0 0 0 0 0 0 0 0 0 0 0 0 0 0 0 0 0 0 0 0 0 0 0 0 0 0 0 0 0 0 0 0 0 0 0 0 0 0 0 0 0 0 0 0 0 0 0 0 0 0 0 0 0 0 0 0 0 0 0 0 0 0 0 0 0 0 0 0 0 0 0 0 0 0 0 0 0 0 0 0 0 0 0 0 0 0 0 0 0 0 0 0 0 0 0 0 0 0 0 0 0 0 0 0 0 0 0 0 0 0 0 0 0 0 0 0 0 0 0 0 0 0 0 0 0 0 0 0 0 0 0 0 0 0 0 0 0 0 0 0 0 0 0 0 0 0 0 0 0 0 0 0 0 0 0 0 0 0 0 0 0 0 0 0 0 0 0 0 0 0 0 0 0 0 0 0 0 0 0 0 0 0 0 0 0 0 0 0 0 0 0 0 0 0 0 0 0 0 0 0 0 0 0 0 0 0 0 0 0 0 0 0 0 0 0 0 0 0 0 0 0 0 0 0 0 0 0 0 0 0 0 0 0 0 0 0 0 0 0 0 0 0 0 0 0 0 0 0 0 0 0 0 0 0 0 0 0 0 0 0 0 0 0 0 0 0 0 0 0 0 0 0 0 0 0 0 0 0 0 0 0 0 0 0 0 0 0 0 0 0 0 0 0 0 0 0 0 0 0 0 0 0 0 0 0 0 0 0 0 0 0 0 0 0 0 0 0 0 0 0 0 0 0 0 0 0 0 0 0 0 0 0 0 0 0 0 0 0 0 0 0 0 0 0 0 0 0 0 0 0 0 0 0 0 0 0 0 0 0 0 0 0 0 0\nctxt 105062791\nbtime 1767127868\nprocesses 148700\nprocs_running 3\nprocs_blocked 1\nsoftirq 71969661 0 19033884 156 9161781 869 0 13408304 21837131 449 8527087" } }
{ "Site": 1, "Host": 0, "Run": 0, "Measurement": { "Timestamp": "2026-01-10T18:07:15.845366407Z", "Frequency": 5000000000, "System": "/proc/meminfo", "Measurement": "MemTotal: 3960648 kB\nMemFree: 414756 kB\nMemAvailable: 3226860 kB\nBuffers: 113884 kB\nCached: 2821608 kB\nSwapCached: 0 kB\nActive: 657472 kB\nInactive: 2501224 kB\nActive(anon): 222304 kB\nInactive(anon): 14524 kB\nActive(file): 435168 kB\nInactive(file): 2486700 kB\nUnevictable: 30896 kB\nMlocked: 27824 kB\nSwapTotal: 0 kB\nSwapFree: 0 kB\nZswap: 0 kB\nZswapped: 0 kB\nDirty: 744 kB\nWriteback: 0 kB\nAnonPages: 254100 kB\nMapped: 177812 kB\nShmem: 4560 kB\nKReclaimable: 187580 kB\nSlab: 281160 kB\nSReclaimable: 187580 kB\nSUnreclaim: 93580 kB\nKernelStack: 2928 kB\nPageTables: 4504 kB\nSecPageTables: 0 kB\nNFS_Unstable: 0 kB\nBounce: 0 kB\nWritebackTmp: 0 kB\nCommitLimit: 1980324 kB\nCommitted_AS: 895856 kB\nVmallocTotal: 34359738367 kB\nVmallocUsed: 37032 kB\nVmallocChunk: 0 kB\nPercpu: 5496 kB\nHardwareCorrupted: 0 kB\nAnonHugePages: 137216 kB\nShmemHugePages: 0 kB\nShmemPmdMapped: 0 kB\nFileHugePages: 0 kB\nFilePmdMapped: 0 kB\nUnaccepted: 0 kB\nHugePages_Total: 0\nHugePages_Free: 0\nHugePages_Rsvd: 0\nHugePages_Surp: 0\nHugepagesize: 2048 kB\nHugetlb: 0 kB\nDirectMap4k: 126156 kB\nDirectMap2M: 2967552 kB\nDirectMap1G: 3145728 kB" } }
{ "Site": 1, "Host": 0, "Run": 0, "Measurement": { "Timestamp": "2026-01-10T18:07:15.845366407Z", "Frequency": 5000000000, "System": "/proc/diskstats", "Measurement": " 7 0 loop0 278 0 5266 338 0 0 0 0 0 330 338 0 0 0 0 0 0\n 7 1 loop1 75 0 2508 40 0 0 0 0 0 36 40 0 0 0 0 0 0\n 7 2 loop2 92 0 3744 87 0 0 0 0 0 86 87 0 0 0 0 0 0\n 7 3 loop3 418 0 28930 29 0 0 0 0 0 33 29 0 0 0 0 0 0\n 7 4 loop4 10 0 20 0 0 0 0 0 0 1 0 0 0 0 0 0 0\n 7 5 loop5 0 0 0 0 0 0 0 0 0 0 0 0 0 0 0 0 0\n 7 6 loop6 0 0 0 0 0 0 0 0 0 0 0 0 0 0 0 0 0\n 7 7 loop7 0 0 0 0 0 0 0 0 0 0 0 0 0 0 0 0 0\n 8 0 sda 18851 4623 1415492 53128 1462203 1044727 42143090 7124912 0 1670667 8260904 160717 3245 111179460 515207 171344 567656\n 8 1 sda1 18441 2968 1392878 52978 1462189 1044719 42142984 7124885 0 1987390 7693068 160716 3244 110978184 515204 0 0\n 8 14 sda14 92 0 1232 22 0 0 0 0 0 25 22 0 0 0 0 0 0\n 8 15 sda15 182 1655 17670 78 2 0 2 0 0 63 81 1 1 201276 2 0 0\n 8 16 sdb 319 1 19490 98 233 1045 402016 18688 0 1194 18796 69 68 33069976 9 0 0\n 8 17 sdb1 110 1 6474 71 233 1045 402016 18688 0 1205 18769 69 68 33069976 9 0 0\n 11 0 sr0 78 0 560 15 0 0 0 0 0 12 15 0 0 0 0 0 0" } }
{ "Site": 1, "Host": 0, "Run": 0, "Measurement": { "Timestamp": "2026-01-10T18:07:15.845366407Z", "Frequency": 5000000000, "System": "/proc/net/dev", "Measurement": "Inter-| Receive | Transmit\n face |bytes packets errs drop fifo frame compressed multicast|bytes packets errs drop fifo colls carrier compressed\n lo: 4234537 29335 0 0 0 0 0 0 4234537 29335 0 0 0 0 0 0\n eth0: 1311502883 4196587 0 0 0 0 0 0 1376720797 6896480 0 0 0 0 0 0\ndocker0: 282754 4373 0 0 0 0 0 0 112467745 12612 0 0 0 0 0 0\nbr-490d867fe46d: 112 4 0 0 0 0 0 0 526 5 0 0 0 0 0 0" } }
{ "Site": 1, "Host": 0, "Run": 0, "Measurement": { "Timestamp": "2026-01-10T18:07:21.104359784Z", "Frequency": 5000000000, "System": "/proc/stat", "Measurement": "cpu 338372 7244 153011 187209697 168270 0 8838 0 0 0\ncpu0 160618 3645 59609 93628749 81830 0 5038 0 0 0\ncpu1 177753 3599 93402 93580947 86439 0 3799 0 0 0\nintr 74910381 0 0 0 0 2588 0 0 0 0 0 0 0 0 0 0 0 0 0 0 0 0 0 0 0 0 0 0 0 0 0 0 0 0 0 0 0 0 0 0 0 0 0 0 0 0 0 0 0 0 0 0 0 0 0 0 0 0 0 0 0 0 0 0 0 0 0 0 0 0 0 0 0 0 0 0 0 0 0 0 0 0 0 0 0 0 0 0 0 0 0 0 0 0 0 0 0 0 0 0 0 0 0 0 0 0 0 0 0 0 0 0 0 0 0 0 0 0 0 0 0 0 0 0 0 0 0 0 0 0 0 0 0 0 0 0 0 0 0 0 0 0 0 0 0 0 0 0 0 0 0 0 0 0 0 0 0 0 0 0 0 0 0 0 0 0 0 0 0 0 0 0 0 0 0 0 0 0 0 0 0 0 0 0 0 0 0 0 0 0 0 0 0 0 0 0 0 0 0 0 0 0 0 0 0 0 0 0 0 0 0 0 0 0 0 0 0 0 0 0 0 0 0 0 0 0 0 0 0 0 0 0 0 0 0 0 0 0 0 0 0 0 0 0 0 0 0 0 0 0 0 0 0 0 0 0 0 0 0 0 0 0 0 0 0 0 0 0 0 0 0 0 0 0 0 0 0 0 0 0 0 0 0 0 0 0 0 0 0 0 0 0 0 0 0 0 0 0 0 0 0 0 0 0 0 0 0 0 0 0 0 0 0 0 0 0 0 0 0 0 0 0 0 0 0 0 0 0 0 0 0 0 0 0 0 0 0 0 0 0 0 0 0 0 0 0 0 0 0 0 0 0 0 0 0 0 0 0 0 0 0 0 0 0 0 0 0 0 0 0 0 0 0 0 0 0 0 0 0 0 0 0 0 0 0 0 0 0 0 0 0 0 0 0 0 0 0 0 0 0 0 0 0 0 0 0 0 0 0 0 0 0 0 0 0 0 0 0 0 0 0 0 0 0 0 0 0 0 0 0 0 0 0 0 0 0 0 0 0 0 0\nctxt 105063567\nbtime 1767127868\nprocesses 148718\nprocs_running 3\nprocs_blocked 0\nsoftirq 71970344 0 19034078 156 9161831 869 0 13408319 21837300 449 8527342" } }
{ "Site": 1, "Host": 0, "Run": 0, "Measurement": { "Timestamp": "2026-01-10T18:07:21.104359784Z", "Frequency": 5000000000, "System": "/proc/meminfo", "Measurement": "MemTotal: 3960648 kB\nMemFree: 414756 kB\nMemAvailable: 3226864 kB\nBuffers: 113884 kB\nCached: 2821612 kB\nSwapCached: 0 kB\nActive: 657548 kB\nInactive: 2501228 kB\nActive(anon): 222380 kB\nInactive(anon): 14524 kB\nActive(file): 435168 kB\nInactive(file): 2486704 kB\nUnevictable: 30896 kB\nMlocked: 27824 kB\nSwapTotal: 0 kB\nSwapFree: 0 kB\nZswap: 0 kB\nZswapped: 0 kB\nDirty: 764 kB\nWriteback: 0 kB\nAnonPages: 254072 kB\nMapped: 177812 kB\nShmem: 4560 kB\nKReclaimable: 187580 kB\nSlab: 281156 kB\nSReclaimable: 187580 kB\nSUnreclaim: 93576 kB\nKernelStack: 2928 kB\nPageTables: 4600 kB\nSecPageTables: 0 kB\nNFS_Unstable: 0 kB\nBounce: 0 kB\nWritebackTmp: 0 kB\nCommitLimit: 1980324 kB\nCommitted_AS: 895856 kB\nVmallocTotal: 34359738367 kB\nVmallocUsed: 37032 kB\nVmallocChunk: 0 kB\nPercpu: 5496 kB\nHardwareCorrupted: 0 kB\nAnonHugePages: 135168 kB\nShmemHugePages: 0 kB\nShmemPmdMapped: 0 kB\nFileHugePages: 0 kB\nFilePmdMapped: 0 kB\nUnaccepted: 0 kB\nHugePages_Total: 0\nHugePages_Free: 0\nHugePages_Rsvd: 0\nHugePages_Surp: 0\nHugepagesize: 2048 kB\nHugetlb: 0 kB\nDirectMap4k: 126156 kB\nDirectMap2M: 2967552 kB\nDirectMap1G: 3145728 kB" } }
{ "Site": 1, "Host": 0, "Run": 0, "Measurement": { "Timestamp": "2026-01-10T18:07:21.104359784Z", "Frequency": 5000000000, "System": "/proc/diskstats", "Measurement": " 7 0 loop0 278 0 5266 338 0 0 0 0 0 330 338 0 0 0 0 0 0\n 7 1 loop1 75 0 2508 40 0 0 0 0 0 36 40 0 0 0 0 0 0\n 7 2 loop2 92 0 3744 87 0 0 0 0 0 86 87 0 0 0 0 0 0\n 7 3 loop3 418 0 28930 29 0 0 0 0 0 33 29 0 0 0 0 0 0\n 7 4 loop4 10 0 20 0 0 0 0 0 0 1 0 0 0 0 0 0 0\n 7 5 loop5 0 0 0 0 0 0 0 0 0 0 0 0 0 0 0 0 0\n 7 6 loop6 0 0 0 0 0 0 0 0 0 0 0 0 0 0 0 0 0\n 7 7 loop7 0 0 0 0 0 0 0 0 0 0 0 0 0 0 0 0 0\n 8 0 sda 18851 4623 1415492 53128 1462207 1044735 42143186 7124917 0 1670674 8260915 160718 3245 111179468 515210 171345 567658\n 8 1 sda1 18441 2968 1392878 52978 1462193 1044727 42143080 7124890 0 1987397 7693076 160717 3244 110978192 515207 0 0\n 8 14 sda14 92 0 1232 22 0 0 0 0 0 25 22 0 0 0 0 0 0\n 8 15 sda15 182 1655 17670 78 2 0 2 0 0 63 81 1 1 201276 2 0 0\n 8 16 sdb 319 1 19490 98 233 1045 402016 18688 0 1194 18796 69 68 33069976 9 0 0\n 8 17 sdb1 110 1 6474 71 233 1045 402016 18688 0 1205 18769 69 68 33069976 9 0 0\n 11 0 sr0 78 0 560 15 0 0 0 0 0 12 15 0 0 0 0 0 0" } }
{ "Site": 1, "Host": 0, "Run": 0, "Measurement": { "Timestamp": "2026-01-10T18:07:21.104359784Z", "Frequency": 5000000000, "System": "/proc/net/dev", "Measurement": "Inter-| Receive | Transmit\n face |bytes packets errs drop fifo frame compressed multicast|bytes packets errs drop fifo colls carrier compressed\n lo: 4234537 29335 0 0 0 0 0 0 4234537 29335 0 0 0 0 0 0\n eth0: 1311506957 4196606 0 0 0 0 0 0 1376727496 6896521 0 0 0 0 0 0\ndocker0: 282754 4373 0 0 0 0 0 0 112467745 12612 0 0 0 0 0 0\nbr-490d867fe46d: 112 4 0 0 0 0 0 0 526 5 0 0 0 0 0 0" } }
{ "Site": 1, "Host": 0, "Run": 0, "Measurement": { "Timestamp": "2026-01-10T18:07:26.394371851Z", "Frequency": 5000000000, "System": "/proc/stat", "Measurement": "cpu 339428 7244 153013 187209697 168270 0 8838 0 0 0\ncpu0 161145 3645 59610 93628749 81830 0 5038 0 0 0\ncpu1 178282 3599 93402 93580947 86439 0 3799 0 0 0\nintr 74921281 0 0 0 0 2588 0 0 0 0 0 0 0 0 0 0 0 0 0 0 0 0 0 0 0 0 0 0 0 0 0 0 0 0 0 0 0 0 0 0 0 0 0 0 0 0 0 0 0 0 0 0 0 0 0 0 0 0 0 0 0 0 0 0 0 0 0 0 0 0 0 0 0 0 0 0 0 0 0 0 0 0 0 0 0 0 0 0 0 0 0 0 0 0 0 0 0 0 0 0 0 0 0 0 0 0 0 0 0 0 0 0 0 0 0 0 0 0 0 0 0 0 0 0 0 0 0 0 0 0 0 0 0 0 0 0 0 0 0 0 0 0 0 0 0 0 0 0 0 0 0 0 0 0 0 0 0 0 0 0 0 0 0 0 0 0 0 0 0 0 0 0 0 0 0 0 0 0 0 0 0 0 0 0 0 0 0 0 0 0 0 0 0 0 0 0 0 0 0 0 0 0 0 0 0 0 0 0 0 0 0 0 0 0 0 0 0 0 0 0 0 0 0 0 0 0 0 0 0 0 0 0 0 0 0 0 0 0 0 0 0 0 0 0 0 0 0 0 0 0 0 0 0 0 0 0 0 0 0 0 0 0 0 0 0 0 0 0 0 0 0 0 0 0 0 0 0 0 0 0 0 0 0 0 0 0 0 0 0 0 0 0 0 0 0 0 0 0 0 0 0 0 0 0 0 0 0 0 0 0 0 0 0 0 0 0 0 0 0 0 0 0 0 0 0 0 0 0 0 0 0 0 0 0 0 0 0 0 0 0 0 0 0 0 0 0 0 0 0 0 0 0 0 0 0 0 0 0 0 0 0 0 0 0 0 0 0 0 0 0 0 0 0 0 0 0 0 0 0 0 0 0 0 0 0 0 0 0 0 0 0 0 0 0 0 0 0 0 0 0 0 0 0 0 0 0 0 0 0 0 0 0 0 0 0 0 0 0 0 0 0 0 0 0 0 0 0 0 0 0 0 0 0 0 0 0 0 0 0 0 0\nctxt 105064396\nbtime 1767127868\nprocesses 148739\nprocs_running 3\nprocs_blocked 0\nsoftirq 71971247 0 19034293 156 9161889 869 0 13408455 21837471 449 8527665" } }
{ "Site": 1, "Host": 0, "Run": 0, "Measurement": { "Timestamp": "2026-01-10T18:07:26.394371851Z", "Frequency": 5000000000, "System": "/proc/meminfo", "Measurement": "MemTotal: 3960648 kB\nMemFree: 414756 kB\nMemAvailable: 3226868 kB\nBuffers: 113884 kB\nCached: 2821616 kB\nSwapCached: 0 kB\nActive: 657572 kB\nInactive: 2501232 kB\nActive(anon): 222404 kB\nInactive(anon): 14524 kB\nActive(file): 435168 kB\nInactive(file): 2486708 kB\nUnevictable: 30896 kB\nMlocked: 27824 kB\nSwapTotal: 0 kB\nSwapFree: 0 kB\nZswap: 0 kB\nZswapped: 0 kB\nDirty: 40 kB\nWriteback: 0 kB\nAnonPages: 254072 kB\nMapped: 177816 kB\nShmem: 4560 kB\nKReclaimable: 187580 kB\nSlab: 281156 kB\nSReclaimable: 187580 kB\nSUnreclaim: 93576 kB\nKernelStack: 2928 kB\nPageTables: 4608 kB\nSecPageTables: 0 kB\nNFS_Unstable: 0 kB\nBounce: 0 kB\nWritebackTmp: 0 kB\nCommitLimit: 1980324 kB\nCommitted_AS: 895856 kB\nVmallocTotal: 34359738367 kB\nVmallocUsed: 37032 kB\nVmallocChunk: 0 kB\nPercpu: 5496 kB\nHardwareCorrupted: 0 kB\nAnonHugePages: 135168 kB\nShmemHugePages: 0 kB\nShmemPmdMapped: 0 kB\nFileHugePages: 0 kB\nFilePmdMapped: 0 kB\nUnaccepted: 0 kB\nHugePages_Total: 0\nHugePages_Free: 0\nHugePages_Rsvd: 0\nHugePages_Surp: 0\nHugepagesize: 2048 kB\nHugetlb: 0 kB\nDirectMap4k: 126156 kB\nDirectMap2M: 2967552 kB\nDirectMap1G: 3145728 kB" } }
{ "Site": 1, "Host": 0, "Run": 0, "Measurement": { "Timestamp": "2026-01-10T18:07:26.394371851Z", "Frequency": 5000000000, "System": "/proc/diskstats", "Measurement": " 7 0 loop0 278 0 5266 338 0 0 0 0 0 330 338 0 0 0 0 0 0\n 7 1 loop1 75 0 2508 40 0 0 0 0 0 36 40 0 0 0 0 0 0\n 7 2 loop2 92 0 3744 87 0 0 0 0 0 86 87 0 0 0 0 0 0\n 7 3 loop3 418 0 28930 29 0 0 0 0 0 33 29 0 0 0 0 0 0\n 7 4 loop4 10 0 20 0 0 0 0 0 0 1 0 0 0 0 0 0 0\n 7 5 loop5 0 0 0 0 0 0 0 0 0 0 0 0 0 0 0 0 0\n 7 6 loop6 0 0 0 0 0 0 0 0 0 0 0 0 0 0 0 0 0\n 7 7 loop7 0 0 0 0 0 0 0 0 0 0 0 0 0 0 0 0 0\n 8 0 sda 18851 4623 1415492 53128 1462339 1044745 42144722 7124957 0 1670683 8260961 160719 3245 111179476 515213 171346 567662\n 8 1 sda1 18441 2968 1392878 52978 1462325 1044737 42144616 7124930 0 1987406 7693119 160718 3244 110978200 515210 0 0\n 8 14 sda14 92 0 1232 22 0 0 0 0 0 25 22 0 0 0 0 0 0\n 8 15 sda15 182 1655 17670 78 2 0 2 0 0 63 81 1 1 201276 2 0 0\n 8 16 sdb 319 1 19490 98 233 1045 402016 18688 0 1194 18796 69 68 33069976 9 0 0\n 8 17 sdb1 110 1 6474 71 233 1045 402016 18688 0 1205 18769 69 68 33069976 9 0 0\n 11 0 sr0 78 0 560 15 0 0 0 0 0 12 15 0 0 0 0 0 0" } }
{ "Site": 1, "Host": 0, "Run": 0, "Measurement": { "Timestamp": "2026-01-10T18:07:26.394371851Z", "Frequency": 5000000000, "System": "/proc/net/dev", "Measurement": "Inter-| Receive | Transmit\n face |bytes packets errs drop fifo frame compressed multicast|bytes packets errs drop fifo colls carrier compressed\n lo: 4234537 29335 0 0 0 0 0 0 4234537 29335 0 0 0 0 0 0\n eth0: 1311511295 4196629 0 0 0 0 0 0 1376734987 6896574 0 0 0 0 0 0\ndocker0: 282754 4373 0 0 0 0 0 0 112467745 12612 0 0 0 0 0 0\nbr-490d867fe46d: 112 4 0 0 0 0 0 0 526 5 0 0 0 0 0 0" } }
{ "Site": 1, "Host": 0, "Run": 0, "Measurement": { "Timestamp": "2026-01-10T18:07:31.673378594Z", "Frequency": 5000000000, "System": "/proc/stat", "Measurement": "cpu 340482 7244 153014 187209697 168270 0 8838 0 0 0\ncpu0 161673 3645 59610 93628749 81830 0 5038 0 0 0\ncpu1 178808 3599 93404 93580947 86439 0 3799 0 0 0\nintr 74932008 0 0 0 0 2588 0 0 0 0 0 0 0 0 0 0 0 0 0 0 0 0 0 0 0 0 0 0 0 0 0 0 0 0 0 0 0 0 0 0 0 0 0 0 0 0 0 0 0 0 0 0 0 0 0 0 0 0 0 0 0 0 0 0 0 0 0 0 0 0 0 0 0 0 0 0 0 0 0 0 0 0 0 0 0 0 0 0 0 0 0 0 0 0 0 0 0 0 0 0 0 0 0 0 0 0 0 0 0 0 0 0 0 0 0 0 0 0 0 0 0 0 0 0 0 0 0 0 0 0 0 0 0 0 0 0 0 0 0 0 0 0 0 0 0 0 0 0 0 0 0 0 0 0 0 0 0 0 0 0 0 0 0 0 0 0 0 0 0 0 0 0 0 0 0 0 0 0 0 0 0 0 0 0 0 0 0 0 0 0 0 0 0 0 0 0 0 0 0 0 0 0 0 0 0 0 0 0 0 0 0 0 0 0 0 0 0 0 0 0 0 0 0 0 0 0 0 0 0 0 0 0 0 0 0 0 0 0 0 0 0 0 0 0 0 0 0 0 0 0 0 0 0 0 0 0 0 0 0 0 0 0 0 0 0 0 0 0 0 0 0 0 0 0 0 0 0 0 0 0 0 0 0 0 0 0 0 0 0 0 0 0 0 0 0 0 0 0 0 0 0 0 0 0 0 0 0 0 0 0 0 0 0 0 0 0 0 0 0 0 0 0 0 0 0 0 0 0 0 0 0 0 0 0 0 0 0 0 0 0 0 0 0 0 0 0 0 0 0 0 0 0 0 0 0 0 0 0 0 0 0 0 0 0 0 0 0 0 0 0 0 0 0 0 0 0 0 0 0 0 0 0 0 0 0 0 0 0 0 0 0 0 0 0 0 0 0 0 0 0 0 0 0 0 0 0 0 0 0 0 0 0 0 0 0 0 0 0 0 0 0 0 0 0 0 0 0 0 0 0 0 0 0 0 0 0 0 0 0 0 0\nctxt 105065104\nbtime 1767127868\nprocesses 148757\nprocs_running 3\nprocs_blocked 0\nsoftirq 71971932 0 19034496 156 9161948 869 0 13408467 21837641 449 8527906" } }
{ "Site": 1, "Host": 0, "Run": 0, "Measurement": { "Timestamp": "2026-01-10T18:07:31.673378594Z", "Frequency": 5000000000, "System": "/proc/meminfo", "Measurement": "MemTotal: 3960648 kB\nMemFree: 414756 kB\nMemAvailable: 3226872 kB\nBuffers: 113884 kB\nCached: 2821620 kB\nSwapCached: 0 kB\nActive: 657548 kB\nInactive: 2501236 kB\nActive(anon): 222380 kB\nInactive(anon): 14524 kB\nActive(file): 435168 kB\nInactive(file): 2486712 kB\nUnevictable: 30896 kB\nMlocked: 27824 kB\nSwapTotal: 0 kB\nSwapFree: 0 kB\nZswap: 0 kB\nZswapped: 0 kB\nDirty: 56 kB\nWriteback: 0 kB\nAnonPages: 254072 kB\nMapped: 177812 kB\nShmem: 4560 kB\nKReclaimable: 187580 kB\nSlab: 281156 kB\nSReclaimable: 187580 kB\nSUnreclaim: 93576 kB\nKernelStack: 2928 kB\nPageTables: 4600 kB\nSecPageTables: 0 kB\nNFS_Unstable: 0 kB\nBounce: 0 kB\nWritebackTmp: 0 kB\nCommitLimit: 1980324 kB\nCommitted_AS: 895856 kB\nVmallocTotal: 34359738367 kB\nVmallocUsed: 37032 kB\nVmallocChunk: 0 kB\nPercpu: 5496 kB\nHardwareCorrupted: 0 kB\nAnonHugePages: 135168 kB\nShmemHugePages: 0 kB\nShmemPmdMapped: 0 kB\nFileHugePages: 0 kB\nFilePmdMapped: 0 kB\nUnaccepted: 0 kB\nHugePages_Total: 0\nHugePages_Free: 0\nHugePages_Rsvd: 0\nHugePages_Surp: 0\nHugepagesize: 2048 kB\nHugetlb: 0 kB\nDirectMap4k: 126156 kB\nDirectMap2M: 2967552 kB\nDirectMap1G: 3145728 kB" } }
{ "Site": 1, "Host": 0, "Run": 0, "Measurement": { "Timestamp": "2026-01-10T18:07:31.673378594Z", "Frequency": 5000000000, "System": "/proc/diskstats", "Measurement": " 7 0 loop0 278 0 5266 338 0 0 0 0 0 330 338 0 0 0 0 0 0\n 7 1 loop1 75 0 2508 40 0 0 0 0 0 36 40 0 0 0 0 0 0\n 7 2 loop2 92 0 3744 87 0 0 0 0 0 86 87 0 0 0 0 0 0\n 7 3 loop3 418 0 28930 29 0 0 0 0 0 33 29 0 0 0 0 0 0\n 7 4 loop4 10 0 20 0 0 0 0 0 0 1 0 0 0 0 0 0 0\n 7 5 loop5 0 0 0 0 0 0 0 0 0 0 0 0 0 0 0 0 0\n 7 6 loop6 0 0 0 0 0 0 0 0 0 0 0 0 0 0 0 0 0\n 7 7 loop7 0 0 0 0 0 0 0 0 0 0 0 0 0 0 0 0 0\n 8 0 sda 18851 4623 1415492 53128 1462348 1044757 42144890 7124976 0 1670703 8260991 160720 3245 111179484 515215 171347 567670\n 8 1 sda1 18441 2968 1392878 52978 1462334 1044749 42144784 7124949 0 1987426 7693140 160719 3244 110978208 515212 0 0\n 8 14 sda14 92 0 1232 22 0 0 0 0 0 25 22 0 0 0 0 0 0\n 8 15 sda15 182 1655 17670 78 2 0 2 0 0 63 81 1 1 201276 2 0 0\n 8 16 sdb 319 1 19490 98 233 1045 402016 18688 0 1194 18796 69 68 33069976 9 0 0\n 8 17 sdb1 110 1 6474 71 233 1045 402016 18688 0 1205 18769 69 68 33069976 9 0 0\n 11 0 sr0 78 0 560 15 0 0 0 0 0 12 15 0 0 0 0 0 0" } }
{ "Site": 1, "Host": 0, "Run": 0, "Measurement": { "Timestamp": "2026-01-10T18:07:31.673378594Z", "Frequency": 5000000000, "System": "/proc/net/dev", "Measurement": "Inter-| Receive | Transmit\n face |bytes packets errs drop fifo frame compressed multicast|bytes packets errs drop fifo colls carrier compressed\n lo: 4234537 29335 0 0 0 0 0 0 4234537 29335 0 0 0 0 0 0\n eth0: 1311515501 4196650 0 0 0 0 0 0 1376742148 6896622 0 0 0 0 0 0\ndocker0: 282754 4373 0 0 0 0 0 0 112467745 12612 0 0 0 0 0 0\nbr-490d867fe46d: 112 4 0 0 0 0 0 0 526 5 0 0 0 0 0 0" } }
{ "Site": 1, "Host": 0, "Run": 0, "Measurement": { "Timestamp": "2026-01-10T18:07:37.136384029Z", "Frequency": 5000000000, "System": "/proc/stat", "Measurement": "cpu 341571 7244 153017 187209697 168270 0 8838 0 0 0\ncpu0 162218 3645 59612 93628749 81830 0 5038 0 0 0\ncpu1 179353 3599 93405 93580947 86439 0 3799 0 0 0\nintr 74943184 0 0 0 0 2588 0 0 0 0 0 0 0 0 0 0 0 0 0 0 0 0 0 0 0 0 0 0 0 0 0 0 0 0 0 0 0 0 0 0 0 0 0 0 0 0 0 0 0 0 0 0 0 0 0 0 0 0 0 0 0 0 0 0 0 0 0 0 0 0 0 0 0 0 0 0 0 0 0 0 0 0 0 0 0 0 0 0 0 0 0 0 0 0 0 0 0 0 0 0 0 0 0 0 0 0 0 0 0 0 0 0 0 0 0 0 0 0 0 0 0 0 0 0 0 0 0 0 0 0 0 0 0 0 0 0 0 0 0 0 0 0 0 0 0 0 0 0 0 0 0 0 0 0 0 0 0 0 0 0 0 0 0 0 0 0 0 0 0 0 0 0 0 0 0 0 0 0 0 0 0 0 0 0 0 0 0 0 0 0 0 0 0 0 0 0 0 0 0 0 0 0 0 0 0 0 0 0 0 0 0 0 0 0 0 0 0 0 0 0 0 0 0 0 0 0 0 0 0 0 0 0 0 0 0 0 0 0 0 0 0 0 0 0 0 0 0 0 0 0 0 0 0 0 0 0 0 0 0 0 0 0 0 0 0 0 0 0 0 0 0 0 0 0 0 0 0 0 0 0 0 0 0 0 0 0 0 0 0 0 0 0 0 0 0 0 0 0 0 0 0 0 0 0 0 0 0 0 0 0 0 0 0 0 0 0 0 0 0 0 0 0 0 0 0 0 0 0 0 0 0 0 0 0 0 0 0 0 0 0 0 0 0 0 0 0 0 0 0 0 0 0 0 0 0 0 0 0 0 0 0 0 0 0 0 0 0 0 0 0 0 0 0 0 0 0 0 0 0 0 0 0 0 0 0 0 0 0 0 0 0 0 0 0 0 0 0 0 0 0 0 0 0 0 0 0 0 0 0 0 0 0 0 0 0 0 0 0 0 0 0 0 0 0 0 0 0 0 0 0 0 0 0 0 0 0 0 0 0 0 0\nctxt 105066129\nbtime 1767127868\nprocesses 148777\nprocs_running 3\nprocs_blocked 0\nsoftirq 71972875 0 19034742 156 9162029 869 0 13408488 21837821 449 8528321" } }
{ "Site": 1, "Host": 0, "Run": 0, "Measurement": { "Timestamp": "2026-01-10T18:07:37.136384029Z", "Frequency": 5000000000, "System": "/proc/meminfo", "Measurement": "MemTotal: 3960648 kB\nMemFree: 417556 kB\nMemAvailable: 3229676 kB\nBuffers: 113884 kB\nCached: 2821624 kB\nSwapCached: 0 kB\nActive: 657472 kB\nInactive: 2501240 kB\nActive(anon): 222304 kB\nInactive(anon): 14524 kB\nActive(file): 435168 kB\nInactive(file): 2486716 kB\nUnevictable: 30896 kB\nMlocked: 27824 kB\nSwapTotal: 0 kB\nSwapFree: 0 kB\nZswap: 0 kB\nZswapped: 0 kB\nDirty: 204 kB\nWriteback: 0 kB\nAnonPages: 254072 kB\nMapped: 177816 kB\nShmem: 4560 kB\nKReclaimable: 187580 kB\nSlab: 281156 kB\nSReclaimable: 187580 kB\nSUnreclaim: 93576 kB\nKernelStack: 2928 kB\nPageTables: 4600 kB\nSecPageTables: 0 kB\nNFS_Unstable: 0 kB\nBounce: 0 kB\nWritebackTmp: 0 kB\nCommitLimit: 1980324 kB\nCommitted_AS: 895856 kB\nVmallocTotal: 34359738367 kB\nVmallocUsed: 37032 kB\nVmallocChunk: 0 kB\nPercpu: 5496 kB\nHardwareCorrupted: 0 kB\nAnonHugePages: 135168 kB\nShmemHugePages: 0 kB\nShmemPmdMapped: 0 kB\nFileHugePages: 0 kB\nFilePmdMapped: 0 kB\nUnaccepted: 0 kB\nHugePages_Total: 0\nHugePages_Free: 0\nHugePages_Rsvd: 0\nHugePages_Surp: 0\nHugepagesize: 2048 kB\nHugetlb: 0 kB\nDirectMap4k: 126156 kB\nDirectMap2M: 2967552 kB\nDirectMap1G: 3145728 kB" } }
{ "Site": 1, "Host": 0, "Run": 0, "Measurement": { "Timestamp": "2026-01-10T18:07:37.136384029Z", "Frequency": 5000000000, "System": "/proc/diskstats", "Measurement": " 7 0 loop0 278 0 5266 338 0 0 0 0 0 330 338 0 0 0 0 0 0\n 7 1 loop1 75 0 2508 40 0 0 0 0 0 36 40 0 0 0 0 0 0\n 7 2 loop2 92 0 3744 87 0 0 0 0 0 86 87 0 0 0 0 0 0\n 7 3 loop3 418 0 28930 29 0 0 0 0 0 33 29 0 0 0 0 0 0\n 7 4 loop4 10 0 20 0 0 0 0 0 0 1 0 0 0 0 0 0 0\n 7 5 loop5 0 0 0 0 0 0 0 0 0 0 0 0 0 0 0 0 0\n 7 6 loop6 0 0 0 0 0 0 0 0 0 0 0 0 0 0 0 0 0\n 7 7 loop7 0 0 0 0 0 0 0 0 0 0 0 0 0 0 0 0 0\n 8 0 sda 18851 4623 1415492 53128 1462352 1044769 42145018 7124981 0 1670711 8261002 160721 3245 111179492 515218 171348 567674\n 8 1 sda1 18441 2968 1392878 52978 1462338 1044761 42144912 7124954 0 1987434 7693148 160720 3244 110978216 515215 0 0\n 8 14 sda14 92 0 1232 22 0 0 0 0 0 25 22 0 0 0 0 0 0\n 8 15 sda15 182 1655 17670 78 2 0 2 0 0 63 81 1 1 201276 2 0 0\n 8 16 sdb 319 1 19490 98 233 1045 402016 18688 0 1194 18796 69 68 33069976 9 0 0\n 8 17 sdb1 110 1 6474 71 233 1045 402016 18688 0 1205 18769 69 68 33069976 9 0 0\n 11 0 sr0 78 0 560 15 0 0 0 0 0 12 15 0 0 0 0 0 0" } }
{ "Site": 1, "Host": 0, "Run": 0, "Measurement": { "Timestamp": "2026-01-10T18:07:37.136384029Z", "Frequency": 5000000000, "System": "/proc/net/dev", "Measurement": "Inter-| Receive | Transmit\n face |bytes packets errs drop fifo frame compressed multicast|bytes packets errs drop fifo colls carrier compressed\n lo: 4234537 29335 0 0 0 0 0 0 4234537 29335 0 0 0 0 0 0\n eth0: 1311521769 4196683 0 0 0 0 0 0 1376752627 6896682 0 0 0 0 0 0\ndocker0: 282754 4373 0 0 0 0 0 0 112467745 12612 0 0 0 0 0 0\nbr-490d867fe46d: 112 4 0 0 0 0 0 0 526 5 0 0 0 0 0 0" } }
{ "Site": 1, "Host": 0, "Run": 0, "Measurement": { "Timestamp": "2026-01-10T18:07:42.486412287Z", "Frequency": 5000000000, "System": "/proc/stat", "Measurement": "cpu 342640 7244 153019 187209697 168270 0 8838 0 0 0\ncpu0 162752 3645 59612 93628749 81830 0 5038 0 0 0\ncpu1 179887 3599 93406 93580947 86439 0 3799 0 0 0\nintr 74954061 0 0 0 0 2588 0 0 0 0 0 0 0 0 0 0 0 0 0 0 0 0 0 0 0 0 0 0 0 0 0 0 0 0 0 0 0 0 0 0 0 0 0 0 0 0 0 0 0 0 0 0 0 0 0 0 0 0 0 0 0 0 0 0 0 0 0 0 0 0 0 0 0 0 0 0 0 0 0 0 0 0 0 0 0 0 0 0 0 0 0 0 0 0 0 0 0 0 0 0 0 0 0 0 0 0 0 0 0 0 0 0 0 0 0 0 0 0 0 0 0 0 0 0 0 0 0 0 0 0 0 0 0 0 0 0 0 0 0 0 0 0 0 0 0 0 0 0 0 0 0 0 0 0 0 0 0 0 0 0 0 0 0 0 0 0 0 0 0 0 0 0 0 0 0 0 0 0 0 0 0 0 0 0 0 0 0 0 0 0 0 0 0 0 0 0 0 0 0 0 0 0 0 0 0 0 0 0 0 0 0 0 0 0 0 0 0 0 0 0 0 0 0 0 0 0 0 0 0 0 0 0 0 0 0 0 0 0 0 0 0 0 0 0 0 0 0 0 0 0 0 0 0 0 0 0 0 0 0 0 0 0 0 0 0 0 0 0 0 0 0 0 0 0 0 0 0 0 0 0 0 0 0 0 0 0 0 0 0 0 0 0 0 0 0 0 0 0 0 0 0 0 0 0 0 0 0 0 0 0 0 0 0 0 0 0 0 0 0 0 0 0 0 0 0 0 0 0 0 0 0 0 0 0 0 0 0 0 0 0 0 0 0 0 0 0 0 0 0 0 0 0 0 0 0 0 0 0 0 0 0 0 0 0 0 0 0 0 0 0 0 0 0 0 0 0 0 0 0 0 0 0 0 0 0 0 0 0 0 0 0 0 0 0 0 0 0 0 0 0 0 0 0 0 0 0 0 0 0 0 0 0 0 0 0 0 0 0 0 0 0 0 0 0 0 0 0 0 0 0 0 0 0 0 0 0 0 0 0 0 0\nctxt 105066932\nbtime 1767127868\nprocesses 148795\nprocs_running 3\nprocs_blocked 0\nsoftirq 71973622 0 19034960 156 9162085 869 0 13408502 21837997 449 8528604" } }
{ "Site": 1, "Host": 0, "Run": 0, "Measurement": { "Timestamp": "2026-01-10T18:07:42.486412287Z", "Frequency": 5000000000, "System": "/proc/meminfo", "Measurement": "MemTotal: 3960648 kB\nMemFree: 415792 kB\nMemAvailable: 3227940 kB\nBuffers: 113884 kB\nCached: 2821652 kB\nSwapCached: 0 kB\nActive: 655712 kB\nInactive: 2501268 kB\nActive(anon): 220544 kB\nInactive(anon): 14524 kB\nActive(file): 435168 kB\nInactive(file): 2486744 kB\nUnevictable: 30896 kB\nMlocked: 27824 kB\nSwapTotal: 0 kB\nSwapFree: 0 kB\nZswap: 0 kB\nZswapped: 0 kB\nDirty: 244 kB\nWriteback: 0 kB\nAnonPages: 252220 kB\nMapped: 177628 kB\nShmem: 4560 kB\nKReclaimable: 187580 kB\nSlab: 281136 kB\nSReclaimable: 187580 kB\nSUnreclaim: 93556 kB\nKernelStack: 2912 kB\nPageTables: 4492 kB\nSecPageTables: 0 kB\nNFS_Unstable: 0 kB\nBounce: 0 kB\nWritebackTmp: 0 kB\nCommitLimit: 1980324 kB\nCommitted_AS: 891960 kB\nVmallocTotal: 34359738367 kB\nVmallocUsed: 37012 kB\nVmallocChunk: 0 kB\nPercpu: 5496 kB\nHardwareCorrupted: 0 kB\nAnonHugePages: 135168 kB\nShmemHugePages: 0 kB\nShmemPmdMapped: 0 kB\nFileHugePages: 0 kB\nFilePmdMapped: 0 kB\nUnaccepted: 0 kB\nHugePages_Total: 0\nHugePages_Free: 0\nHugePages_Rsvd: 0\nHugePages_Surp: 0\nHugepagesize: 2048 kB\nHugetlb: 0 kB\nDirectMap4k: 126156 kB\nDirectMap2M: 2967552 kB\nDirectMap1G: 3145728 kB" } }
{ "Site": 1, "Host": 0, "Run": 0, "Measurement": { "Timestamp": "2026-01-10T18:07:42.486412287Z", "Frequency": 5000000000, "System": "/proc/diskstats", "Measurement": " 7 0 loop0 278 0 5266 338 0 0 0 0 0 330 338 0 0 0 0 0 0\n 7 1 loop1 75 0 2508 40 0 0 0 0 0 36 40 0 0 0 0 0 0\n 7 2 loop2 92 0 3744 87 0 0 0 0 0 86 87 0 0 0 0 0 0\n 7 3 loop3 418 0 28930 29 0 0 0 0 0 33 29 0 0 0 0 0 0\n 7 4 loop4 10 0 20 0 0 0 0 0 0 1 0 0 0 0 0 0 0\n 7 5 loop5 0 0 0 0 0 0 0 0 0 0 0 0 0 0 0 0 0\n 7 6 loop6 0 0 0 0 0 0 0 0 0 0 0 0 0 0 0 0 0\n 7 7 loop7 0 0 0 0 0 0 0 0 0 0 0 0 0 0 0 0 0\n 8 0 sda 18851 4623 1415492 53128 1462357 1044780 42145146 7124987 0 1670717 8261013 160722 3245 111179500 515220 171349 567676\n 8 1 sda1 18441 2968 1392878 52978 1462343 1044772 42145040 7124960 0 1987440 7693157 160721 3244 110978224 515218 0 0\n 8 14 sda14 92 0 1232 22 0 0 0 0 0 25 22 0 0 0 0 0 0\n 8 15 sda15 182 1655 17670 78 2 0 2 0 0 63 81 1 1 201276 2 0 0\n 8 16 sdb 319 1 19490 98 233 1045 402016 18688 0 1194 18796 69 68 33069976 9 0 0\n 8 17 sdb1 110 1 6474 71 233 1045 402016 18688 0 1205 18769 69 68 33069976 9 0 0\n 11 0 sr0 78 0 560 15 0 0 0 0 0 12 15 0 0 0 0 0 0" } }
{ "Site": 1, "Host": 0, "Run": 0, "Measurement": { "Timestamp": "2026-01-10T18:07:42.486412287Z", "Frequency": 5000000000, "System": "/proc/net/dev", "Measurement": "Inter-| Receive | Transmit\n face |bytes packets errs drop fifo frame compressed multicast|bytes packets errs drop fifo colls carrier compressed\n lo: 4234537 29335 0 0 0 0 0 0 4234537 29335 0 0 0 0 0 0\n eth0: 1311525909 4196703 0 0 0 0 0 0 1376759326 6896723 0 0 0 0 0 0\ndocker0: 282754 4373 0 0 0 0 0 0 112467745 12612 0 0 0 0 0 0\nbr-490d867fe46d: 112 4 0 0 0 0 0 0 526 5 0 0 0 0 0 0" } }
{ "Site": 1, "Host": 0, "Run": 0, "Measurement": { "Timestamp": "2026-01-10T18:07:47.782374254Z", "Frequency": 5000000000, "System": "/proc/stat", "Measurement": "cpu 343695 7244 153022 187209697 168270 0 8838 0 0 0\ncpu0 163280 3645 59614 93628749 81830 0 5038 0 0 0\ncpu1 180415 3599 93407 93580947 86439 0 3800 0 0 0\nintr 74964989 0 0 0 0 2588 0 0 0 0 0 0 0 0 0 0 0 0 0 0 0 0 0 0 0 0 0 0 0 0 0 0 0 0 0 0 0 0 0 0 0 0 0 0 0 0 0 0 0 0 0 0 0 0 0 0 0 0 0 0 0 0 0 0 0 0 0 0 0 0 0 0 0 0 0 0 0 0 0 0 0 0 0 0 0 0 0 0 0 0 0 0 0 0 0 0 0 0 0 0 0 0 0 0 0 0 0 0 0 0 0 0 0 0 0 0 0 0 0 0 0 0 0 0 0 0 0 0 0 0 0 0 0 0 0 0 0 0 0 0 0 0 0 0 0 0 0 0 0 0 0 0 0 0 0 0 0 0 0 0 0 0 0 0 0 0 0 0 0 0 0 0 0 0 0 0 0 0 0 0 0 0 0 0 0 0 0 0 0 0 0 0 0 0 0 0 0 0 0 0 0 0 0 0 0 0 0 0 0 0 0 0 0 0 0 0 0 0 0 0 0 0 0 0 0 0 0 0 0 0 0 0 0 0 0 0 0 0 0 0 0 0 0 0 0 0 0 0 0 0 0 0 0 0 0 0 0 0 0 0 0 0 0 0 0 0 0 0 0 0 0 0 0 0 0 0 0 0 0 0 0 0 0 0 0 0 0 0 0 0 0 0 0 0 0 0 0 0 0 0 0 0 0 0 0 0 0 0 0 0 0 0 0 0 0 0 0 0 0 0 0 0 0 0 0 0 0 0 0 0 0 0 0 0 0 0 0 0 0 0 0 0 0 0 0 0 0 0 0 0 0 0 0 0 0 0 0 0 0 0 0 0 0 0 0 0 0 0 0 0 0 0 0 0 0 0 0 0 0 0 0 0 0 0 0 0 0 0 0 0 0 0 0 0 0 0 0 0 0 0 0 0 0 0 0 0 0 0 0 0 0 0 0 0 0 0 0 0 0 0 0 0 0 0 0 0 0 0 0 0 0 0 0 0 0 0 0 0 0 0 0\nctxt 105067976\nbtime 1767127868\nprocesses 148819\nprocs_running 3\nprocs_blocked 0\nsoftirq 71974772 0 19035230 156 9162203 869 0 13408552 21838169 449 8529144" } }
{ "Site": 1, "Host": 0, "Run": 0, "Measurement": { "Timestamp": "2026-01-10T18:07:47.782374254Z", "Frequency": 5000000000, "System": "/proc/meminfo", "Measurement": "MemTotal: 3960648 kB\nMemFree: 419856 kB\nMemAvailable: 3232008 kB\nBuffers: 113884 kB\nCached: 2821656 kB\nSwapCached: 0 kB\nActive: 655612 kB\nInactive: 2501272 kB\nActive(anon): 220444 kB\nInactive(anon): 14524 kB\nActive(file): 435168 kB\nInactive(file): 2486748 kB\nUnevictable: 30896 kB\nMlocked: 27824 kB\nSwapTotal: 0 kB\nSwapFree: 0 kB\nZswap: 0 kB\nZswapped: 0 kB\nDirty: 212 kB\nWriteback: 0 kB\nAnonPages: 252212 kB\nMapped: 177620 kB\nShmem: 4560 kB\nKReclaimable: 187580 kB\nSlab: 281112 kB\nSReclaimable: 187580 kB\nSUnreclaim: 93532 kB\nKernelStack: 2896 kB\nPageTables: 4440 kB\nSecPageTables: 0 kB\nNFS_Unstable: 0 kB\nBounce: 0 kB\nWritebackTmp: 0 kB\nCommitLimit: 1980324 kB\nCommitted_AS: 891960 kB\nVmallocTotal: 34359738367 kB\nVmallocUsed: 36996 kB\nVmallocChunk: 0 kB\nPercpu: 5496 kB\nHardwareCorrupted: 0 kB\nAnonHugePages: 135168 kB\nShmemHugePages: 0 kB\nShmemPmdMapped: 0 kB\nFileHugePages: 0 kB\nFilePmdMapped: 0 kB\nUnaccepted: 0 kB\nHugePages_Total: 0\nHugePages_Free: 0\nHugePages_Rsvd: 0\nHugePages_Surp: 0\nHugepagesize: 2048 kB\nHugetlb: 0 kB\nDirectMap4k: 126156 kB\nDirectMap2M: 2967552 kB\nDirectMap1G: 3145728 kB" } }
{ "Site": 1, "Host": 0, "Run": 0, "Measurement": { "Timestamp": "2026-01-10T18:07:47.782374254Z", "Frequency": 5000000000, "System": "/proc/diskstats", "Measurement": " 7 0 loop0 278 0 5266 338 0 0 0 0 0 330 338 0 0 0 0 0 0\n 7 1 loop1 75 0 2508 40 0 0 0 0 0 36 40 0 0 0 0 0 0\n 7 2 loop2 92 0 3744 87 0 0 0 0 0 86 87 0 0 0 0 0 0\n 7 3 loop3 418 0 28930 29 0 0 0 0 0 33 29 0 0 0 0 0 0\n 7 4 loop4 10 0 20 0 0 0 0 0 0 1 0 0 0 0 0 0 0\n 7 5 loop5 0 0 0 0 0 0 0 0 0 0 0 0 0 0 0 0 0\n 7 6 loop6 0 0 0 0 0 0 0 0 0 0 0 0 0 0 0 0 0\n 7 7 loop7 0 0 0 0 0 0 0 0 0 0 0 0 0 0 0 0 0\n 8 0 sda 18851 4623 1415492 53128 1462400 1044791 42145602 7125006 0 1670728 8261040 160723 3245 111179508 515223 171350 567681\n 8 1 sda1 18441 2968 1392878 52978 1462386 1044783 42145496 7124980 0 1987451 7693179 160722 3244 110978232 515221 0 0\n 8 14 sda14 92 0 1232 22 0 0 0 0 0 25 22 0 0 0 0 0 0\n 8 15 sda15 182 1655 17670 78 2 0 2 0 0 63 81 1 1 201276 2 0 0\n 8 16 sdb 319 1 19490 98 233 1045 402016 18688 0 1194 18796 69 68 33069976 9 0 0\n 8 17 sdb1 110 1 6474 71 233 1045 402016 18688 0 1205 18769 69 68 33069976 9 0 0\n 11 0 sr0 78 0 560 15 0 0 0 0 0 12 15 0 0 0 0 0 0" } }
{ "Site": 1, "Host": 0, "Run": 0, "Measurement": { "Timestamp": "2026-01-10T18:07:47.782374254Z", "Frequency": 5000000000, "System": "/proc/net/dev", "Measurement": "Inter-| Receive | Transmit\n face |bytes packets errs drop fifo frame compressed multicast|bytes packets errs drop fifo colls carrier compressed\n lo: 4234537 29335 0 0 0 0 0 0 4234537 29335 0 0 0 0 0 0\n eth0: 1311535119 4196763 0 0 0 0 0 0 1376774607 6896800 0 0 0 0 0 0\ndocker0: 282754 4373 0 0 0 0 0 0 112467745 12612 0 0 0 0 0 0\nbr-490d867fe46d: 112 4 0 0 0 0 0 0 526 5 0 0 0 0 0 0" } }
{ "Site": 1, "Host": 0, "Run": 0, "Measurement": { "Timestamp": "2026-01-10T18:07:53.063385678Z", "Frequency": 5000000000, "System": "/proc/stat", "Measurement": "cpu 344750 7244 153024 187209697 168270 0 8838 0 0 0\ncpu0 163808 3645 59614 93628749 81830 0 5038 0 0 0\ncpu1 180941 3599 93409 93580947 86439 0 3800 0 0 0\nintr 74975729 0 0 0 0 2588 0 0 0 0 0 0 0 0 0 0 0 0 0 0 0 0 0 0 0 0 0 0 0 0 0 0 0 0 0 0 0 0 0 0 0 0 0 0 0 0 0 0 0 0 0 0 0 0 0 0 0 0 0 0 0 0 0 0 0 0 0 0 0 0 0 0 0 0 0 0 0 0 0 0 0 0 0 0 0 0 0 0 0 0 0 0 0 0 0 0 0 0 0 0 0 0 0 0 0 0 0 0 0 0 0 0 0 0 0 0 0 0 0 0 0 0 0 0 0 0 0 0 0 0 0 0 0 0 0 0 0 0 0 0 0 0 0 0 0 0 0 0 0 0 0 0 0 0 0 0 0 0 0 0 0 0 0 0 0 0 0 0 0 0 0 0 0 0 0 0 0 0 0 0 0 0 0 0 0 0 0 0 0 0 0 0 0 0 0 0 0 0 0 0 0 0 0 0 0 0 0 0 0 0 0 0 0 0 0 0 0 0 0 0 0 0 0 0 0 0 0 0 0 0 0 0 0 0 0 0 0 0 0 0 0 0 0 0 0 0 0 0 0 0 0 0 0 0 0 0 0 0 0 0 0 0 0 0 0 0 0 0 0 0 0 0 0 0 0 0 0 0 0 0 0 0 0 0 0 0 0 0 0 0 0 0 0 0 0 0 0 0 0 0 0 0 0 0 0 0 0 0 0 0 0 0 0 0 0 0 0 0 0 0 0 0 0 0 0 0 0 0 0 0 0 0 0 0 0 0 0 0 0 0 0 0 0 0 0 0 0 0 0 0 0 0 0 0 0 0 0 0 0 0 0 0 0 0 0 0 0 0 0 0 0 0 0 0 0 0 0 0 0 0 0 0 0 0 0 0 0 0 0 0 0 0 0 0 0 0 0 0 0 0 0 0 0 0 0 0 0 0 0 0 0 0 0 0 0 0 0 0 0 0 0 0 0 0 0 0 0 0 0 0 0 0 0 0 0 0 0 0 0 0 0\nctxt 105068709\nbtime 1767127868\nprocesses 148837\nprocs_running 3\nprocs_blocked 0\nsoftirq 71975473 0 19035449 156 9162262 869 0 13408561 21838341 449 8529386" } }
{ "Site": 1, "Host": 0, "Run": 0, "Measurement": { "Timestamp": "2026-01-10T18:07:53.063385678Z", "Frequency": 5000000000, "System": "/proc/meminfo", "Measurement": "MemTotal: 3960648 kB\nMemFree: 418596 kB\nMemAvailable: 3230752 kB\nBuffers: 113884 kB\nCached: 2821660 kB\nSwapCached: 0 kB\nActive: 655712 kB\nInactive: 2501276 kB\nActive(anon): 220544 kB\nInactive(anon): 14524 kB\nActive(file): 435168 kB\nInactive(file): 2486752 kB\nUnevictable: 30896 kB\nMlocked: 27824 kB\nSwapTotal: 0 kB\nSwapFree: 0 kB\nZswap: 0 kB\nZswapped: 0 kB\nDirty: 244 kB\nWriteback: 0 kB\nAnonPages: 252180 kB\nMapped: 177620 kB\nShmem: 4560 kB\nKReclaimable: 187580 kB\nSlab: 281104 kB\nSReclaimable: 187580 kB\nSUnreclaim: 93524 kB\nKernelStack: 2896 kB\nPageTables: 4440 kB\nSecPageTables: 0 kB\nNFS_Unstable: 0 kB\nBounce: 0 kB\nWritebackTmp: 0 kB\nCommitLimit: 1980324 kB\nCommitted_AS: 891960 kB\nVmallocTotal: 34359738367 kB\nVmallocUsed: 36996 kB\nVmallocChunk: 0 kB\nPercpu: 5496 kB\nHardwareCorrupted: 0 kB\nAnonHugePages: 133120 kB\nShmemHugePages: 0 kB\nShmemPmdMapped: 0 kB\nFileHugePages: 0 kB\nFilePmdMapped: 0 kB\nUnaccepted: 0 kB\nHugePages_Total: 0\nHugePages_Free: 0\nHugePages_Rsvd: 0\nHugePages_Surp: 0\nHugepagesize: 2048 kB\nHugetlb: 0 kB\nDirectMap4k: 126156 kB\nDirectMap2M: 2967552 kB\nDirectMap1G: 3145728 kB" } }
{ "Site": 1, "Host": 0, "Run": 0, "Measurement": { "Timestamp": "2026-01-10T18:07:53.063385678Z", "Frequency": 5000000000, "System": "/proc/diskstats", "Measurement": " 7 0 loop0 278 0 5266 338 0 0 0 0 0 330 338 0 0 0 0 0 0\n 7 1 loop1 75 0 2508 40 0 0 0 0 0 36 40 0 0 0 0 0 0\n 7 2 loop2 92 0 3744 87 0 0 0 0 0 86 87 0 0 0 0 0 0\n 7 3 loop3 418 0 28930 29 0 0 0 0 0 33 29 0 0 0 0 0 0\n 7 4 loop4 10 0 20 0 0 0 0 0 0 1 0 0 0 0 0 0 0\n 7 5 loop5 0 0 0 0 0 0 0 0 0 0 0 0 0 0 0 0 0\n 7 6 loop6 0 0 0 0 0 0 0 0 0 0 0 0 0 0 0 0 0\n 7 7 loop7 0 0 0 0 0 0 0 0 0 0 0 0 0 0 0 0 0\n 8 0 sda 18851 4623 1415492 53128 1462404 1044800 42145714 7125012 0 1670736 8261051 160724 3245 111179516 515226 171351 567684\n 8 1 sda1 18441 2968 1392878 52978 1462390 1044792 42145608 7124985 0 1987459 7693187 160723 3244 110978240 515224 0 0\n 8 14 sda14 92 0 1232 22 0 0 0 0 0 25 22 0 0 0 0 0 0\n 8 15 sda15 182 1655 17670 78 2 0 2 0 0 63 81 1 1 201276 2 0 0\n 8 16 sdb 319 1 19490 98 233 1045 402016 18688 0 1194 18796 69 68 33069976 9 0 0\n 8 17 sdb1 110 1 6474 71 233 1045 402016 18688 0 1205 18769 69 68 33069976 9 0 0\n 11 0 sr0 78 0 560 15 0 0 0 0 0 12 15 0 0 0 0 0 0" } }
{ "Site": 1, "Host": 0, "Run": 0, "Measurement": { "Timestamp": "2026-01-10T18:07:53.063385678Z", "Frequency": 5000000000, "System": "/proc/net/dev", "Measurement": "Inter-| Receive | Transmit\n face |bytes packets errs drop fifo frame compressed multicast|bytes packets errs drop fifo colls carrier compressed\n lo: 4234537 29335 0 0 0 0 0 0 4234537 29335 0 0 0 0 0 0\n eth0: 1311539325 4196784 0 0 0 0 0 0 1376781504 6896844 0 0 0 0 0 0\ndocker0: 282754 4373 0 0 0 0 0 0 112467745 12612 0 0 0 0 0 0\nbr-490d867fe46d: 112 4 0 0 0 0 0 0 526 5 0 0 0 0 0 0" } }
{ "Site": 1, "Host": 0, "Run": 0, "Measurement": { "Timestamp": "2026-01-10T18:07:58.536399473Z", "Frequency": 5000000000, "System": "/proc/stat", "Measurement": "cpu 345842 7244 153025 187209697 168270 0 8839 0 0 0\ncpu0 164353 3645 59616 93628749 81830 0 5038 0 0 0\ncpu1 181489 3599 93409 93580947 86439 0 3800 0 0 0\nintr 74986852 0 0 0 0 2588 0 0 0 0 0 0 0 0 0 0 0 0 0 0 0 0 0 0 0 0 0 0 0 0 0 0 0 0 0 0 0 0 0 0 0 0 0 0 0 0 0 0 0 0 0 0 0 0 0 0 0 0 0 0 0 0 0 0 0 0 0 0 0 0 0 0 0 0 0 0 0 0 0 0 0 0 0 0 0 0 0 0 0 0 0 0 0 0 0 0 0 0 0 0 0 0 0 0 0 0 0 0 0 0 0 0 0 0 0 0 0 0 0 0 0 0 0 0 0 0 0 0 0 0 0 0 0 0 0 0 0 0 0 0 0 0 0 0 0 0 0 0 0 0 0 0 0 0 0 0 0 0 0 0 0 0 0 0 0 0 0 0 0 0 0 0 0 0 0 0 0 0 0 0 0 0 0 0 0 0 0 0 0 0 0 0 0 0 0 0 0 0 0 0 0 0 0 0 0 0 0 0 0 0 0 0 0 0 0 0 0 0 0 0 0 0 0 0 0 0 0 0 0 0 0 0 0 0 0 0 0 0 0 0 0 0 0 0 0 0 0 0 0 0 0 0 0 0 0 0 0 0 0 0 0 0 0 0 0 0 0 0 0 0 0 0 0 0 0 0 0 0 0 0 0 0 0 0 0 0 0 0 0 0 0 0 0 0 0 0 0 0 0 0 0 0 0 0 0 0 0 0 0 0 0 0 0 0 0 0 0 0 0 0 0 0 0 0 0 0 0 0 0 0 0 0 0 0 0 0 0 0 0 0 0 0 0 0 0 0 0 0 0 0 0 0 0 0 0 0 0 0 0 0 0 0 0 0 0 0 0 0 0 0 0 0 0 0 0 0 0 0 0 0 0 0 0 0 0 0 0 0 0 0 0 0 0 0 0 0 0 0 0 0 0 0 0 0 0 0 0 0 0 0 0 0 0 0 0 0 0 0 0 0 0 0 0 0 0 0 0 0 0 0 0 0 0 0 0 0 0 0 0 0 0\nctxt 105069564\nbtime 1767127868\nprocesses 148855\nprocs_running 3\nprocs_blocked 0\nsoftirq 71976164 0 19035640 156 9162313 869 0 13408577 21838523 449 8529637" } }
{ "Site": 1, "Host": 0, "Run": 0, "Measurement": { "Timestamp": "2026-01-10T18:07:58.536399473Z", "Frequency": 5000000000, "System": "/proc/meminfo", "Measurement": "MemTotal: 3960648 kB\nMemFree: 416580 kB\nMemAvailable: 3228740 kB\nBuffers: 113884 kB\nCached: 2821664 kB\nSwapCached: 0 kB\nActive: 655684 kB\nInactive: 2501280 kB\nActive(anon): 220516 kB\nInactive(anon): 14524 kB\nActive(file): 435168 kB\nInactive(file): 2486756 kB\nUnevictable: 30896 kB\nMlocked: 27824 kB\nSwapTotal: 0 kB\nSwapFree: 0 kB\nZswap: 0 kB\nZswapped: 0 kB\nDirty: 248 kB\nWriteback: 0 kB\nAnonPages: 252092 kB\nMapped: 177632 kB\nShmem: 4560 kB\nKReclaimable: 187580 kB\nSlab: 281104 kB\nSReclaimable: 187580 kB\nSUnreclaim: 93524 kB\nKernelStack: 2896 kB\nPageTables: 4444 kB\nSecPageTables: 0 kB\nNFS_Unstable: 0 kB\nBounce: 0 kB\nWritebackTmp: 0 kB\nCommitLimit: 1980324 kB\nCommitted_AS: 891960 kB\nVmallocTotal: 34359738367 kB\nVmallocUsed: 36980 kB\nVmallocChunk: 0 kB\nPercpu: 5496 kB\nHardwareCorrupted: 0 kB\nAnonHugePages: 133120 kB\nShmemHugePages: 0 kB\nShmemPmdMapped: 0 kB\nFileHugePages: 0 kB\nFilePmdMapped: 0 kB\nUnaccepted: 0 kB\nHugePages_Total: 0\nHugePages_Free: 0\nHugePages_Rsvd: 0\nHugePages_Surp: 0\nHugepagesize: 2048 kB\nHugetlb: 0 kB\nDirectMap4k: 126156 kB\nDirectMap2M: 2967552 kB\nDirectMap1G: 3145728 kB" } }
{ "Site": 1, "Host": 0, "Run": 0, "Measurement": { "Timestamp": "2026-01-10T18:07:58.536399473Z", "Frequency": 5000000000, "System": "/proc/diskstats", "Measurement": " 7 0 loop0 278 0 5266 338 0 0 0 0 0 330 338 0 0 0 0 0 0\n 7 1 loop1 75 0 2508 40 0 0 0 0 0 36 40 0 0 0 0 0 0\n 7 2 loop2 92 0 3744 87 0 0 0 0 0 86 87 0 0 0 0 0 0\n 7 3 loop3 418 0 28930 29 0 0 0 0 0 33 29 0 0 0 0 0 0\n 7 4 loop4 10 0 20 0 0 0 0 0 0 1 0 0 0 0 0 0 0\n 7 5 loop5 0 0 0 0 0 0 0 0 0 0 0 0 0 0 0 0 0\n 7 6 loop6 0 0 0 0 0 0 0 0 0 0 0 0 0 0 0 0 0\n 7 7 loop7 0 0 0 0 0 0 0 0 0 0 0 0 0 0 0 0 0\n 8 0 sda 18851 4623 1415492 53128 1462408 1044805 42145786 7125017 0 1670740 8261059 160724 3245 111179516 515226 171352 567686\n 8 1 sda1 18441 2968 1392878 52978 1462394 1044797 42145680 7124990 0 1987463 7693193 160723 3244 110978240 515224 0 0\n 8 14 sda14 92 0 1232 22 0 0 0 0 0 25 22 0 0 0 0 0 0\n 8 15 sda15 182 1655 17670 78 2 0 2 0 0 63 81 1 1 201276 2 0 0\n 8 16 sdb 319 1 19490 98 233 1045 402016 18688 0 1194 18796 69 68 33069976 9 0 0\n 8 17 sdb1 110 1 6474 71 233 1045 402016 18688 0 1205 18769 69 68 33069976 9 0 0\n 11 0 sr0 78 0 560 15 0 0 0 0 0 12 15 0 0 0 0 0 0" } }
{ "Site": 1, "Host": 0, "Run": 0, "Measurement": { "Timestamp": "2026-01-10T18:07:58.536399473Z", "Frequency": 5000000000, "System": "/proc/net/dev", "Measurement": "Inter-| Receive | Transmit\n face |bytes packets errs drop fifo frame compressed multicast|bytes packets errs drop fifo colls carrier compressed\n lo: 4234537 29335 0 0 0 0 0 0 4234537 29335 0 0 0 0 0 0\n eth0: 1311543465 4196804 0 0 0 0 0 0 1376788599 6896891 0 0 0 0 0 0\ndocker0: 282754 4373 0 0 0 0 0 0 112467745 12612 0 0 0 0 0 0\nbr-490d867fe46d: 112 4 0 0 0 0 0 0 526 5 0 0 0 0 0 0" } }
{ "Site": 1, "Host": 0, "Run": 0, "Measurement": { "Timestamp": "2026-01-10T18:08:04.009359210Z", "Frequency": 5000000000, "System": "/proc/stat", "Measurement": "cpu 346935 7244 153027 187209697 168270 0 8839 0 0 0\ncpu0 164900 3645 59616 93628749 81830 0 5039 0 0 0\ncpu1 182035 3599 93410 93580947 86439 0 3800 0 0 0\nintr 74997949 0 0 0 0 2588 0 0 0 0 0 0 0 0 0 0 0 0 0 0 0 0 0 0 0 0 0 0 0 0 0 0 0 0 0 0 0 0 0 0 0 0 0 0 0 0 0 0 0 0 0 0 0 0 0 0 0 0 0 0 0 0 0 0 0 0 0 0 0 0 0 0 0 0 0 0 0 0 0 0 0 0 0 0 0 0 0 0 0 0 0 0 0 0 0 0 0 0 0 0 0 0 0 0 0 0 0 0 0 0 0 0 0 0 0 0 0 0 0 0 0 0 0 0 0 0 0 0 0 0 0 0 0 0 0 0 0 0 0 0 0 0 0 0 0 0 0 0 0 0 0 0 0 0 0 0 0 0 0 0 0 0 0 0 0 0 0 0 0 0 0 0 0 0 0 0 0 0 0 0 0 0 0 0 0 0 0 0 0 0 0 0 0 0 0 0 0 0 0 0 0 0 0 0 0 0 0 0 0 0 0 0 0 0 0 0 0 0 0 0 0 0 0 0 0 0 0 0 0 0 0 0 0 0 0 0 0 0 0 0 0 0 0 0 0 0 0 0 0 0 0 0 0 0 0 0 0 0 0 0 0 0 0 0 0 0 0 0 0 0 0 0 0 0 0 0 0 0 0 0 0 0 0 0 0 0 0 0 0 0 0 0 0 0 0 0 0 0 0 0 0 0 0 0 0 0 0 0 0 0 0 0 0 0 0 0 0 0 0 0 0 0 0 0 0 0 0 0 0 0 0 0 0 0 0 0 0 0 0 0 0 0 0 0 0 0 0 0 0 0 0 0 0 0 0 0 0 0 0 0 0 0 0 0 0 0 0 0 0 0 0 0 0 0 0 0 0 0 0 0 0 0 0 0 0 0 0 0 0 0 0 0 0 0 0 0 0 0 0 0 0 0 0 0 0 0 0 0 0 0 0 0 0 0 0 0 0 0 0 0 0 0 0 0 0 0 0 0 0 0 0 0 0 0 0 0 0 0 0 0 0\nctxt 105070379\nbtime 1767127868\nprocesses 148873\nprocs_running 3\nprocs_blocked 0\nsoftirq 71976839 0 19035848 156 9162353 869 0 13408587 21838700 449 8529877" } }
